[student@workstation ~]$ lab manage-builds start

Checking prerequisites for GE: Managing Application Builds

 Checking local clone of the applications repository:
 · Folder '/home/student/DO288-apps' is a git repo.............  SUCCESS
 · Git repo '/home/student/DO288-apps' has no pending changes..  SUCCESS
 Verifying the OpenShift cluster is running:
 · Log in on OpenShift.........................................  FAIL

Cannot connect to the OpenShift Master API. Please check your network connectivity.
[student@workstation ~]$ oc login -u ${RHT_OCP4_DEV_USER} -p ${RHT_OCP4_DEV_PASSWORD} ${RHT_OCP4_MASTER_API}
Authentication required for https://api.ocp-eu2.prod.nextcle.com:6443 (openshift)
Username: -p
Password: 
[student@workstation ~]$ r^C
[student@workstation ~]$ source  /usr/local/etc/ocp4.config 
[student@workstation ~]$ oc login -u ${RHT_OCP4_DEV_USER} -p ${RHT_OCP4_DEV_PASSWORD} ${RHT_OCP4_MASTER_API}
Login successful.

You have access to the following projects and can switch between them with 'oc project <projectname>':

    hesham-el-mahdy-ibm-com-books-dev
    hesham-el-mahdy-ibm-com-books-stage
    hesham-el-mahdy-ibm-com-ci-cd
    hesham-el-mahdy-ibm-com-common
    hesham-el-mahdy-ibm-com-deploy-image
    hesham-el-mahdy-ibm-com-external-service
  * hesham-el-mahdy-ibm-com-quotes-dev

Using project "hesham-el-mahdy-ibm-com-quotes-dev".
[student@workstation ~]$ lab manage-builds start

Checking prerequisites for GE: Managing Application Builds

 Checking local clone of the applications repository:
 · Folder '/home/student/DO288-apps' is a git repo.............  SUCCESS
 · Git repo '/home/student/DO288-apps' has no pending changes..  SUCCESS
 Verifying the OpenShift cluster is running:
 · Log in on OpenShift.........................................  SUCCESS
 · Check master node ip-10-0-133-61.eu-central-1.compute.intern
   al is ready.................................................  SUCCESS
 · Check master node ip-10-0-144-113.eu-central-1.compute.inter
   nal is ready................................................  SUCCESS
 · Check master node ip-10-0-163-24.eu-central-1.compute.intern
   al is ready.................................................  SUCCESS
 · Check the internal registry is up and running...............  SUCCESS
 Checking required artifacts:
 · Module 'java' exists in classroom's Nexus...................  SUCCESS
 Checking for conflicts with existing OpenShift projects:
 · Project 'hesham-el-mahdy-ibm-com-manage-builds' is absent...  SUCCESS

Setting up the classroom for GE: Managing Application Builds

 · Download exercise files.....................................  SUCCESS

Overall start status...........................................  SUCCESS

[student@workstation ~]$ cd DO288-apps/
[student@workstation DO288-apps]$ ll
total 4
drwxrwxr-x. 2 student student  57 Apr 18 22:03 app-config
drwxrwxr-x. 9 student student 196 Apr 18 22:03 books
drwxrwxr-x. 2 student student  40 Apr 18 22:03 build-app
drwxrwxr-x. 3 student student  35 Apr 18 22:03 container-build
drwxrwxr-x. 2 student student  20 Apr 18 22:03 go-hello
drwxrwxr-x. 3 student student  57 Apr 18 22:03 hello-java
drwxrwxr-x. 2 student student  63 Apr 18 22:03 hello-world-nginx
drwxrwxr-x. 2 student student  24 Apr 18 22:03 html-helloworld
drwxrwxr-x. 3 student student  32 Apr 18 22:03 java-serverhost
drwxrwxr-x. 3 student student  32 Apr 18 22:03 micro-java
drwxrwxr-x. 3 student student  71 Apr 18 22:03 movies
drwxrwxr-x. 2 student student  62 Apr 18 22:03 nexus3
drwxrwxr-x. 2 student student  40 Apr 18 22:03 nodejs-helloworld
drwxrwxr-x. 2 student student  41 Apr 18 22:03 php-hello-dockerfile
drwxrwxr-x. 2 student student  23 Apr 18 22:03 php-helloworld
drwxrwxr-x. 2 student student  23 Apr 18 22:03 php-scale
drwxrwxr-x. 2 student student  23 Apr 18 22:03 post-commit
drwxrwxr-x. 2 student student  40 Apr 18 22:03 probes
drwxrwxr-x. 3 student student  32 Apr 18 22:03 quip
drwxrwxr-x. 2 student student  38 Apr 18 22:03 quotes
-rw-rw-r--. 1 student student 205 Apr 18 22:03 README.md
drwxrwxr-x. 3 student student  36 Apr 18 22:03 s2i-scripts
drwxrwxr-x. 2 student student  25 Apr 19 00:38 simple-pipeline
drwxrwxr-x. 3 student student  32 Apr 18 22:03 todo-api-micro
drwxrwxr-x. 4 student student  73 Apr 18 22:03 todo-backend
drwxrwxr-x. 3 student student  53 Apr 18 22:03 todo-frontend
drwxrwxr-x. 5 student student  85 Apr 18 22:03 todo-single
drwxrwxr-x. 2 student student  23 Apr 18 22:03 trigger-builds
drwxrwxr-x. 2 student student  24 Apr 18 22:03 ubi-echo
drwxrwxr-x. 2 student student  39 Apr 18 22:03 ubi-info
drwxrwxr-x. 2 student student  24 Apr 18 22:03 ubi-sleep
[student@workstation DO288-apps]$ git branch
  master
* simple-pipeline
[student@workstation DO288-apps]$ git branch -r
  origin/HEAD -> origin/master
  origin/app-config
  origin/apps-archive
  origin/container-build
  origin/custom-pipeline
  origin/dependabot/npm_and_yarn/books/eslint-utils-1.4.3
  origin/dependabot/npm_and_yarn/books/lodash-4.17.15
  origin/dkolepp/ch9s6
  origin/dkolepp/nexus3
  origin/docker-build
  origin/jordisola/ch10-review
  origin/master
  origin/review-dockerfile
  origin/simple-pipeline
  origin/source-build
[student@workstation DO288-apps]$ 
[student@workstation DO288-apps]$ git checkout -b manage-builds
Switched to a new branch 'manage-builds'
[student@workstation DO288-apps]$ git push -u origin manage-builds 
Username for 'https://github.com': elmahdyh
Password for 'https://elmahdyh@github.com': 
Total 0 (delta 0), reused 0 (delta 0)
remote: 
remote: Create a pull request for 'manage-builds' on GitHub by visiting:
remote:      https://github.com/elmahdyh/DO288-apps/pull/new/manage-builds
remote: 
To https://github.com/elmahdyh/DO288-apps
 * [new branch]      manage-builds -> manage-builds
Branch manage-builds set up to track remote branch manage-builds from origin.
[student@workstation DO288-apps]$ cd java-serverhost/src/main/java/com/redhat/training/example/javaserverhost/rest/
[student@workstation rest]$ cat 
RestApplication.java     ServerHostEndPoint.java  
[student@workstation rest]$ cat ServerHostEndPoint.java 
package com.redhat.training.example.javaserverhost.rest;

import javax.ws.rs.Path;
import javax.ws.rs.core.Response;
import javax.ws.rs.GET;
import javax.ws.rs.Produces;
import java.net.InetAddress;

@Path("/")
public class ServerHostEndPoint {

  @GET
  @Produces("text/plain")
  public Response doGet() {
    String host = "";
    try {
      host = InetAddress.getLocalHost().getHostName();
    }
    catch (Exception e) {
       e.printStackTrace();
    }
    String msg = "I am running on server "+host+" Version 1.0 \n";
    return Response.ok(msg).build();
  }
}

[student@workstation rest]$ oc new-project ${RHT_OCP4_DEV_USER}-manage-builds
Now using project "hesham-el-mahdy-ibm-com-manage-builds" on server "https://api.ocp-eu2.prod.nextcle.com:6443".

You can add applications to this project with the 'new-app' command. For example, try:

    oc new-app django-psql-example

to build a new example application in Python. Or use kubectl to deploy a simple Kubernetes application:

    kubectl create deployment hello-node --image=gcr.io/hello-minikube-zero-install/hello-node

[student@workstation rest]$ oc get pods
No resources found.
[student@workstation rest]$ oc get all



No resources found.
[student@workstation rest]$ 
[student@workstation rest]$ 
[student@workstation rest]$ 
[student@workstation rest]$ oc new-app --name jhost --build-env MAVEN_MIRROR_URL=http://${RHT_OCP4_NEXUS_SERVER}/repository/java -i redhat-openjdk18-openshift:1.5 https://github.com/${RHT_OCP4_GITHUB_USER}/DO288-apps#manage-builds --context-dir java-serverhost
--> Found image c1bf724 (18 months old) in image stream "openshift/redhat-openjdk18-openshift" under tag "1.5" for "redhat-openjdk18-openshift:1.5"

    Java Applications 
    ----------------- 
    Platform for building and running plain Java applications (fat-jar and flat classpath)

    Tags: builder, java

    * The source repository appears to match: jee
    * A source build using source code from https://github.com/elmahdyh/DO288-apps#manage-builds will be created
      * The resulting image will be pushed to image stream tag "jhost:latest"
      * Use 'oc start-build' to trigger a new build
    * This image will be deployed in deployment config "jhost"
    * Ports 8080/tcp, 8443/tcp, 8778/tcp will be load balanced by service "jhost"
      * Other containers can access this service through the hostname "jhost"

--> Creating resources ...
    imagestream.image.openshift.io "jhost" created
    buildconfig.build.openshift.io "jhost" created
    deploymentconfig.apps.openshift.io "jhost" created
    service "jhost" created
--> Success
    Build scheduled, use 'oc logs -f bc/jhost' to track its progress.
    Application is not exposed. You can expose services to the outside world by executing one or more of the commands below:
     'oc expose svc/jhost' 
    Run 'oc status' to view your app.
[student@workstation rest]$ 
[student@workstation rest]$ 
[student@workstation rest]$ 
[student@workstation rest]$ oc get all
NAME                READY   STATUS     RESTARTS   AGE
pod/jhost-1-build   0/1     Init:0/2   0          9s

NAME            TYPE        CLUSTER-IP      EXTERNAL-IP   PORT(S)                      AGE
service/jhost   ClusterIP   172.30.136.40   <none>        8080/TCP,8443/TCP,8778/TCP   9s

NAME                                       REVISION   DESIRED   CURRENT   TRIGGERED BY
deploymentconfig.apps.openshift.io/jhost   0          1         0         config,image(jhost:latest)

NAME                                   TYPE     FROM                LATEST
buildconfig.build.openshift.io/jhost   Source   Git@manage-builds   1

NAME                               TYPE     FROM                STATUS    STARTED   DURATION
build.build.openshift.io/jhost-1   Source   Git@manage-builds   Pending             

NAME                                   IMAGE REPOSITORY                                                                                                   TAGS   UPDATED
imagestream.image.openshift.io/jhost   default-route-openshift-image-registry.apps.ocp-eu2.prod.nextcle.com/hesham-el-mahdy-ibm-com-manage-builds/jhost          
[student@workstation rest]$ 
[student@workstation rest]$ 
[student@workstation rest]$ oc get pods
NAME            READY   STATUS    RESTARTS   AGE
jhost-1-build   1/1     Running   0          84s
[student@workstation rest]$ oc logs -f bc/jhost
Cloning "https://github.com/elmahdyh/DO288-apps" ...
	Commit:	ee9cf0c15184514ad3775a5dd4da832a28480eda (Completed Jenkinsfile)
	Author:	Student User <student@workstation.lab.example.com>
	Date:	Tue Mar 3 08:23:25 2020 +0000
Caching blobs under "/var/cache/blobs".
Getting image source signatures
Copying blob sha256:e17262bc23414bd3c0e9808ad7a87b055fe5afec386da42115a839ea2083d233
Copying blob sha256:f4350d5126d0895bb50c2c082a415ff417578d34508a0ef07ec20cebf661ebb7
Copying blob sha256:378837c0e24ad4a2e33f0eb3d68dc0c31d9a7dbbd5357d4acafec1d3a7930602
Copying blob sha256:8d9c78c7f9887170d08c57ec73b21e469b4120682a2e82883217535294878c5d
Copying blob sha256:ff675fb12750095d377db23232ae2b63df8026ecf3008fcbe5c82431773e573a
Copying config sha256:c1bf72469139cd567ebc2b432f68e99a592e29bc7fc688ae81e846be9a21c816
Writing manifest to image destination
Storing signatures
Generating dockerfile with builder image image-registry.openshift-image-registry.svc:5000/openshift/redhat-openjdk18-openshift@sha256:78af15475eac13d2ff439b33a9c3bdd39147858a824c420e8042fd5f35adce15
STEP 1: FROM image-registry.openshift-image-registry.svc:5000/openshift/redhat-openjdk18-openshift@sha256:78af15475eac13d2ff439b33a9c3bdd39147858a824c420e8042fd5f35adce15
STEP 2: LABEL "io.openshift.build.commit.message"="Completed Jenkinsfile" "io.openshift.build.source-location"="https://github.com/elmahdyh/DO288-apps" "io.openshift.build.source-context-dir"="java-serverhost" "io.openshift.build.image"="image-registry.openshift-image-registry.svc:5000/openshift/redhat-openjdk18-openshift@sha256:78af15475eac13d2ff439b33a9c3bdd39147858a824c420e8042fd5f35adce15" "io.openshift.build.commit.author"="Student User <student@workstation.lab.example.com>" "io.openshift.build.commit.date"="Tue Mar 3 08:23:25 2020 +0000" "io.openshift.build.commit.id"="ee9cf0c15184514ad3775a5dd4da832a28480eda" "io.openshift.build.commit.ref"="manage-builds"
STEP 3: ENV OPENSHIFT_BUILD_NAME="jhost-1" OPENSHIFT_BUILD_NAMESPACE="hesham-el-mahdy-ibm-com-manage-builds" OPENSHIFT_BUILD_SOURCE="https://github.com/elmahdyh/DO288-apps" OPENSHIFT_BUILD_REFERENCE="manage-builds" OPENSHIFT_BUILD_COMMIT="ee9cf0c15184514ad3775a5dd4da832a28480eda" MAVEN_MIRROR_URL="http://nexus-common.apps.ocp-eu2.prod.nextcle.com/repository/java"
STEP 4: USER root
STEP 5: COPY upload/src /tmp/src
STEP 6: RUN chown -R 185:0 /tmp/src
time="2020-04-27T23:32:25Z" level=warning msg="pkg/chroot: error unmounting \"/tmp/buildah315624225/mnt/rootfs\": error checking if \"/tmp/buildah315624225/mnt/rootfs/sys/fs/cgroup/hugetlb\" is mounted: no such file or directory"
time="2020-04-27T23:32:25Z" level=warning msg="pkg/bind: error unmounting \"/tmp/buildah315624225/mnt/rootfs\": error checking if \"/tmp/buildah315624225/mnt/rootfs/sys/fs/cgroup/hugetlb\" is mounted: no such file or directory"
STEP 7: USER 185
STEP 8: RUN /usr/local/s2i/assemble
==================================================================
Starting S2I Java Build .....
Maven build detected
Initialising default settings /tmp/artifacts/configuration/settings.xml
Setting MAVEN_OPTS to -Xms192m -Xmx768m -XX:+UseParallelOldGC -XX:+UnlockExperimentalVMOptions -XX:+UseCGroupMemoryLimitForHeap -XX:MinHeapFreeRatio=10 -XX:MaxHeapFreeRatio=20 -XX:GCTimeRatio=4 -XX:AdaptiveSizePolicyWeight=90 -XX:MaxMetaspaceSize=100m -XX:ParallelGCThreads=1 -Djava.util.concurrent.ForkJoinPool.common.parallelism=1 -XX:CICompilerCount=2 -XX:+ExitOnOutOfMemoryError
Found pom.xml ... 
Running 'mvn -Dmaven.repo.local=/tmp/artifacts/m2 -s /tmp/artifacts/configuration/settings.xml -e -Popenshift -DskipTests -Dcom.redhat.xpaas.repo.redhatga -Dfabric8.skip=true package --batch-mode -Djava.net.preferIPv4Stack=true '
Apache Maven 3.5.0 (Red Hat 3.5.0-4.3)
Maven home: /opt/rh/rh-maven35/root/usr/share/maven
Java version: 1.8.0_191, vendor: Oracle Corporation
Java home: /usr/lib/jvm/java-1.8.0-openjdk-1.8.0.191.b12-0.el7_5.x86_64/jre
Default locale: en_US, platform encoding: ANSI_X3.4-1968
OS name: "linux", version: "4.18.0-147.5.1.el8_1.x86_64", arch: "amd64", family: "unix"
[INFO] Error stacktraces are turned on.
[INFO] Scanning for projects...
[INFO] Downloading: http://nexus-common.apps.ocp-eu2.prod.nextcle.com/repository/java/io/thorntail/bom-all/2.4.0.Final/bom-all-2.4.0.Final.pom
[INFO] Downloaded: http://nexus-common.apps.ocp-eu2.prod.nextcle.com/repository/java/io/thorntail/bom-all/2.4.0.Final/bom-all-2.4.0.Final.pom (17 kB at 25 kB/s)
[INFO] Downloading: http://nexus-common.apps.ocp-eu2.prod.nextcle.com/repository/java/io/thorntail/parent/11/parent-11.pom
[INFO] Downloaded: http://nexus-common.apps.ocp-eu2.prod.nextcle.com/repository/java/io/thorntail/parent/11/parent-11.pom (4.8 kB at 56 kB/s)
[INFO] Downloading: http://nexus-common.apps.ocp-eu2.prod.nextcle.com/repository/java/org/jboss/jboss-parent/31/jboss-parent-31.pom
[INFO] Downloaded: http://nexus-common.apps.ocp-eu2.prod.nextcle.com/repository/java/org/jboss/jboss-parent/31/jboss-parent-31.pom (35 kB at 1.3 MB/s)
[INFO] Downloading: http://nexus-common.apps.ocp-eu2.prod.nextcle.com/repository/java/org/jboss/shrinkwrap/shrinkwrap-bom/1.2.6/shrinkwrap-bom-1.2.6.pom
[INFO] Downloaded: http://nexus-common.apps.ocp-eu2.prod.nextcle.com/repository/java/org/jboss/shrinkwrap/shrinkwrap-bom/1.2.6/shrinkwrap-bom-1.2.6.pom (4.0 kB at 173 kB/s)
[INFO] Downloading: http://nexus-common.apps.ocp-eu2.prod.nextcle.com/repository/java/org/jboss/shrinkwrap/descriptors/shrinkwrap-descriptors-bom/2.0.0/shrinkwrap-descriptors-bom-2.0.0.pom
[INFO] Downloaded: http://nexus-common.apps.ocp-eu2.prod.nextcle.com/repository/java/org/jboss/shrinkwrap/descriptors/shrinkwrap-descriptors-bom/2.0.0/shrinkwrap-descriptors-bom-2.0.0.pom (5.2 kB at 66 kB/s)
[INFO] 
[INFO] ------------------------------------------------------------------------
[INFO] Building Thorntail Example 1.0.0-SNAPSHOT
[INFO] ------------------------------------------------------------------------
[INFO] Downloading: http://nexus-common.apps.ocp-eu2.prod.nextcle.com/repository/java/io/thorntail/thorntail-maven-plugin/2.4.0.Final/thorntail-maven-plugin-2.4.0.Final.pom
[INFO] Downloaded: http://nexus-common.apps.ocp-eu2.prod.nextcle.com/repository/java/io/thorntail/thorntail-maven-plugin/2.4.0.Final/thorntail-maven-plugin-2.4.0.Final.pom (2.8 kB at 101 kB/s)
[INFO] Downloading: http://nexus-common.apps.ocp-eu2.prod.nextcle.com/repository/java/io/thorntail/build-parent/2.4.0.Final/build-parent-2.4.0.Final.pom
[INFO] Downloaded: http://nexus-common.apps.ocp-eu2.prod.nextcle.com/repository/java/io/thorntail/build-parent/2.4.0.Final/build-parent-2.4.0.Final.pom (31 kB at 332 kB/s)
[INFO] Downloading: http://nexus-common.apps.ocp-eu2.prod.nextcle.com/repository/java/io/thorntail/thorntail/2.4.0.Final/thorntail-2.4.0.Final.pom
[INFO] Downloaded: http://nexus-common.apps.ocp-eu2.prod.nextcle.com/repository/java/io/thorntail/thorntail/2.4.0.Final/thorntail-2.4.0.Final.pom (45 kB at 508 kB/s)
[INFO] Downloading: http://nexus-common.apps.ocp-eu2.prod.nextcle.com/repository/java/org/wildfly/core/wildfly-core-parent/7.0.0.Final/wildfly-core-parent-7.0.0.Final.pom
[INFO] Downloaded: http://nexus-common.apps.ocp-eu2.prod.nextcle.com/repository/java/org/wildfly/core/wildfly-core-parent/7.0.0.Final/wildfly-core-parent-7.0.0.Final.pom (92 kB at 961 kB/s)
[INFO] Downloading: http://nexus-common.apps.ocp-eu2.prod.nextcle.com/repository/java/org/jboss/jboss-parent/29/jboss-parent-29.pom
[INFO] Downloaded: http://nexus-common.apps.ocp-eu2.prod.nextcle.com/repository/java/org/jboss/jboss-parent/29/jboss-parent-29.pom (34 kB at 424 kB/s)
[INFO] Downloading: http://nexus-common.apps.ocp-eu2.prod.nextcle.com/repository/java/org/jboss/arquillian/arquillian-bom/1.1.15.Final/arquillian-bom-1.1.15.Final.pom
[INFO] Downloaded: http://nexus-common.apps.ocp-eu2.prod.nextcle.com/repository/java/org/jboss/arquillian/arquillian-bom/1.1.15.Final/arquillian-bom-1.1.15.Final.pom (9.1 kB at 107 kB/s)
[INFO] Downloading: http://nexus-common.apps.ocp-eu2.prod.nextcle.com/repository/java/org/jboss/shrinkwrap/resolver/shrinkwrap-resolver-bom/2.2.6/shrinkwrap-resolver-bom-2.2.6.pom
[INFO] Downloaded: http://nexus-common.apps.ocp-eu2.prod.nextcle.com/repository/java/org/jboss/shrinkwrap/resolver/shrinkwrap-resolver-bom/2.2.6/shrinkwrap-resolver-bom-2.2.6.pom (5.3 kB at 63 kB/s)
[INFO] Downloading: http://nexus-common.apps.ocp-eu2.prod.nextcle.com/repository/java/org/wildfly/wildfly-parent/15.0.1.Final/wildfly-parent-15.0.1.Final.pom
[INFO] Downloaded: http://nexus-common.apps.ocp-eu2.prod.nextcle.com/repository/java/org/wildfly/wildfly-parent/15.0.1.Final/wildfly-parent-15.0.1.Final.pom (353 kB at 4.1 MB/s)
[INFO] Downloading: http://nexus-common.apps.ocp-eu2.prod.nextcle.com/repository/java/io/thorntail/thorntail-maven-plugin/2.4.0.Final/thorntail-maven-plugin-2.4.0.Final.jar
[INFO] Downloaded: http://nexus-common.apps.ocp-eu2.prod.nextcle.com/repository/java/io/thorntail/thorntail-maven-plugin/2.4.0.Final/thorntail-maven-plugin-2.4.0.Final.jar (78 kB at 1.6 MB/s)
[INFO] Downloading: http://nexus-common.apps.ocp-eu2.prod.nextcle.com/repository/java/org/apache/maven/plugins/maven-resources-plugin/2.6/maven-resources-plugin-2.6.pom
[INFO] Downloaded: http://nexus-common.apps.ocp-eu2.prod.nextcle.com/repository/java/org/apache/maven/plugins/maven-resources-plugin/2.6/maven-resources-plugin-2.6.pom (8.1 kB at 95 kB/s)
[INFO] Downloading: http://nexus-common.apps.ocp-eu2.prod.nextcle.com/repository/java/org/apache/maven/plugins/maven-plugins/23/maven-plugins-23.pom
[INFO] Downloaded: http://nexus-common.apps.ocp-eu2.prod.nextcle.com/repository/java/org/apache/maven/plugins/maven-plugins/23/maven-plugins-23.pom (9.2 kB at 101 kB/s)
[INFO] Downloading: http://nexus-common.apps.ocp-eu2.prod.nextcle.com/repository/java/org/apache/maven/maven-parent/22/maven-parent-22.pom
[INFO] Downloaded: http://nexus-common.apps.ocp-eu2.prod.nextcle.com/repository/java/org/apache/maven/maven-parent/22/maven-parent-22.pom (30 kB at 541 kB/s)
[INFO] Downloading: http://nexus-common.apps.ocp-eu2.prod.nextcle.com/repository/java/org/apache/apache/11/apache-11.pom
[INFO] Downloaded: http://nexus-common.apps.ocp-eu2.prod.nextcle.com/repository/java/org/apache/apache/11/apache-11.pom (15 kB at 192 kB/s)
[INFO] Downloading: http://nexus-common.apps.ocp-eu2.prod.nextcle.com/repository/java/org/apache/maven/plugins/maven-resources-plugin/2.6/maven-resources-plugin-2.6.jar
[INFO] Downloaded: http://nexus-common.apps.ocp-eu2.prod.nextcle.com/repository/java/org/apache/maven/plugins/maven-resources-plugin/2.6/maven-resources-plugin-2.6.jar (30 kB at 1.2 MB/s)
[INFO] Downloading: http://nexus-common.apps.ocp-eu2.prod.nextcle.com/repository/java/org/apache/maven/plugins/maven-compiler-plugin/3.1/maven-compiler-plugin-3.1.pom
[INFO] Downloaded: http://nexus-common.apps.ocp-eu2.prod.nextcle.com/repository/java/org/apache/maven/plugins/maven-compiler-plugin/3.1/maven-compiler-plugin-3.1.pom (10 kB at 444 kB/s)
[INFO] Downloading: http://nexus-common.apps.ocp-eu2.prod.nextcle.com/repository/java/org/apache/maven/plugins/maven-plugins/24/maven-plugins-24.pom
[INFO] Downloaded: http://nexus-common.apps.ocp-eu2.prod.nextcle.com/repository/java/org/apache/maven/plugins/maven-plugins/24/maven-plugins-24.pom (11 kB at 432 kB/s)
[INFO] Downloading: http://nexus-common.apps.ocp-eu2.prod.nextcle.com/repository/java/org/apache/maven/maven-parent/23/maven-parent-23.pom
[INFO] Downloaded: http://nexus-common.apps.ocp-eu2.prod.nextcle.com/repository/java/org/apache/maven/maven-parent/23/maven-parent-23.pom (33 kB at 858 kB/s)
[INFO] Downloading: http://nexus-common.apps.ocp-eu2.prod.nextcle.com/repository/java/org/apache/apache/13/apache-13.pom
[INFO] Downloaded: http://nexus-common.apps.ocp-eu2.prod.nextcle.com/repository/java/org/apache/apache/13/apache-13.pom (14 kB at 932 kB/s)
[INFO] Downloading: http://nexus-common.apps.ocp-eu2.prod.nextcle.com/repository/java/org/apache/maven/plugins/maven-compiler-plugin/3.1/maven-compiler-plugin-3.1.jar
[INFO] Downloaded: http://nexus-common.apps.ocp-eu2.prod.nextcle.com/repository/java/org/apache/maven/plugins/maven-compiler-plugin/3.1/maven-compiler-plugin-3.1.jar (43 kB at 524 kB/s)
[INFO] Downloading: http://nexus-common.apps.ocp-eu2.prod.nextcle.com/repository/java/org/apache/maven/plugins/maven-surefire-plugin/2.12.4/maven-surefire-plugin-2.12.4.pom
[INFO] Downloaded: http://nexus-common.apps.ocp-eu2.prod.nextcle.com/repository/java/org/apache/maven/plugins/maven-surefire-plugin/2.12.4/maven-surefire-plugin-2.12.4.pom (10 kB at 94 kB/s)
[INFO] Downloading: http://nexus-common.apps.ocp-eu2.prod.nextcle.com/repository/java/org/apache/maven/surefire/surefire/2.12.4/surefire-2.12.4.pom
[INFO] Downloaded: http://nexus-common.apps.ocp-eu2.prod.nextcle.com/repository/java/org/apache/maven/surefire/surefire/2.12.4/surefire-2.12.4.pom (14 kB at 166 kB/s)
[INFO] Downloading: http://nexus-common.apps.ocp-eu2.prod.nextcle.com/repository/java/org/apache/maven/plugins/maven-surefire-plugin/2.12.4/maven-surefire-plugin-2.12.4.jar
[INFO] Downloaded: http://nexus-common.apps.ocp-eu2.prod.nextcle.com/repository/java/org/apache/maven/plugins/maven-surefire-plugin/2.12.4/maven-surefire-plugin-2.12.4.jar (30 kB at 1.1 MB/s)
[INFO] Downloading: http://nexus-common.apps.ocp-eu2.prod.nextcle.com/repository/java/org/apache/maven/plugins/maven-war-plugin/2.2/maven-war-plugin-2.2.pom
[INFO] Downloaded: http://nexus-common.apps.ocp-eu2.prod.nextcle.com/repository/java/org/apache/maven/plugins/maven-war-plugin/2.2/maven-war-plugin-2.2.pom (6.5 kB at 308 kB/s)
[INFO] Downloading: http://nexus-common.apps.ocp-eu2.prod.nextcle.com/repository/java/org/apache/maven/plugins/maven-plugins/22/maven-plugins-22.pom
[INFO] Downloaded: http://nexus-common.apps.ocp-eu2.prod.nextcle.com/repository/java/org/apache/maven/plugins/maven-plugins/22/maven-plugins-22.pom (13 kB at 931 kB/s)
[INFO] Downloading: http://nexus-common.apps.ocp-eu2.prod.nextcle.com/repository/java/org/apache/maven/maven-parent/21/maven-parent-21.pom
[INFO] Downloaded: http://nexus-common.apps.ocp-eu2.prod.nextcle.com/repository/java/org/apache/maven/maven-parent/21/maven-parent-21.pom (26 kB at 447 kB/s)
[INFO] Downloading: http://nexus-common.apps.ocp-eu2.prod.nextcle.com/repository/java/org/apache/apache/10/apache-10.pom
[INFO] Downloaded: http://nexus-common.apps.ocp-eu2.prod.nextcle.com/repository/java/org/apache/apache/10/apache-10.pom (15 kB at 218 kB/s)
[INFO] Downloading: http://nexus-common.apps.ocp-eu2.prod.nextcle.com/repository/java/org/apache/maven/plugins/maven-war-plugin/2.2/maven-war-plugin-2.2.jar
[INFO] Downloaded: http://nexus-common.apps.ocp-eu2.prod.nextcle.com/repository/java/org/apache/maven/plugins/maven-war-plugin/2.2/maven-war-plugin-2.2.jar (79 kB at 884 kB/s)
[INFO] Downloading: http://nexus-common.apps.ocp-eu2.prod.nextcle.com/repository/java/io/thorntail/cdi/2.4.0.Final/cdi-2.4.0.Final.pom
[INFO] Downloaded: http://nexus-common.apps.ocp-eu2.prod.nextcle.com/repository/java/io/thorntail/cdi/2.4.0.Final/cdi-2.4.0.Final.pom (3.6 kB at 68 kB/s)
[INFO] Downloading: http://nexus-common.apps.ocp-eu2.prod.nextcle.com/repository/java/io/thorntail/container/2.4.0.Final/container-2.4.0.Final.pom
[INFO] Downloaded: http://nexus-common.apps.ocp-eu2.prod.nextcle.com/repository/java/io/thorntail/container/2.4.0.Final/container-2.4.0.Final.pom (7.6 kB at 400 kB/s)
[INFO] Downloading: http://nexus-common.apps.ocp-eu2.prod.nextcle.com/repository/java/io/thorntail/spi/2.4.0.Final/spi-2.4.0.Final.pom
[INFO] Downloaded: http://nexus-common.apps.ocp-eu2.prod.nextcle.com/repository/java/io/thorntail/spi/2.4.0.Final/spi-2.4.0.Final.pom (2.5 kB at 31 kB/s)
[INFO] Downloading: http://nexus-common.apps.ocp-eu2.prod.nextcle.com/repository/java/org/jboss/shrinkwrap/shrinkwrap-api/1.2.6/shrinkwrap-api-1.2.6.pom
[INFO] Downloaded: http://nexus-common.apps.ocp-eu2.prod.nextcle.com/repository/java/org/jboss/shrinkwrap/shrinkwrap-api/1.2.6/shrinkwrap-api-1.2.6.pom (3.1 kB at 119 kB/s)
[INFO] Downloading: http://nexus-common.apps.ocp-eu2.prod.nextcle.com/repository/java/org/jboss/shrinkwrap/shrinkwrap-parent/1.2.6/shrinkwrap-parent-1.2.6.pom
[INFO] Downloaded: http://nexus-common.apps.ocp-eu2.prod.nextcle.com/repository/java/org/jboss/shrinkwrap/shrinkwrap-parent/1.2.6/shrinkwrap-parent-1.2.6.pom (11 kB at 350 kB/s)
[INFO] Downloading: http://nexus-common.apps.ocp-eu2.prod.nextcle.com/repository/java/org/jboss/jboss-parent/19/jboss-parent-19.pom
[INFO] Downloaded: http://nexus-common.apps.ocp-eu2.prod.nextcle.com/repository/java/org/jboss/jboss-parent/19/jboss-parent-19.pom (32 kB at 1.8 MB/s)
[INFO] Downloading: http://nexus-common.apps.ocp-eu2.prod.nextcle.com/repository/java/org/jboss/shrinkwrap/shrinkwrap-impl-base/1.2.6/shrinkwrap-impl-base-1.2.6.pom
[INFO] Downloaded: http://nexus-common.apps.ocp-eu2.prod.nextcle.com/repository/java/org/jboss/shrinkwrap/shrinkwrap-impl-base/1.2.6/shrinkwrap-impl-base-1.2.6.pom (4.0 kB at 51 kB/s)
[INFO] Downloading: http://nexus-common.apps.ocp-eu2.prod.nextcle.com/repository/java/org/jboss/shrinkwrap/shrinkwrap-spi/1.2.6/shrinkwrap-spi-1.2.6.pom
[INFO] Downloaded: http://nexus-common.apps.ocp-eu2.prod.nextcle.com/repository/java/org/jboss/shrinkwrap/shrinkwrap-spi/1.2.6/shrinkwrap-spi-1.2.6.pom (1.3 kB at 63 kB/s)
[INFO] Downloading: http://nexus-common.apps.ocp-eu2.prod.nextcle.com/repository/java/org/jboss/shrinkwrap/descriptors/shrinkwrap-descriptors-api-jboss/2.0.0/shrinkwrap-descriptors-api-jboss-2.0.0.pom
[INFO] Downloaded: http://nexus-common.apps.ocp-eu2.prod.nextcle.com/repository/java/org/jboss/shrinkwrap/descriptors/shrinkwrap-descriptors-api-jboss/2.0.0/shrinkwrap-descriptors-api-jboss-2.0.0.pom (1.3 kB at 61 kB/s)
[INFO] Downloading: http://nexus-common.apps.ocp-eu2.prod.nextcle.com/repository/java/org/jboss/shrinkwrap/descriptors/shrinkwrap-descriptors-parent/2.0.0/shrinkwrap-descriptors-parent-2.0.0.pom
[INFO] Downloaded: http://nexus-common.apps.ocp-eu2.prod.nextcle.com/repository/java/org/jboss/shrinkwrap/descriptors/shrinkwrap-descriptors-parent/2.0.0/shrinkwrap-descriptors-parent-2.0.0.pom (13 kB at 177 kB/s)
[INFO] Downloading: http://nexus-common.apps.ocp-eu2.prod.nextcle.com/repository/java/org/jboss/jboss-parent/16/jboss-parent-16.pom
[INFO] Downloaded: http://nexus-common.apps.ocp-eu2.prod.nextcle.com/repository/java/org/jboss/jboss-parent/16/jboss-parent-16.pom (32 kB at 544 kB/s)
[INFO] Downloading: http://nexus-common.apps.ocp-eu2.prod.nextcle.com/repository/java/org/jboss/shrinkwrap/descriptors/shrinkwrap-descriptors-api-javaee/2.0.0/shrinkwrap-descriptors-api-javaee-2.0.0.pom
[INFO] Downloaded: http://nexus-common.apps.ocp-eu2.prod.nextcle.com/repository/java/org/jboss/shrinkwrap/descriptors/shrinkwrap-descriptors-api-javaee/2.0.0/shrinkwrap-descriptors-api-javaee-2.0.0.pom (1.3 kB at 51 kB/s)
[INFO] Downloading: http://nexus-common.apps.ocp-eu2.prod.nextcle.com/repository/java/org/jboss/shrinkwrap/descriptors/shrinkwrap-descriptors-api-base/2.0.0/shrinkwrap-descriptors-api-base-2.0.0.pom
[INFO] Downloaded: http://nexus-common.apps.ocp-eu2.prod.nextcle.com/repository/java/org/jboss/shrinkwrap/descriptors/shrinkwrap-descriptors-api-base/2.0.0/shrinkwrap-descriptors-api-base-2.0.0.pom (1.0 kB at 49 kB/s)
[INFO] Downloading: http://nexus-common.apps.ocp-eu2.prod.nextcle.com/repository/java/org/jboss/shrinkwrap/descriptors/shrinkwrap-descriptors-impl-jboss/2.0.0/shrinkwrap-descriptors-impl-jboss-2.0.0.pom
[INFO] Downloaded: http://nexus-common.apps.ocp-eu2.prod.nextcle.com/repository/java/org/jboss/shrinkwrap/descriptors/shrinkwrap-descriptors-impl-jboss/2.0.0/shrinkwrap-descriptors-impl-jboss-2.0.0.pom (2.7 kB at 81 kB/s)
[INFO] Downloading: http://nexus-common.apps.ocp-eu2.prod.nextcle.com/repository/java/org/jboss/shrinkwrap/descriptors/shrinkwrap-descriptors-impl-javaee/2.0.0/shrinkwrap-descriptors-impl-javaee-2.0.0.pom
[INFO] Downloaded: http://nexus-common.apps.ocp-eu2.prod.nextcle.com/repository/java/org/jboss/shrinkwrap/descriptors/shrinkwrap-descriptors-impl-javaee/2.0.0/shrinkwrap-descriptors-impl-javaee-2.0.0.pom (2.7 kB at 67 kB/s)
[INFO] Downloading: http://nexus-common.apps.ocp-eu2.prod.nextcle.com/repository/java/org/jboss/shrinkwrap/descriptors/shrinkwrap-descriptors-impl-base/2.0.0/shrinkwrap-descriptors-impl-base-2.0.0.pom
[INFO] Downloaded: http://nexus-common.apps.ocp-eu2.prod.nextcle.com/repository/java/org/jboss/shrinkwrap/descriptors/shrinkwrap-descriptors-impl-base/2.0.0/shrinkwrap-descriptors-impl-base-2.0.0.pom (2.5 kB at 33 kB/s)
[INFO] Downloading: http://nexus-common.apps.ocp-eu2.prod.nextcle.com/repository/java/org/jboss/shrinkwrap/descriptors/shrinkwrap-descriptors-spi/2.0.0/shrinkwrap-descriptors-spi-2.0.0.pom
[INFO] Downloaded: http://nexus-common.apps.ocp-eu2.prod.nextcle.com/repository/java/org/jboss/shrinkwrap/descriptors/shrinkwrap-descriptors-spi/2.0.0/shrinkwrap-descriptors-spi-2.0.0.pom (2.0 kB at 26 kB/s)
[INFO] Downloading: http://nexus-common.apps.ocp-eu2.prod.nextcle.com/repository/java/org/jboss/jandex/2.0.5.Final/jandex-2.0.5.Final.pom
[INFO] Downloaded: http://nexus-common.apps.ocp-eu2.prod.nextcle.com/repository/java/org/jboss/jandex/2.0.5.Final/jandex-2.0.5.Final.pom (5.7 kB at 70 kB/s)
[INFO] Downloading: http://nexus-common.apps.ocp-eu2.prod.nextcle.com/repository/java/org/jboss/jboss-parent/12/jboss-parent-12.pom
[INFO] Downloaded: http://nexus-common.apps.ocp-eu2.prod.nextcle.com/repository/java/org/jboss/jboss-parent/12/jboss-parent-12.pom (32 kB at 2.1 MB/s)
[INFO] Downloading: http://nexus-common.apps.ocp-eu2.prod.nextcle.com/repository/java/io/thorntail/bootstrap/2.4.0.Final/bootstrap-2.4.0.Final.pom
[INFO] Downloaded: http://nexus-common.apps.ocp-eu2.prod.nextcle.com/repository/java/io/thorntail/bootstrap/2.4.0.Final/bootstrap-2.4.0.Final.pom (5.5 kB at 274 kB/s)
[INFO] Downloading: http://nexus-common.apps.ocp-eu2.prod.nextcle.com/repository/java/io/thorntail/config-api/1.6.1/config-api-1.6.1.pom
[INFO] Downloaded: http://nexus-common.apps.ocp-eu2.prod.nextcle.com/repository/java/io/thorntail/config-api/1.6.1/config-api-1.6.1.pom (7.8 kB at 70 kB/s)
[INFO] Downloading: http://nexus-common.apps.ocp-eu2.prod.nextcle.com/repository/java/io/thorntail/config-api-parent/1.6.1/config-api-parent-1.6.1.pom
[INFO] Downloaded: http://nexus-common.apps.ocp-eu2.prod.nextcle.com/repository/java/io/thorntail/config-api-parent/1.6.1/config-api-parent-1.6.1.pom (2.8 kB at 74 kB/s)
[INFO] Downloading: http://nexus-common.apps.ocp-eu2.prod.nextcle.com/repository/java/io/thorntail/parent/10/parent-10.pom
[INFO] Downloaded: http://nexus-common.apps.ocp-eu2.prod.nextcle.com/repository/java/io/thorntail/parent/10/parent-10.pom (4.8 kB at 210 kB/s)
[INFO] Downloading: http://nexus-common.apps.ocp-eu2.prod.nextcle.com/repository/java/org/jboss/jboss-parent/21/jboss-parent-21.pom
[INFO] Downloaded: http://nexus-common.apps.ocp-eu2.prod.nextcle.com/repository/java/org/jboss/jboss-parent/21/jboss-parent-21.pom (37 kB at 1.7 MB/s)
[INFO] Downloading: http://nexus-common.apps.ocp-eu2.prod.nextcle.com/repository/java/io/thorntail/config-api-runtime/1.6.1/config-api-runtime-1.6.1.pom
[INFO] Downloaded: http://nexus-common.apps.ocp-eu2.prod.nextcle.com/repository/java/io/thorntail/config-api-runtime/1.6.1/config-api-runtime-1.6.1.pom (1.9 kB at 24 kB/s)
[INFO] Downloading: http://nexus-common.apps.ocp-eu2.prod.nextcle.com/repository/java/org/wildfly/common/wildfly-common/1.4.0.Final/wildfly-common-1.4.0.Final.pom
[INFO] Downloaded: http://nexus-common.apps.ocp-eu2.prod.nextcle.com/repository/java/org/wildfly/common/wildfly-common/1.4.0.Final/wildfly-common-1.4.0.Final.pom (11 kB at 460 kB/s)
[INFO] Downloading: http://nexus-common.apps.ocp-eu2.prod.nextcle.com/repository/java/org/jboss/jboss-parent/24/jboss-parent-24.pom
[INFO] Downloaded: http://nexus-common.apps.ocp-eu2.prod.nextcle.com/repository/java/org/jboss/jboss-parent/24/jboss-parent-24.pom (36 kB at 2.6 MB/s)
[INFO] Downloading: http://nexus-common.apps.ocp-eu2.prod.nextcle.com/repository/java/org/ow2/asm/asm/7.0/asm-7.0.pom
[INFO] Downloaded: http://nexus-common.apps.ocp-eu2.prod.nextcle.com/repository/java/org/ow2/asm/asm/7.0/asm-7.0.pom (2.9 kB at 84 kB/s)
[INFO] Downloading: http://nexus-common.apps.ocp-eu2.prod.nextcle.com/repository/java/org/ow2/ow2/1.5/ow2-1.5.pom
[INFO] Downloaded: http://nexus-common.apps.ocp-eu2.prod.nextcle.com/repository/java/org/ow2/ow2/1.5/ow2-1.5.pom (11 kB at 624 kB/s)
[INFO] Downloading: http://nexus-common.apps.ocp-eu2.prod.nextcle.com/repository/java/org/jboss/logging/jboss-logging/3.3.2.Final/jboss-logging-3.3.2.Final.pom
[INFO] Downloaded: http://nexus-common.apps.ocp-eu2.prod.nextcle.com/repository/java/org/jboss/logging/jboss-logging/3.3.2.Final/jboss-logging-3.3.2.Final.pom (6.4 kB at 454 kB/s)
[INFO] Downloading: http://nexus-common.apps.ocp-eu2.prod.nextcle.com/repository/java/org/jboss/jboss-parent/15/jboss-parent-15.pom
[INFO] Downloaded: http://nexus-common.apps.ocp-eu2.prod.nextcle.com/repository/java/org/jboss/jboss-parent/15/jboss-parent-15.pom (32 kB at 2.6 MB/s)
[INFO] Downloading: http://nexus-common.apps.ocp-eu2.prod.nextcle.com/repository/java/io/thorntail/jdk-specific/thorntail-jdk-specific/1/thorntail-jdk-specific-1.pom
[INFO] Downloaded: http://nexus-common.apps.ocp-eu2.prod.nextcle.com/repository/java/io/thorntail/jdk-specific/thorntail-jdk-specific/1/thorntail-jdk-specific-1.pom (6.2 kB at 89 kB/s)
[INFO] Downloading: http://nexus-common.apps.ocp-eu2.prod.nextcle.com/repository/java/org/jboss/jboss-parent-mr-jar/31/jboss-parent-mr-jar-31.pom
[INFO] Downloaded: http://nexus-common.apps.ocp-eu2.prod.nextcle.com/repository/java/org/jboss/jboss-parent-mr-jar/31/jboss-parent-mr-jar-31.pom (21 kB at 312 kB/s)
[INFO] Downloading: http://nexus-common.apps.ocp-eu2.prod.nextcle.com/repository/java/io/thorntail/logging/2.4.0.Final/logging-2.4.0.Final.pom
[INFO] Downloaded: http://nexus-common.apps.ocp-eu2.prod.nextcle.com/repository/java/io/thorntail/logging/2.4.0.Final/logging-2.4.0.Final.pom (3.0 kB at 126 kB/s)
[INFO] Downloading: http://nexus-common.apps.ocp-eu2.prod.nextcle.com/repository/java/io/thorntail/cdi-config/2.4.0.Final/cdi-config-2.4.0.Final.pom
[INFO] Downloaded: http://nexus-common.apps.ocp-eu2.prod.nextcle.com/repository/java/io/thorntail/cdi-config/2.4.0.Final/cdi-config-2.4.0.Final.pom (3.1 kB at 106 kB/s)
[INFO] Downloading: http://nexus-common.apps.ocp-eu2.prod.nextcle.com/repository/java/javax/enterprise/cdi-api/2.0.SP1/cdi-api-2.0.SP1.pom
[INFO] Downloaded: http://nexus-common.apps.ocp-eu2.prod.nextcle.com/repository/java/javax/enterprise/cdi-api/2.0.SP1/cdi-api-2.0.SP1.pom (9.0 kB at 104 kB/s)
[INFO] Downloading: http://nexus-common.apps.ocp-eu2.prod.nextcle.com/repository/java/org/jboss/weld/weld-parent/36/weld-parent-36.pom
[INFO] Downloaded: http://nexus-common.apps.ocp-eu2.prod.nextcle.com/repository/java/org/jboss/weld/weld-parent/36/weld-parent-36.pom (29 kB at 1.3 MB/s)
[INFO] Downloading: http://nexus-common.apps.ocp-eu2.prod.nextcle.com/repository/java/javax/inject/javax.inject/1/javax.inject-1.pom
[INFO] Downloaded: http://nexus-common.apps.ocp-eu2.prod.nextcle.com/repository/java/javax/inject/javax.inject/1/javax.inject-1.pom (612 B at 6.7 kB/s)
[INFO] Downloading: http://nexus-common.apps.ocp-eu2.prod.nextcle.com/repository/java/io/thorntail/bean-validation/2.4.0.Final/bean-validation-2.4.0.Final.pom
[INFO] Downloaded: http://nexus-common.apps.ocp-eu2.prod.nextcle.com/repository/java/io/thorntail/bean-validation/2.4.0.Final/bean-validation-2.4.0.Final.pom (2.8 kB at 57 kB/s)
[INFO] Downloading: http://nexus-common.apps.ocp-eu2.prod.nextcle.com/repository/java/javax/validation/validation-api/2.0.1.Final/validation-api-2.0.1.Final.pom
[INFO] Downloaded: http://nexus-common.apps.ocp-eu2.prod.nextcle.com/repository/java/javax/validation/validation-api/2.0.1.Final/validation-api-2.0.1.Final.pom (12 kB at 202 kB/s)
[INFO] Downloading: http://nexus-common.apps.ocp-eu2.prod.nextcle.com/repository/java/io/thorntail/meta-spi/2.4.0.Final/meta-spi-2.4.0.Final.pom
[INFO] Downloaded: http://nexus-common.apps.ocp-eu2.prod.nextcle.com/repository/java/io/thorntail/meta-spi/2.4.0.Final/meta-spi-2.4.0.Final.pom (1.0 kB at 8.3 kB/s)
[INFO] Downloading: http://nexus-common.apps.ocp-eu2.prod.nextcle.com/repository/java/io/thorntail/ee/2.4.0.Final/ee-2.4.0.Final.pom
[INFO] Downloaded: http://nexus-common.apps.ocp-eu2.prod.nextcle.com/repository/java/io/thorntail/ee/2.4.0.Final/ee-2.4.0.Final.pom (3.3 kB at 64 kB/s)
[INFO] Downloading: http://nexus-common.apps.ocp-eu2.prod.nextcle.com/repository/java/io/thorntail/naming/2.4.0.Final/naming-2.4.0.Final.pom
[INFO] Downloaded: http://nexus-common.apps.ocp-eu2.prod.nextcle.com/repository/java/io/thorntail/naming/2.4.0.Final/naming-2.4.0.Final.pom (2.2 kB at 50 kB/s)
[INFO] Downloading: http://nexus-common.apps.ocp-eu2.prod.nextcle.com/repository/java/org/jboss/spec/javax/enterprise/concurrent/jboss-concurrency-api_1.0_spec/1.0.2.Final/jboss-concurrency-api_1.0_spec-1.0.2.Final.pom
[INFO] Downloaded: http://nexus-common.apps.ocp-eu2.prod.nextcle.com/repository/java/org/jboss/spec/javax/enterprise/concurrent/jboss-concurrency-api_1.0_spec/1.0.2.Final/jboss-concurrency-api_1.0_spec-1.0.2.Final.pom (4.8 kB at 104 kB/s)
[INFO] Downloading: http://nexus-common.apps.ocp-eu2.prod.nextcle.com/repository/java/org/jboss/jboss-parent/25/jboss-parent-25.pom
[INFO] Downloaded: http://nexus-common.apps.ocp-eu2.prod.nextcle.com/repository/java/org/jboss/jboss-parent/25/jboss-parent-25.pom (35 kB at 471 kB/s)
[INFO] Downloading: http://nexus-common.apps.ocp-eu2.prod.nextcle.com/repository/java/org/jboss/spec/javax/interceptor/jboss-interceptors-api_1.2_spec/1.0.1.Final/jboss-interceptors-api_1.2_spec-1.0.1.Final.pom
[INFO] Downloaded: http://nexus-common.apps.ocp-eu2.prod.nextcle.com/repository/java/org/jboss/spec/javax/interceptor/jboss-interceptors-api_1.2_spec/1.0.1.Final/jboss-interceptors-api_1.2_spec-1.0.1.Final.pom (4.8 kB at 64 kB/s)
[INFO] Downloading: http://nexus-common.apps.ocp-eu2.prod.nextcle.com/repository/java/org/jboss/spec/javax/el/jboss-el-api_3.0_spec/1.0.13.Final/jboss-el-api_3.0_spec-1.0.13.Final.pom
[INFO] Downloaded: http://nexus-common.apps.ocp-eu2.prod.nextcle.com/repository/java/org/jboss/spec/javax/el/jboss-el-api_3.0_spec/1.0.13.Final/jboss-el-api_3.0_spec-1.0.13.Final.pom (4.9 kB at 182 kB/s)
[INFO] Downloading: http://nexus-common.apps.ocp-eu2.prod.nextcle.com/repository/java/org/glassfish/javax.el-impl/3.0.1-b08-jbossorg-1/javax.el-impl-3.0.1-b08-jbossorg-1.pom
[INFO] Downloaded: http://nexus-common.apps.ocp-eu2.prod.nextcle.com/repository/java/org/glassfish/javax.el-impl/3.0.1-b08-jbossorg-1/javax.el-impl-3.0.1-b08-jbossorg-1.pom (9.9 kB at 4.4 kB/s)
[INFO] Downloading: http://nexus-common.apps.ocp-eu2.prod.nextcle.com/repository/java/org/glassfish/javax.el/3.0.1-b08-jbossorg-1/javax.el-3.0.1-b08-jbossorg-1.pom
[INFO] Downloaded: http://nexus-common.apps.ocp-eu2.prod.nextcle.com/repository/java/org/glassfish/javax.el/3.0.1-b08-jbossorg-1/javax.el-3.0.1-b08-jbossorg-1.pom (14 kB at 11 kB/s)
[INFO] Downloading: http://nexus-common.apps.ocp-eu2.prod.nextcle.com/repository/java/org/jboss/jboss-parent/14/jboss-parent-14.pom
[INFO] Downloaded: http://nexus-common.apps.ocp-eu2.prod.nextcle.com/repository/java/org/jboss/jboss-parent/14/jboss-parent-14.pom (33 kB at 708 kB/s)
[INFO] Downloading: http://nexus-common.apps.ocp-eu2.prod.nextcle.com/repository/java/io/thorntail/transactions/2.4.0.Final/transactions-2.4.0.Final.pom
[INFO] Downloaded: http://nexus-common.apps.ocp-eu2.prod.nextcle.com/repository/java/io/thorntail/transactions/2.4.0.Final/transactions-2.4.0.Final.pom (3.3 kB at 100 kB/s)
[INFO] Downloading: http://nexus-common.apps.ocp-eu2.prod.nextcle.com/repository/java/org/jboss/spec/javax/transaction/jboss-transaction-api_1.2_spec/1.1.1.Final/jboss-transaction-api_1.2_spec-1.1.1.Final.pom
[INFO] Downloaded: http://nexus-common.apps.ocp-eu2.prod.nextcle.com/repository/java/org/jboss/spec/javax/transaction/jboss-transaction-api_1.2_spec/1.1.1.Final/jboss-transaction-api_1.2_spec-1.1.1.Final.pom (5.2 kB at 115 kB/s)
[INFO] Downloading: http://nexus-common.apps.ocp-eu2.prod.nextcle.com/repository/java/org/jboss/narayana/jts/narayana-jts-idlj/5.9.0.Final/narayana-jts-idlj-5.9.0.Final.pom
[INFO] Downloaded: http://nexus-common.apps.ocp-eu2.prod.nextcle.com/repository/java/org/jboss/narayana/jts/narayana-jts-idlj/5.9.0.Final/narayana-jts-idlj-5.9.0.Final.pom (12 kB at 458 kB/s)
[INFO] Downloading: http://nexus-common.apps.ocp-eu2.prod.nextcle.com/repository/java/org/jboss/narayana/jts/narayana-jts-all/5.9.0.Final/narayana-jts-all-5.9.0.Final.pom
[INFO] Downloaded: http://nexus-common.apps.ocp-eu2.prod.nextcle.com/repository/java/org/jboss/narayana/jts/narayana-jts-all/5.9.0.Final/narayana-jts-all-5.9.0.Final.pom (8.4 kB at 131 kB/s)
[INFO] Downloading: http://nexus-common.apps.ocp-eu2.prod.nextcle.com/repository/java/org/jboss/narayana/narayana-all/5.9.0.Final/narayana-all-5.9.0.Final.pom
[INFO] Downloaded: http://nexus-common.apps.ocp-eu2.prod.nextcle.com/repository/java/org/jboss/narayana/narayana-all/5.9.0.Final/narayana-all-5.9.0.Final.pom (32 kB at 763 kB/s)
[INFO] Downloading: http://nexus-common.apps.ocp-eu2.prod.nextcle.com/repository/java/org/jboss/jboss-parent/20/jboss-parent-20.pom
[INFO] Downloaded: http://nexus-common.apps.ocp-eu2.prod.nextcle.com/repository/java/org/jboss/jboss-parent/20/jboss-parent-20.pom (34 kB at 1.2 MB/s)
[INFO] Downloading: http://nexus-common.apps.ocp-eu2.prod.nextcle.com/repository/java/org/jboss/openjdk-orb/openjdk-orb/8.0.4.Final/openjdk-orb-8.0.4.Final.pom
[INFO] Downloaded: http://nexus-common.apps.ocp-eu2.prod.nextcle.com/repository/java/org/jboss/openjdk-orb/openjdk-orb/8.0.4.Final/openjdk-orb-8.0.4.Final.pom (9.8 kB at 212 kB/s)
[INFO] Downloading: http://nexus-common.apps.ocp-eu2.prod.nextcle.com/repository/java/io/thorntail/jaxrs/2.4.0.Final/jaxrs-2.4.0.Final.pom
[INFO] Downloaded: http://nexus-common.apps.ocp-eu2.prod.nextcle.com/repository/java/io/thorntail/jaxrs/2.4.0.Final/jaxrs-2.4.0.Final.pom (4.9 kB at 105 kB/s)
[INFO] Downloading: http://nexus-common.apps.ocp-eu2.prod.nextcle.com/repository/java/io/thorntail/undertow/2.4.0.Final/undertow-2.4.0.Final.pom
[INFO] Downloaded: http://nexus-common.apps.ocp-eu2.prod.nextcle.com/repository/java/io/thorntail/undertow/2.4.0.Final/undertow-2.4.0.Final.pom (5.0 kB at 71 kB/s)
[INFO] Downloading: http://nexus-common.apps.ocp-eu2.prod.nextcle.com/repository/java/io/thorntail/io/2.4.0.Final/io-2.4.0.Final.pom
[INFO] Downloaded: http://nexus-common.apps.ocp-eu2.prod.nextcle.com/repository/java/io/thorntail/io/2.4.0.Final/io-2.4.0.Final.pom (1.4 kB at 43 kB/s)
[INFO] Downloading: http://nexus-common.apps.ocp-eu2.prod.nextcle.com/repository/java/io/thorntail/request-controller/2.4.0.Final/request-controller-2.4.0.Final.pom
[INFO] Downloaded: http://nexus-common.apps.ocp-eu2.prod.nextcle.com/repository/java/io/thorntail/request-controller/2.4.0.Final/request-controller-2.4.0.Final.pom (1.8 kB at 90 kB/s)
[INFO] Downloading: http://nexus-common.apps.ocp-eu2.prod.nextcle.com/repository/java/org/ow2/asm/asm-commons/7.0/asm-commons-7.0.pom
[INFO] Downloaded: http://nexus-common.apps.ocp-eu2.prod.nextcle.com/repository/java/org/ow2/asm/asm-commons/7.0/asm-commons-7.0.pom (3.7 kB at 49 kB/s)
[INFO] Downloading: http://nexus-common.apps.ocp-eu2.prod.nextcle.com/repository/java/org/ow2/asm/asm-tree/7.0/asm-tree-7.0.pom
[INFO] Downloaded: http://nexus-common.apps.ocp-eu2.prod.nextcle.com/repository/java/org/ow2/asm/asm-tree/7.0/asm-tree-7.0.pom (3.1 kB at 260 kB/s)
[INFO] Downloading: http://nexus-common.apps.ocp-eu2.prod.nextcle.com/repository/java/org/ow2/asm/asm-analysis/7.0/asm-analysis-7.0.pom
[INFO] Downloaded: http://nexus-common.apps.ocp-eu2.prod.nextcle.com/repository/java/org/ow2/asm/asm-analysis/7.0/asm-analysis-7.0.pom (3.2 kB at 143 kB/s)
[INFO] Downloading: http://nexus-common.apps.ocp-eu2.prod.nextcle.com/repository/java/org/jboss/spec/javax/servlet/jboss-servlet-api_4.0_spec/1.0.0.Final/jboss-servlet-api_4.0_spec-1.0.0.Final.pom
[INFO] Downloaded: http://nexus-common.apps.ocp-eu2.prod.nextcle.com/repository/java/org/jboss/spec/javax/servlet/jboss-servlet-api_4.0_spec/1.0.0.Final/jboss-servlet-api_4.0_spec-1.0.0.Final.pom (4.0 kB at 188 kB/s)
[INFO] Downloading: http://nexus-common.apps.ocp-eu2.prod.nextcle.com/repository/java/org/jboss/spec/javax/websocket/jboss-websocket-api_1.1_spec/1.1.3.Final/jboss-websocket-api_1.1_spec-1.1.3.Final.pom
[INFO] Downloaded: http://nexus-common.apps.ocp-eu2.prod.nextcle.com/repository/java/org/jboss/spec/javax/websocket/jboss-websocket-api_1.1_spec/1.1.3.Final/jboss-websocket-api_1.1_spec-1.1.3.Final.pom (4.3 kB at 266 kB/s)
[INFO] Downloading: http://nexus-common.apps.ocp-eu2.prod.nextcle.com/repository/java/io/undertow/undertow-servlet/2.0.15.Final/undertow-servlet-2.0.15.Final.pom
[INFO] Downloaded: http://nexus-common.apps.ocp-eu2.prod.nextcle.com/repository/java/io/undertow/undertow-servlet/2.0.15.Final/undertow-servlet-2.0.15.Final.pom (20 kB at 1.5 MB/s)
[INFO] Downloading: http://nexus-common.apps.ocp-eu2.prod.nextcle.com/repository/java/io/undertow/undertow-parent/2.0.15.Final/undertow-parent-2.0.15.Final.pom
[INFO] Downloaded: http://nexus-common.apps.ocp-eu2.prod.nextcle.com/repository/java/io/undertow/undertow-parent/2.0.15.Final/undertow-parent-2.0.15.Final.pom (24 kB at 1.5 MB/s)
[INFO] Downloading: http://nexus-common.apps.ocp-eu2.prod.nextcle.com/repository/java/org/jboss/jboss-parent/28/jboss-parent-28.pom
[INFO] Downloaded: http://nexus-common.apps.ocp-eu2.prod.nextcle.com/repository/java/org/jboss/jboss-parent/28/jboss-parent-28.pom (35 kB at 2.7 MB/s)
[INFO] Downloading: http://nexus-common.apps.ocp-eu2.prod.nextcle.com/repository/java/io/undertow/undertow-core/2.0.15.Final/undertow-core-2.0.15.Final.pom
[INFO] Downloaded: http://nexus-common.apps.ocp-eu2.prod.nextcle.com/repository/java/io/undertow/undertow-core/2.0.15.Final/undertow-core-2.0.15.Final.pom (27 kB at 1.0 MB/s)
[INFO] Downloading: http://nexus-common.apps.ocp-eu2.prod.nextcle.com/repository/java/org/jboss/xnio/xnio-api/3.3.8.Final/xnio-api-3.3.8.Final.pom
[INFO] Downloaded: http://nexus-common.apps.ocp-eu2.prod.nextcle.com/repository/java/org/jboss/xnio/xnio-api/3.3.8.Final/xnio-api-3.3.8.Final.pom (7.9 kB at 394 kB/s)
[INFO] Downloading: http://nexus-common.apps.ocp-eu2.prod.nextcle.com/repository/java/org/jboss/xnio/xnio-all/3.3.8.Final/xnio-all-3.3.8.Final.pom
[INFO] Downloaded: http://nexus-common.apps.ocp-eu2.prod.nextcle.com/repository/java/org/jboss/xnio/xnio-all/3.3.8.Final/xnio-all-3.3.8.Final.pom (6.0 kB at 207 kB/s)
[INFO] Downloading: http://nexus-common.apps.ocp-eu2.prod.nextcle.com/repository/java/org/jboss/xnio/xnio-nio/3.3.8.Final/xnio-nio-3.3.8.Final.pom
[INFO] Downloaded: http://nexus-common.apps.ocp-eu2.prod.nextcle.com/repository/java/org/jboss/xnio/xnio-nio/3.3.8.Final/xnio-nio-3.3.8.Final.pom (7.6 kB at 401 kB/s)
[INFO] Downloading: http://nexus-common.apps.ocp-eu2.prod.nextcle.com/repository/java/org/jboss/spec/javax/annotation/jboss-annotations-api_1.2_spec/1.0.2.Final/jboss-annotations-api_1.2_spec-1.0.2.Final.pom
[INFO] Downloaded: http://nexus-common.apps.ocp-eu2.prod.nextcle.com/repository/java/org/jboss/spec/javax/annotation/jboss-annotations-api_1.2_spec/1.0.2.Final/jboss-annotations-api_1.2_spec-1.0.2.Final.pom (4.9 kB at 88 kB/s)
[INFO] Downloading: http://nexus-common.apps.ocp-eu2.prod.nextcle.com/repository/java/io/thorntail/security/2.4.0.Final/security-2.4.0.Final.pom
[INFO] Downloaded: http://nexus-common.apps.ocp-eu2.prod.nextcle.com/repository/java/io/thorntail/security/2.4.0.Final/security-2.4.0.Final.pom (2.9 kB at 50 kB/s)
[INFO] Downloading: http://nexus-common.apps.ocp-eu2.prod.nextcle.com/repository/java/io/thorntail/elytron/2.4.0.Final/elytron-2.4.0.Final.pom
[INFO] Downloaded: http://nexus-common.apps.ocp-eu2.prod.nextcle.com/repository/java/io/thorntail/elytron/2.4.0.Final/elytron-2.4.0.Final.pom (2.7 kB at 107 kB/s)
[INFO] Downloading: http://nexus-common.apps.ocp-eu2.prod.nextcle.com/repository/java/org/jboss/spec/javax/annotation/jboss-annotations-api_1.3_spec/1.0.1.Final/jboss-annotations-api_1.3_spec-1.0.1.Final.pom
[INFO] Downloaded: http://nexus-common.apps.ocp-eu2.prod.nextcle.com/repository/java/org/jboss/spec/javax/annotation/jboss-annotations-api_1.3_spec/1.0.1.Final/jboss-annotations-api_1.3_spec-1.0.1.Final.pom (4.8 kB at 198 kB/s)
[INFO] Downloading: http://nexus-common.apps.ocp-eu2.prod.nextcle.com/repository/java/io/thorntail/jaxrs-cdi/2.4.0.Final/jaxrs-cdi-2.4.0.Final.pom
[INFO] Downloaded: http://nexus-common.apps.ocp-eu2.prod.nextcle.com/repository/java/io/thorntail/jaxrs-cdi/2.4.0.Final/jaxrs-cdi-2.4.0.Final.pom (2.6 kB at 29 kB/s)
[INFO] Downloading: http://nexus-common.apps.ocp-eu2.prod.nextcle.com/repository/java/org/jboss/spec/javax/ws/rs/jboss-jaxrs-api_2.1_spec/1.0.2.Final/jboss-jaxrs-api_2.1_spec-1.0.2.Final.pom
[INFO] Downloaded: http://nexus-common.apps.ocp-eu2.prod.nextcle.com/repository/java/org/jboss/spec/javax/ws/rs/jboss-jaxrs-api_2.1_spec/1.0.2.Final/jboss-jaxrs-api_2.1_spec-1.0.2.Final.pom (4.0 kB at 201 kB/s)
[INFO] Downloading: http://nexus-common.apps.ocp-eu2.prod.nextcle.com/repository/java/com/fasterxml/jackson/core/jackson-core/2.9.5/jackson-core-2.9.5.pom
[INFO] Downloaded: http://nexus-common.apps.ocp-eu2.prod.nextcle.com/repository/java/com/fasterxml/jackson/core/jackson-core/2.9.5/jackson-core-2.9.5.pom (3.4 kB at 60 kB/s)
[INFO] Downloading: http://nexus-common.apps.ocp-eu2.prod.nextcle.com/repository/java/com/fasterxml/jackson/jackson-base/2.9.5/jackson-base-2.9.5.pom
[INFO] Downloaded: http://nexus-common.apps.ocp-eu2.prod.nextcle.com/repository/java/com/fasterxml/jackson/jackson-base/2.9.5/jackson-base-2.9.5.pom (5.6 kB at 70 kB/s)
[INFO] Downloading: http://nexus-common.apps.ocp-eu2.prod.nextcle.com/repository/java/com/fasterxml/jackson/jackson-bom/2.9.5/jackson-bom-2.9.5.pom
[INFO] Downloaded: http://nexus-common.apps.ocp-eu2.prod.nextcle.com/repository/java/com/fasterxml/jackson/jackson-bom/2.9.5/jackson-bom-2.9.5.pom (12 kB at 585 kB/s)
[INFO] Downloading: http://nexus-common.apps.ocp-eu2.prod.nextcle.com/repository/java/com/fasterxml/jackson/jackson-parent/2.9.1/jackson-parent-2.9.1.pom
[INFO] Downloaded: http://nexus-common.apps.ocp-eu2.prod.nextcle.com/repository/java/com/fasterxml/jackson/jackson-parent/2.9.1/jackson-parent-2.9.1.pom (8.0 kB at 401 kB/s)
[INFO] Downloading: http://nexus-common.apps.ocp-eu2.prod.nextcle.com/repository/java/com/fasterxml/oss-parent/30/oss-parent-30.pom
[INFO] Downloaded: http://nexus-common.apps.ocp-eu2.prod.nextcle.com/repository/java/com/fasterxml/oss-parent/30/oss-parent-30.pom (21 kB at 626 kB/s)
[INFO] Downloading: http://nexus-common.apps.ocp-eu2.prod.nextcle.com/repository/java/com/fasterxml/jackson/core/jackson-annotations/2.9.5/jackson-annotations-2.9.5.pom
[INFO] Downloaded: http://nexus-common.apps.ocp-eu2.prod.nextcle.com/repository/java/com/fasterxml/jackson/core/jackson-annotations/2.9.5/jackson-annotations-2.9.5.pom (2.6 kB at 30 kB/s)
[INFO] Downloading: http://nexus-common.apps.ocp-eu2.prod.nextcle.com/repository/java/com/fasterxml/jackson/jaxrs/jackson-jaxrs-json-provider/2.9.5/jackson-jaxrs-json-provider-2.9.5.pom
[INFO] Downloaded: http://nexus-common.apps.ocp-eu2.prod.nextcle.com/repository/java/com/fasterxml/jackson/jaxrs/jackson-jaxrs-json-provider/2.9.5/jackson-jaxrs-json-provider-2.9.5.pom (3.9 kB at 260 kB/s)
[INFO] Downloading: http://nexus-common.apps.ocp-eu2.prod.nextcle.com/repository/java/com/fasterxml/jackson/jaxrs/jackson-jaxrs-providers/2.9.5/jackson-jaxrs-providers-2.9.5.pom
[INFO] Downloaded: http://nexus-common.apps.ocp-eu2.prod.nextcle.com/repository/java/com/fasterxml/jackson/jaxrs/jackson-jaxrs-providers/2.9.5/jackson-jaxrs-providers-2.9.5.pom (4.1 kB at 142 kB/s)
[INFO] Downloading: http://nexus-common.apps.ocp-eu2.prod.nextcle.com/repository/java/com/fasterxml/jackson/jaxrs/jackson-jaxrs-base/2.9.5/jackson-jaxrs-base-2.9.5.pom
[INFO] Downloaded: http://nexus-common.apps.ocp-eu2.prod.nextcle.com/repository/java/com/fasterxml/jackson/jaxrs/jackson-jaxrs-base/2.9.5/jackson-jaxrs-base-2.9.5.pom (1.5 kB at 61 kB/s)
[INFO] Downloading: http://nexus-common.apps.ocp-eu2.prod.nextcle.com/repository/java/com/fasterxml/jackson/core/jackson-databind/2.9.5/jackson-databind-2.9.5.pom
[INFO] Downloaded: http://nexus-common.apps.ocp-eu2.prod.nextcle.com/repository/java/com/fasterxml/jackson/core/jackson-databind/2.9.5/jackson-databind-2.9.5.pom (5.9 kB at 98 kB/s)
[INFO] Downloading: http://nexus-common.apps.ocp-eu2.prod.nextcle.com/repository/java/com/fasterxml/jackson/core/jackson-annotations/2.9.0/jackson-annotations-2.9.0.pom
[INFO] Downloaded: http://nexus-common.apps.ocp-eu2.prod.nextcle.com/repository/java/com/fasterxml/jackson/core/jackson-annotations/2.9.0/jackson-annotations-2.9.0.pom (1.9 kB at 216 kB/s)
[INFO] Downloading: http://nexus-common.apps.ocp-eu2.prod.nextcle.com/repository/java/com/fasterxml/jackson/jackson-parent/2.9.0/jackson-parent-2.9.0.pom
[INFO] Downloaded: http://nexus-common.apps.ocp-eu2.prod.nextcle.com/repository/java/com/fasterxml/jackson/jackson-parent/2.9.0/jackson-parent-2.9.0.pom (7.8 kB at 782 kB/s)
[INFO] Downloading: http://nexus-common.apps.ocp-eu2.prod.nextcle.com/repository/java/com/fasterxml/oss-parent/28/oss-parent-28.pom
[INFO] Downloaded: http://nexus-common.apps.ocp-eu2.prod.nextcle.com/repository/java/com/fasterxml/oss-parent/28/oss-parent-28.pom (20 kB at 1.4 MB/s)
[INFO] Downloading: http://nexus-common.apps.ocp-eu2.prod.nextcle.com/repository/java/com/fasterxml/jackson/module/jackson-module-jaxb-annotations/2.9.5/jackson-module-jaxb-annotations-2.9.5.pom
[INFO] Downloaded: http://nexus-common.apps.ocp-eu2.prod.nextcle.com/repository/java/com/fasterxml/jackson/module/jackson-module-jaxb-annotations/2.9.5/jackson-module-jaxb-annotations-2.9.5.pom (2.0 kB at 23 kB/s)
[INFO] Downloading: http://nexus-common.apps.ocp-eu2.prod.nextcle.com/repository/java/com/fasterxml/jackson/module/jackson-modules-base/2.9.5/jackson-modules-base-2.9.5.pom
[INFO] Downloaded: http://nexus-common.apps.ocp-eu2.prod.nextcle.com/repository/java/com/fasterxml/jackson/module/jackson-modules-base/2.9.5/jackson-modules-base-2.9.5.pom (2.6 kB at 144 kB/s)
[INFO] Downloading: http://nexus-common.apps.ocp-eu2.prod.nextcle.com/repository/java/io/thorntail/cdi/2.4.0.Final/cdi-2.4.0.Final.jar
[INFO] Downloading: http://nexus-common.apps.ocp-eu2.prod.nextcle.com/repository/java/io/thorntail/spi/2.4.0.Final/spi-2.4.0.Final.jar
[INFO] Downloading: http://nexus-common.apps.ocp-eu2.prod.nextcle.com/repository/java/org/jboss/shrinkwrap/shrinkwrap-api/1.2.6/shrinkwrap-api-1.2.6.jar
[INFO] Downloading: http://nexus-common.apps.ocp-eu2.prod.nextcle.com/repository/java/org/jboss/shrinkwrap/shrinkwrap-impl-base/1.2.6/shrinkwrap-impl-base-1.2.6.jar
[INFO] Downloading: http://nexus-common.apps.ocp-eu2.prod.nextcle.com/repository/java/io/thorntail/container/2.4.0.Final/container-2.4.0.Final.jar
[INFO] Downloaded: http://nexus-common.apps.ocp-eu2.prod.nextcle.com/repository/java/io/thorntail/cdi/2.4.0.Final/cdi-2.4.0.Final.jar (13 kB at 98 kB/s)
[INFO] Downloading: http://nexus-common.apps.ocp-eu2.prod.nextcle.com/repository/java/org/jboss/shrinkwrap/shrinkwrap-spi/1.2.6/shrinkwrap-spi-1.2.6.jar
[INFO] Downloaded: http://nexus-common.apps.ocp-eu2.prod.nextcle.com/repository/java/org/jboss/shrinkwrap/shrinkwrap-api/1.2.6/shrinkwrap-api-1.2.6.jar (66 kB at 358 kB/s)
[INFO] Downloading: http://nexus-common.apps.ocp-eu2.prod.nextcle.com/repository/java/org/jboss/jandex/2.0.5.Final/jandex-2.0.5.Final.jar
[INFO] Downloaded: http://nexus-common.apps.ocp-eu2.prod.nextcle.com/repository/java/io/thorntail/spi/2.4.0.Final/spi-2.4.0.Final.jar (56 kB at 286 kB/s)
[INFO] Downloading: http://nexus-common.apps.ocp-eu2.prod.nextcle.com/repository/java/io/thorntail/bootstrap/2.4.0.Final/bootstrap-2.4.0.Final.jar
[INFO] Downloaded: http://nexus-common.apps.ocp-eu2.prod.nextcle.com/repository/java/io/thorntail/container/2.4.0.Final/container-2.4.0.Final.jar (375 kB at 1.8 MB/s)
[INFO] Downloading: http://nexus-common.apps.ocp-eu2.prod.nextcle.com/repository/java/io/thorntail/config-api/1.6.1/config-api-1.6.1.jar
[INFO] Downloaded: http://nexus-common.apps.ocp-eu2.prod.nextcle.com/repository/java/org/jboss/shrinkwrap/shrinkwrap-impl-base/1.2.6/shrinkwrap-impl-base-1.2.6.jar (193 kB at 912 kB/s)
[INFO] Downloading: http://nexus-common.apps.ocp-eu2.prod.nextcle.com/repository/java/io/thorntail/config-api-runtime/1.6.1/config-api-runtime-1.6.1.jar
[INFO] Downloaded: http://nexus-common.apps.ocp-eu2.prod.nextcle.com/repository/java/org/jboss/shrinkwrap/shrinkwrap-spi/1.2.6/shrinkwrap-spi-1.2.6.jar (4.2 kB at 20 kB/s)
[INFO] Downloading: http://nexus-common.apps.ocp-eu2.prod.nextcle.com/repository/java/org/wildfly/common/wildfly-common/1.4.0.Final/wildfly-common-1.4.0.Final.jar
[INFO] Downloaded: http://nexus-common.apps.ocp-eu2.prod.nextcle.com/repository/java/org/jboss/jandex/2.0.5.Final/jandex-2.0.5.Final.jar (188 kB at 805 kB/s)
[INFO] Downloading: http://nexus-common.apps.ocp-eu2.prod.nextcle.com/repository/java/org/jboss/logging/jboss-logging/3.3.2.Final/jboss-logging-3.3.2.Final.jar
[INFO] Downloaded: http://nexus-common.apps.ocp-eu2.prod.nextcle.com/repository/java/org/wildfly/common/wildfly-common/1.4.0.Final/wildfly-common-1.4.0.Final.jar (230 kB at 792 kB/s)
[INFO] Downloading: http://nexus-common.apps.ocp-eu2.prod.nextcle.com/repository/java/io/thorntail/jdk-specific/thorntail-jdk-specific/1/thorntail-jdk-specific-1.jar
[INFO] Downloaded: http://nexus-common.apps.ocp-eu2.prod.nextcle.com/repository/java/io/thorntail/config-api-runtime/1.6.1/config-api-runtime-1.6.1.jar (50 kB at 164 kB/s)
[INFO] Downloading: http://nexus-common.apps.ocp-eu2.prod.nextcle.com/repository/java/io/thorntail/logging/2.4.0.Final/logging-2.4.0.Final.jar
[INFO] Downloaded: http://nexus-common.apps.ocp-eu2.prod.nextcle.com/repository/java/io/thorntail/jdk-specific/thorntail-jdk-specific/1/thorntail-jdk-specific-1.jar (27 kB at 72 kB/s)
[INFO] Downloading: http://nexus-common.apps.ocp-eu2.prod.nextcle.com/repository/java/io/thorntail/cdi-config/2.4.0.Final/cdi-config-2.4.0.Final.jar
[INFO] Downloaded: http://nexus-common.apps.ocp-eu2.prod.nextcle.com/repository/java/org/jboss/logging/jboss-logging/3.3.2.Final/jboss-logging-3.3.2.Final.jar (66 kB at 172 kB/s)
[INFO] Downloading: http://nexus-common.apps.ocp-eu2.prod.nextcle.com/repository/java/io/thorntail/bean-validation/2.4.0.Final/bean-validation-2.4.0.Final.jar
[INFO] Downloaded: http://nexus-common.apps.ocp-eu2.prod.nextcle.com/repository/java/io/thorntail/cdi-config/2.4.0.Final/cdi-config-2.4.0.Final.jar (15 kB at 37 kB/s)
[INFO] Downloading: http://nexus-common.apps.ocp-eu2.prod.nextcle.com/repository/java/javax/validation/validation-api/2.0.1.Final/validation-api-2.0.1.Final.jar
[INFO] Downloaded: http://nexus-common.apps.ocp-eu2.prod.nextcle.com/repository/java/io/thorntail/bean-validation/2.4.0.Final/bean-validation-2.4.0.Final.jar (50 kB at 124 kB/s)
[INFO] Downloading: http://nexus-common.apps.ocp-eu2.prod.nextcle.com/repository/java/io/thorntail/ee/2.4.0.Final/ee-2.4.0.Final.jar
[INFO] Downloaded: http://nexus-common.apps.ocp-eu2.prod.nextcle.com/repository/java/io/thorntail/logging/2.4.0.Final/logging-2.4.0.Final.jar (22 kB at 46 kB/s)
[INFO] Downloading: http://nexus-common.apps.ocp-eu2.prod.nextcle.com/repository/java/io/thorntail/naming/2.4.0.Final/naming-2.4.0.Final.jar
[INFO] Downloaded: http://nexus-common.apps.ocp-eu2.prod.nextcle.com/repository/java/javax/validation/validation-api/2.0.1.Final/validation-api-2.0.1.Final.jar (93 kB at 190 kB/s)
[INFO] Downloading: http://nexus-common.apps.ocp-eu2.prod.nextcle.com/repository/java/org/jboss/spec/javax/enterprise/concurrent/jboss-concurrency-api_1.0_spec/1.0.2.Final/jboss-concurrency-api_1.0_spec-1.0.2.Final.jar
[INFO] Downloaded: http://nexus-common.apps.ocp-eu2.prod.nextcle.com/repository/java/io/thorntail/ee/2.4.0.Final/ee-2.4.0.Final.jar (19 kB at 39 kB/s)
[INFO] Downloading: http://nexus-common.apps.ocp-eu2.prod.nextcle.com/repository/java/org/jboss/spec/javax/interceptor/jboss-interceptors-api_1.2_spec/1.0.1.Final/jboss-interceptors-api_1.2_spec-1.0.1.Final.jar
[INFO] Downloaded: http://nexus-common.apps.ocp-eu2.prod.nextcle.com/repository/java/io/thorntail/naming/2.4.0.Final/naming-2.4.0.Final.jar (9.0 kB at 18 kB/s)
[INFO] Downloading: http://nexus-common.apps.ocp-eu2.prod.nextcle.com/repository/java/org/jboss/spec/javax/el/jboss-el-api_3.0_spec/1.0.13.Final/jboss-el-api_3.0_spec-1.0.13.Final.jar
[INFO] Downloaded: http://nexus-common.apps.ocp-eu2.prod.nextcle.com/repository/java/io/thorntail/bootstrap/2.4.0.Final/bootstrap-2.4.0.Final.jar (872 kB at 1.7 MB/s)
[INFO] Downloading: http://nexus-common.apps.ocp-eu2.prod.nextcle.com/repository/java/org/glassfish/javax.el-impl/3.0.1-b08-jbossorg-1/javax.el-impl-3.0.1-b08-jbossorg-1.jar
[INFO] Downloaded: http://nexus-common.apps.ocp-eu2.prod.nextcle.com/repository/java/org/jboss/spec/javax/interceptor/jboss-interceptors-api_1.2_spec/1.0.1.Final/jboss-interceptors-api_1.2_spec-1.0.1.Final.jar (17 kB at 29 kB/s)
[INFO] Downloading: http://nexus-common.apps.ocp-eu2.prod.nextcle.com/repository/java/io/thorntail/transactions/2.4.0.Final/transactions-2.4.0.Final.jar
[INFO] Downloaded: http://nexus-common.apps.ocp-eu2.prod.nextcle.com/repository/java/org/jboss/spec/javax/enterprise/concurrent/jboss-concurrency-api_1.0_spec/1.0.2.Final/jboss-concurrency-api_1.0_spec-1.0.2.Final.jar (26 kB at 44 kB/s)
[INFO] Downloading: http://nexus-common.apps.ocp-eu2.prod.nextcle.com/repository/java/org/jboss/spec/javax/transaction/jboss-transaction-api_1.2_spec/1.1.1.Final/jboss-transaction-api_1.2_spec-1.1.1.Final.jar
[INFO] Downloaded: http://nexus-common.apps.ocp-eu2.prod.nextcle.com/repository/java/io/thorntail/config-api/1.6.1/config-api-1.6.1.jar (2.0 MB at 3.4 MB/s)
[INFO] Downloading: http://nexus-common.apps.ocp-eu2.prod.nextcle.com/repository/java/org/jboss/narayana/jts/narayana-jts-idlj/5.9.0.Final/narayana-jts-idlj-5.9.0.Final.jar
[INFO] Downloaded: http://nexus-common.apps.ocp-eu2.prod.nextcle.com/repository/java/org/jboss/spec/javax/el/jboss-el-api_3.0_spec/1.0.13.Final/jboss-el-api_3.0_spec-1.0.13.Final.jar (87 kB at 144 kB/s)
[INFO] Downloading: http://nexus-common.apps.ocp-eu2.prod.nextcle.com/repository/java/org/jboss/openjdk-orb/openjdk-orb/8.0.4.Final/openjdk-orb-8.0.4.Final.jar
[INFO] Downloaded: http://nexus-common.apps.ocp-eu2.prod.nextcle.com/repository/java/io/thorntail/transactions/2.4.0.Final/transactions-2.4.0.Final.jar (82 kB at 135 kB/s)
[INFO] Downloading: http://nexus-common.apps.ocp-eu2.prod.nextcle.com/repository/java/javax/enterprise/cdi-api/2.0.SP1/cdi-api-2.0.SP1.jar
[INFO] Downloaded: http://nexus-common.apps.ocp-eu2.prod.nextcle.com/repository/java/org/jboss/spec/javax/transaction/jboss-transaction-api_1.2_spec/1.1.1.Final/jboss-transaction-api_1.2_spec-1.1.1.Final.jar (26 kB at 43 kB/s)
[INFO] Downloading: http://nexus-common.apps.ocp-eu2.prod.nextcle.com/repository/java/javax/inject/javax.inject/1/javax.inject-1.jar
[INFO] Downloaded: http://nexus-common.apps.ocp-eu2.prod.nextcle.com/repository/java/javax/inject/javax.inject/1/javax.inject-1.jar (2.5 kB at 3.5 kB/s)
[INFO] Downloading: http://nexus-common.apps.ocp-eu2.prod.nextcle.com/repository/java/io/thorntail/meta-spi/2.4.0.Final/meta-spi-2.4.0.Final.jar
[INFO] Downloaded: http://nexus-common.apps.ocp-eu2.prod.nextcle.com/repository/java/javax/enterprise/cdi-api/2.0.SP1/cdi-api-2.0.SP1.jar (108 kB at 146 kB/s)
[INFO] Downloading: http://nexus-common.apps.ocp-eu2.prod.nextcle.com/repository/java/org/jboss/shrinkwrap/descriptors/shrinkwrap-descriptors-impl-javaee/2.0.0/shrinkwrap-descriptors-impl-javaee-2.0.0.jar
[INFO] Downloaded: http://nexus-common.apps.ocp-eu2.prod.nextcle.com/repository/java/io/thorntail/meta-spi/2.4.0.Final/meta-spi-2.4.0.Final.jar (11 kB at 13 kB/s)
[INFO] Downloading: http://nexus-common.apps.ocp-eu2.prod.nextcle.com/repository/java/org/jboss/shrinkwrap/descriptors/shrinkwrap-descriptors-impl-base/2.0.0/shrinkwrap-descriptors-impl-base-2.0.0.jar
[INFO] Downloaded: http://nexus-common.apps.ocp-eu2.prod.nextcle.com/repository/java/org/jboss/shrinkwrap/descriptors/shrinkwrap-descriptors-impl-base/2.0.0/shrinkwrap-descriptors-impl-base-2.0.0.jar (74 kB at 81 kB/s)
[INFO] Downloading: http://nexus-common.apps.ocp-eu2.prod.nextcle.com/repository/java/org/jboss/shrinkwrap/descriptors/shrinkwrap-descriptors-spi/2.0.0/shrinkwrap-descriptors-spi-2.0.0.jar
[INFO] Downloaded: http://nexus-common.apps.ocp-eu2.prod.nextcle.com/repository/java/org/jboss/shrinkwrap/descriptors/shrinkwrap-descriptors-spi/2.0.0/shrinkwrap-descriptors-spi-2.0.0.jar (38 kB at 38 kB/s)
[INFO] Downloading: http://nexus-common.apps.ocp-eu2.prod.nextcle.com/repository/java/io/thorntail/jaxrs/2.4.0.Final/jaxrs-2.4.0.Final.jar
[INFO] Downloaded: http://nexus-common.apps.ocp-eu2.prod.nextcle.com/repository/java/org/jboss/narayana/jts/narayana-jts-idlj/5.9.0.Final/narayana-jts-idlj-5.9.0.Final.jar (1.7 MB at 1.6 MB/s)
[INFO] Downloading: http://nexus-common.apps.ocp-eu2.prod.nextcle.com/repository/java/io/thorntail/undertow/2.4.0.Final/undertow-2.4.0.Final.jar
[INFO] Downloaded: http://nexus-common.apps.ocp-eu2.prod.nextcle.com/repository/java/io/thorntail/jaxrs/2.4.0.Final/jaxrs-2.4.0.Final.jar (45 kB at 43 kB/s)
[INFO] Downloading: http://nexus-common.apps.ocp-eu2.prod.nextcle.com/repository/java/io/thorntail/io/2.4.0.Final/io-2.4.0.Final.jar
[INFO] Downloaded: http://nexus-common.apps.ocp-eu2.prod.nextcle.com/repository/java/io/thorntail/io/2.4.0.Final/io-2.4.0.Final.jar (9.0 kB at 8.2 kB/s)
[INFO] Downloading: http://nexus-common.apps.ocp-eu2.prod.nextcle.com/repository/java/io/thorntail/request-controller/2.4.0.Final/request-controller-2.4.0.Final.jar
[INFO] Downloaded: http://nexus-common.apps.ocp-eu2.prod.nextcle.com/repository/java/org/jboss/openjdk-orb/openjdk-orb/8.0.4.Final/openjdk-orb-8.0.4.Final.jar (3.9 MB at 3.5 MB/s)
[INFO] Downloading: http://nexus-common.apps.ocp-eu2.prod.nextcle.com/repository/java/org/jboss/shrinkwrap/descriptors/shrinkwrap-descriptors-api-jboss/2.0.0/shrinkwrap-descriptors-api-jboss-2.0.0.jar
[INFO] Downloaded: http://nexus-common.apps.ocp-eu2.prod.nextcle.com/repository/java/io/thorntail/request-controller/2.4.0.Final/request-controller-2.4.0.Final.jar (10 kB at 9.1 kB/s)
[INFO] Downloading: http://nexus-common.apps.ocp-eu2.prod.nextcle.com/repository/java/org/jboss/shrinkwrap/descriptors/shrinkwrap-descriptors-impl-jboss/2.0.0/shrinkwrap-descriptors-impl-jboss-2.0.0.jar
[INFO] Downloaded: http://nexus-common.apps.ocp-eu2.prod.nextcle.com/repository/java/io/thorntail/undertow/2.4.0.Final/undertow-2.4.0.Final.jar (95 kB at 83 kB/s)
[INFO] Downloaded: http://nexus-common.apps.ocp-eu2.prod.nextcle.com/repository/java/org/jboss/shrinkwrap/descriptors/shrinkwrap-descriptors-api-jboss/2.0.0/shrinkwrap-descriptors-api-jboss-2.0.0.jar (166 kB at 145 kB/s)
[INFO] Downloading: http://nexus-common.apps.ocp-eu2.prod.nextcle.com/repository/java/org/jboss/shrinkwrap/descriptors/shrinkwrap-descriptors-api-javaee/2.0.0/shrinkwrap-descriptors-api-javaee-2.0.0.jar
[INFO] Downloading: http://nexus-common.apps.ocp-eu2.prod.nextcle.com/repository/java/org/jboss/shrinkwrap/descriptors/shrinkwrap-descriptors-api-base/2.0.0/shrinkwrap-descriptors-api-base-2.0.0.jar
[INFO] Downloaded: http://nexus-common.apps.ocp-eu2.prod.nextcle.com/repository/java/org/jboss/shrinkwrap/descriptors/shrinkwrap-descriptors-api-base/2.0.0/shrinkwrap-descriptors-api-base-2.0.0.jar (17 kB at 14 kB/s)
[INFO] Downloading: http://nexus-common.apps.ocp-eu2.prod.nextcle.com/repository/java/org/ow2/asm/asm-commons/7.0/asm-commons-7.0.jar
[INFO] Downloaded: http://nexus-common.apps.ocp-eu2.prod.nextcle.com/repository/java/org/jboss/shrinkwrap/descriptors/shrinkwrap-descriptors-impl-jboss/2.0.0/shrinkwrap-descriptors-impl-jboss-2.0.0.jar (408 kB at 325 kB/s)
[INFO] Downloading: http://nexus-common.apps.ocp-eu2.prod.nextcle.com/repository/java/org/ow2/asm/asm-tree/7.0/asm-tree-7.0.jar
[INFO] Downloaded: http://nexus-common.apps.ocp-eu2.prod.nextcle.com/repository/java/org/ow2/asm/asm-commons/7.0/asm-commons-7.0.jar (80 kB at 63 kB/s)
[INFO] Downloading: http://nexus-common.apps.ocp-eu2.prod.nextcle.com/repository/java/org/ow2/asm/asm-analysis/7.0/asm-analysis-7.0.jar
[INFO] Downloaded: http://nexus-common.apps.ocp-eu2.prod.nextcle.com/repository/java/org/ow2/asm/asm-tree/7.0/asm-tree-7.0.jar (50 kB at 40 kB/s)
[INFO] Downloading: http://nexus-common.apps.ocp-eu2.prod.nextcle.com/repository/java/org/jboss/spec/javax/servlet/jboss-servlet-api_4.0_spec/1.0.0.Final/jboss-servlet-api_4.0_spec-1.0.0.Final.jar
[INFO] Downloaded: http://nexus-common.apps.ocp-eu2.prod.nextcle.com/repository/java/org/ow2/asm/asm-analysis/7.0/asm-analysis-7.0.jar (33 kB at 26 kB/s)
[INFO] Downloading: http://nexus-common.apps.ocp-eu2.prod.nextcle.com/repository/java/org/jboss/spec/javax/websocket/jboss-websocket-api_1.1_spec/1.1.3.Final/jboss-websocket-api_1.1_spec-1.1.3.Final.jar
[INFO] Downloaded: http://nexus-common.apps.ocp-eu2.prod.nextcle.com/repository/java/org/jboss/spec/javax/websocket/jboss-websocket-api_1.1_spec/1.1.3.Final/jboss-websocket-api_1.1_spec-1.1.3.Final.jar (45 kB at 34 kB/s)
[INFO] Downloading: http://nexus-common.apps.ocp-eu2.prod.nextcle.com/repository/java/io/undertow/undertow-servlet/2.0.15.Final/undertow-servlet-2.0.15.Final.jar
[INFO] Downloaded: http://nexus-common.apps.ocp-eu2.prod.nextcle.com/repository/java/org/jboss/shrinkwrap/descriptors/shrinkwrap-descriptors-api-javaee/2.0.0/shrinkwrap-descriptors-api-javaee-2.0.0.jar (997 kB at 725 kB/s)
[INFO] Downloading: http://nexus-common.apps.ocp-eu2.prod.nextcle.com/repository/java/io/undertow/undertow-core/2.0.15.Final/undertow-core-2.0.15.Final.jar
[INFO] Downloaded: http://nexus-common.apps.ocp-eu2.prod.nextcle.com/repository/java/org/jboss/shrinkwrap/descriptors/shrinkwrap-descriptors-impl-javaee/2.0.0/shrinkwrap-descriptors-impl-javaee-2.0.0.jar (1.7 MB at 1.2 MB/s)
[INFO] Downloading: http://nexus-common.apps.ocp-eu2.prod.nextcle.com/repository/java/org/jboss/xnio/xnio-api/3.3.8.Final/xnio-api-3.3.8.Final.jar
[INFO] Downloaded: http://nexus-common.apps.ocp-eu2.prod.nextcle.com/repository/java/org/jboss/spec/javax/servlet/jboss-servlet-api_4.0_spec/1.0.0.Final/jboss-servlet-api_4.0_spec-1.0.0.Final.jar (301 kB at 217 kB/s)
[INFO] Downloading: http://nexus-common.apps.ocp-eu2.prod.nextcle.com/repository/java/org/jboss/xnio/xnio-nio/3.3.8.Final/xnio-nio-3.3.8.Final.jar
[INFO] Downloaded: http://nexus-common.apps.ocp-eu2.prod.nextcle.com/repository/java/io/undertow/undertow-servlet/2.0.15.Final/undertow-servlet-2.0.15.Final.jar (531 kB at 371 kB/s)
[INFO] Downloading: http://nexus-common.apps.ocp-eu2.prod.nextcle.com/repository/java/org/jboss/spec/javax/annotation/jboss-annotations-api_1.2_spec/1.0.2.Final/jboss-annotations-api_1.2_spec-1.0.2.Final.jar
[INFO] Downloaded: http://nexus-common.apps.ocp-eu2.prod.nextcle.com/repository/java/org/jboss/xnio/xnio-nio/3.3.8.Final/xnio-nio-3.3.8.Final.jar (117 kB at 78 kB/s)
[INFO] Downloading: http://nexus-common.apps.ocp-eu2.prod.nextcle.com/repository/java/io/thorntail/security/2.4.0.Final/security-2.4.0.Final.jar
[INFO] Downloaded: http://nexus-common.apps.ocp-eu2.prod.nextcle.com/repository/java/io/undertow/undertow-core/2.0.15.Final/undertow-core-2.0.15.Final.jar (2.3 MB at 1.5 MB/s)
[INFO] Downloading: http://nexus-common.apps.ocp-eu2.prod.nextcle.com/repository/java/io/thorntail/elytron/2.4.0.Final/elytron-2.4.0.Final.jar
[INFO] Downloaded: http://nexus-common.apps.ocp-eu2.prod.nextcle.com/repository/java/io/thorntail/elytron/2.4.0.Final/elytron-2.4.0.Final.jar (43 kB at 27 kB/s)
[INFO] Downloading: http://nexus-common.apps.ocp-eu2.prod.nextcle.com/repository/java/org/jboss/spec/javax/annotation/jboss-annotations-api_1.3_spec/1.0.1.Final/jboss-annotations-api_1.3_spec-1.0.1.Final.jar
[INFO] Downloaded: http://nexus-common.apps.ocp-eu2.prod.nextcle.com/repository/java/io/thorntail/security/2.4.0.Final/security-2.4.0.Final.jar (30 kB at 19 kB/s)
[INFO] Downloading: http://nexus-common.apps.ocp-eu2.prod.nextcle.com/repository/java/io/thorntail/jaxrs-cdi/2.4.0.Final/jaxrs-cdi-2.4.0.Final.jar
[INFO] Downloaded: http://nexus-common.apps.ocp-eu2.prod.nextcle.com/repository/java/org/jboss/spec/javax/annotation/jboss-annotations-api_1.2_spec/1.0.2.Final/jboss-annotations-api_1.2_spec-1.0.2.Final.jar (20 kB at 12 kB/s)
[INFO] Downloading: http://nexus-common.apps.ocp-eu2.prod.nextcle.com/repository/java/org/ow2/asm/asm/7.0/asm-7.0.jar
[INFO] Downloaded: http://nexus-common.apps.ocp-eu2.prod.nextcle.com/repository/java/org/jboss/xnio/xnio-api/3.3.8.Final/xnio-api-3.3.8.Final.jar (518 kB at 320 kB/s)
[INFO] Downloading: http://nexus-common.apps.ocp-eu2.prod.nextcle.com/repository/java/org/jboss/spec/javax/ws/rs/jboss-jaxrs-api_2.1_spec/1.0.2.Final/jboss-jaxrs-api_2.1_spec-1.0.2.Final.jar
[INFO] Downloaded: http://nexus-common.apps.ocp-eu2.prod.nextcle.com/repository/java/org/jboss/spec/javax/annotation/jboss-annotations-api_1.3_spec/1.0.1.Final/jboss-annotations-api_1.3_spec-1.0.1.Final.jar (25 kB at 15 kB/s)
[INFO] Downloading: http://nexus-common.apps.ocp-eu2.prod.nextcle.com/repository/java/com/fasterxml/jackson/core/jackson-core/2.9.5/jackson-core-2.9.5.jar
[INFO] Downloaded: http://nexus-common.apps.ocp-eu2.prod.nextcle.com/repository/java/io/thorntail/jaxrs-cdi/2.4.0.Final/jaxrs-cdi-2.4.0.Final.jar (22 kB at 13 kB/s)
[INFO] Downloading: http://nexus-common.apps.ocp-eu2.prod.nextcle.com/repository/java/com/fasterxml/jackson/core/jackson-annotations/2.9.5/jackson-annotations-2.9.5.jar
[INFO] Downloaded: http://nexus-common.apps.ocp-eu2.prod.nextcle.com/repository/java/org/ow2/asm/asm/7.0/asm-7.0.jar (114 kB at 69 kB/s)
[INFO] Downloading: http://nexus-common.apps.ocp-eu2.prod.nextcle.com/repository/java/com/fasterxml/jackson/jaxrs/jackson-jaxrs-json-provider/2.9.5/jackson-jaxrs-json-provider-2.9.5.jar
[INFO] Downloaded: http://nexus-common.apps.ocp-eu2.prod.nextcle.com/repository/java/com/fasterxml/jackson/core/jackson-annotations/2.9.5/jackson-annotations-2.9.5.jar (67 kB at 40 kB/s)
[INFO] Downloading: http://nexus-common.apps.ocp-eu2.prod.nextcle.com/repository/java/com/fasterxml/jackson/jaxrs/jackson-jaxrs-base/2.9.5/jackson-jaxrs-base-2.9.5.jar
[INFO] Downloaded: http://nexus-common.apps.ocp-eu2.prod.nextcle.com/repository/java/com/fasterxml/jackson/core/jackson-core/2.9.5/jackson-core-2.9.5.jar (322 kB at 190 kB/s)
[INFO] Downloading: http://nexus-common.apps.ocp-eu2.prod.nextcle.com/repository/java/com/fasterxml/jackson/core/jackson-databind/2.9.5/jackson-databind-2.9.5.jar
[INFO] Downloaded: http://nexus-common.apps.ocp-eu2.prod.nextcle.com/repository/java/com/fasterxml/jackson/jaxrs/jackson-jaxrs-json-provider/2.9.5/jackson-jaxrs-json-provider-2.9.5.jar (16 kB at 9.4 kB/s)
[INFO] Downloading: http://nexus-common.apps.ocp-eu2.prod.nextcle.com/repository/java/com/fasterxml/jackson/module/jackson-module-jaxb-annotations/2.9.5/jackson-module-jaxb-annotations-2.9.5.jar
[INFO] Downloaded: http://nexus-common.apps.ocp-eu2.prod.nextcle.com/repository/java/com/fasterxml/jackson/jaxrs/jackson-jaxrs-base/2.9.5/jackson-jaxrs-base-2.9.5.jar (32 kB at 19 kB/s)
[INFO] Downloaded: http://nexus-common.apps.ocp-eu2.prod.nextcle.com/repository/java/org/jboss/spec/javax/ws/rs/jboss-jaxrs-api_2.1_spec/1.0.2.Final/jboss-jaxrs-api_2.1_spec-1.0.2.Final.jar (144 kB at 83 kB/s)
[INFO] Downloaded: http://nexus-common.apps.ocp-eu2.prod.nextcle.com/repository/java/com/fasterxml/jackson/module/jackson-module-jaxb-annotations/2.9.5/jackson-module-jaxb-annotations-2.9.5.jar (33 kB at 18 kB/s)
[INFO] Downloaded: http://nexus-common.apps.ocp-eu2.prod.nextcle.com/repository/java/com/fasterxml/jackson/core/jackson-databind/2.9.5/jackson-databind-2.9.5.jar (1.3 MB at 696 kB/s)
[INFO] Downloaded: http://nexus-common.apps.ocp-eu2.prod.nextcle.com/repository/java/org/glassfish/javax.el-impl/3.0.1-b08-jbossorg-1/javax.el-impl-3.0.1-b08-jbossorg-1.jar (174 kB at 88 kB/s)
[INFO] 
[INFO] --- maven-resources-plugin:2.6:resources (default-resources) @ java-serverhost ---
[INFO] Downloading: http://nexus-common.apps.ocp-eu2.prod.nextcle.com/repository/java/org/apache/maven/maven-plugin-api/2.0.6/maven-plugin-api-2.0.6.pom
[INFO] Downloaded: http://nexus-common.apps.ocp-eu2.prod.nextcle.com/repository/java/org/apache/maven/maven-plugin-api/2.0.6/maven-plugin-api-2.0.6.pom (1.5 kB at 73 kB/s)
[INFO] Downloading: http://nexus-common.apps.ocp-eu2.prod.nextcle.com/repository/java/org/apache/maven/maven/2.0.6/maven-2.0.6.pom
[INFO] Downloaded: http://nexus-common.apps.ocp-eu2.prod.nextcle.com/repository/java/org/apache/maven/maven/2.0.6/maven-2.0.6.pom (9.0 kB at 476 kB/s)
[INFO] Downloading: http://nexus-common.apps.ocp-eu2.prod.nextcle.com/repository/java/org/apache/maven/maven-parent/5/maven-parent-5.pom
[INFO] Downloaded: http://nexus-common.apps.ocp-eu2.prod.nextcle.com/repository/java/org/apache/maven/maven-parent/5/maven-parent-5.pom (15 kB at 952 kB/s)
[INFO] Downloading: http://nexus-common.apps.ocp-eu2.prod.nextcle.com/repository/java/org/apache/apache/3/apache-3.pom
[INFO] Downloaded: http://nexus-common.apps.ocp-eu2.prod.nextcle.com/repository/java/org/apache/apache/3/apache-3.pom (3.4 kB at 50 kB/s)
[INFO] Downloading: http://nexus-common.apps.ocp-eu2.prod.nextcle.com/repository/java/org/apache/maven/maven-project/2.0.6/maven-project-2.0.6.pom
[INFO] Downloaded: http://nexus-common.apps.ocp-eu2.prod.nextcle.com/repository/java/org/apache/maven/maven-project/2.0.6/maven-project-2.0.6.pom (2.6 kB at 155 kB/s)
[INFO] Downloading: http://nexus-common.apps.ocp-eu2.prod.nextcle.com/repository/java/org/apache/maven/maven-settings/2.0.6/maven-settings-2.0.6.pom
[INFO] Downloaded: http://nexus-common.apps.ocp-eu2.prod.nextcle.com/repository/java/org/apache/maven/maven-settings/2.0.6/maven-settings-2.0.6.pom (2.0 kB at 77 kB/s)
[INFO] Downloading: http://nexus-common.apps.ocp-eu2.prod.nextcle.com/repository/java/org/apache/maven/maven-model/2.0.6/maven-model-2.0.6.pom
[INFO] Downloaded: http://nexus-common.apps.ocp-eu2.prod.nextcle.com/repository/java/org/apache/maven/maven-model/2.0.6/maven-model-2.0.6.pom (3.0 kB at 92 kB/s)
[INFO] Downloading: http://nexus-common.apps.ocp-eu2.prod.nextcle.com/repository/java/org/codehaus/plexus/plexus-utils/1.4.1/plexus-utils-1.4.1.pom
[INFO] Downloaded: http://nexus-common.apps.ocp-eu2.prod.nextcle.com/repository/java/org/codehaus/plexus/plexus-utils/1.4.1/plexus-utils-1.4.1.pom (1.9 kB at 174 kB/s)
[INFO] Downloading: http://nexus-common.apps.ocp-eu2.prod.nextcle.com/repository/java/org/codehaus/plexus/plexus/1.0.11/plexus-1.0.11.pom
[INFO] Downloaded: http://nexus-common.apps.ocp-eu2.prod.nextcle.com/repository/java/org/codehaus/plexus/plexus/1.0.11/plexus-1.0.11.pom (9.0 kB at 747 kB/s)
[INFO] Downloading: http://nexus-common.apps.ocp-eu2.prod.nextcle.com/repository/java/org/codehaus/plexus/plexus-container-default/1.0-alpha-9-stable-1/plexus-container-default-1.0-alpha-9-stable-1.pom
[INFO] Downloaded: http://nexus-common.apps.ocp-eu2.prod.nextcle.com/repository/java/org/codehaus/plexus/plexus-container-default/1.0-alpha-9-stable-1/plexus-container-default-1.0-alpha-9-stable-1.pom (3.9 kB at 59 kB/s)
[INFO] Downloading: http://nexus-common.apps.ocp-eu2.prod.nextcle.com/repository/java/org/codehaus/plexus/plexus-containers/1.0.3/plexus-containers-1.0.3.pom
[INFO] Downloaded: http://nexus-common.apps.ocp-eu2.prod.nextcle.com/repository/java/org/codehaus/plexus/plexus-containers/1.0.3/plexus-containers-1.0.3.pom (492 B at 41 kB/s)
[INFO] Downloading: http://nexus-common.apps.ocp-eu2.prod.nextcle.com/repository/java/org/codehaus/plexus/plexus/1.0.4/plexus-1.0.4.pom
[INFO] Downloaded: http://nexus-common.apps.ocp-eu2.prod.nextcle.com/repository/java/org/codehaus/plexus/plexus/1.0.4/plexus-1.0.4.pom (5.7 kB at 717 kB/s)
[INFO] Downloading: http://nexus-common.apps.ocp-eu2.prod.nextcle.com/repository/java/junit/junit/3.8.1/junit-3.8.1.pom
[INFO] Downloaded: http://nexus-common.apps.ocp-eu2.prod.nextcle.com/repository/java/junit/junit/3.8.1/junit-3.8.1.pom (998 B at 100 kB/s)
[INFO] Downloading: http://nexus-common.apps.ocp-eu2.prod.nextcle.com/repository/java/org/codehaus/plexus/plexus-utils/1.0.4/plexus-utils-1.0.4.pom
[INFO] Downloaded: http://nexus-common.apps.ocp-eu2.prod.nextcle.com/repository/java/org/codehaus/plexus/plexus-utils/1.0.4/plexus-utils-1.0.4.pom (6.9 kB at 312 kB/s)
[INFO] Downloading: http://nexus-common.apps.ocp-eu2.prod.nextcle.com/repository/java/classworlds/classworlds/1.1-alpha-2/classworlds-1.1-alpha-2.pom
[INFO] Downloaded: http://nexus-common.apps.ocp-eu2.prod.nextcle.com/repository/java/classworlds/classworlds/1.1-alpha-2/classworlds-1.1-alpha-2.pom (3.1 kB at 116 kB/s)
[INFO] Downloading: http://nexus-common.apps.ocp-eu2.prod.nextcle.com/repository/java/org/apache/maven/maven-profile/2.0.6/maven-profile-2.0.6.pom
[INFO] Downloaded: http://nexus-common.apps.ocp-eu2.prod.nextcle.com/repository/java/org/apache/maven/maven-profile/2.0.6/maven-profile-2.0.6.pom (2.0 kB at 116 kB/s)
[INFO] Downloading: http://nexus-common.apps.ocp-eu2.prod.nextcle.com/repository/java/org/apache/maven/maven-artifact-manager/2.0.6/maven-artifact-manager-2.0.6.pom
[INFO] Downloaded: http://nexus-common.apps.ocp-eu2.prod.nextcle.com/repository/java/org/apache/maven/maven-artifact-manager/2.0.6/maven-artifact-manager-2.0.6.pom (2.6 kB at 146 kB/s)
[INFO] Downloading: http://nexus-common.apps.ocp-eu2.prod.nextcle.com/repository/java/org/apache/maven/maven-repository-metadata/2.0.6/maven-repository-metadata-2.0.6.pom
[INFO] Downloaded: http://nexus-common.apps.ocp-eu2.prod.nextcle.com/repository/java/org/apache/maven/maven-repository-metadata/2.0.6/maven-repository-metadata-2.0.6.pom (1.9 kB at 84 kB/s)
[INFO] Downloading: http://nexus-common.apps.ocp-eu2.prod.nextcle.com/repository/java/org/apache/maven/maven-artifact/2.0.6/maven-artifact-2.0.6.pom
[INFO] Downloaded: http://nexus-common.apps.ocp-eu2.prod.nextcle.com/repository/java/org/apache/maven/maven-artifact/2.0.6/maven-artifact-2.0.6.pom (1.6 kB at 72 kB/s)
[INFO] Downloading: http://nexus-common.apps.ocp-eu2.prod.nextcle.com/repository/java/org/apache/maven/maven-plugin-registry/2.0.6/maven-plugin-registry-2.0.6.pom
[INFO] Downloaded: http://nexus-common.apps.ocp-eu2.prod.nextcle.com/repository/java/org/apache/maven/maven-plugin-registry/2.0.6/maven-plugin-registry-2.0.6.pom (1.9 kB at 150 kB/s)
[INFO] Downloading: http://nexus-common.apps.ocp-eu2.prod.nextcle.com/repository/java/org/apache/maven/maven-core/2.0.6/maven-core-2.0.6.pom
[INFO] Downloaded: http://nexus-common.apps.ocp-eu2.prod.nextcle.com/repository/java/org/apache/maven/maven-core/2.0.6/maven-core-2.0.6.pom (6.7 kB at 84 kB/s)
[INFO] Downloading: http://nexus-common.apps.ocp-eu2.prod.nextcle.com/repository/java/org/apache/maven/maven-plugin-parameter-documenter/2.0.6/maven-plugin-parameter-documenter-2.0.6.pom
[INFO] Downloaded: http://nexus-common.apps.ocp-eu2.prod.nextcle.com/repository/java/org/apache/maven/maven-plugin-parameter-documenter/2.0.6/maven-plugin-parameter-documenter-2.0.6.pom (1.9 kB at 29 kB/s)
[INFO] Downloading: http://nexus-common.apps.ocp-eu2.prod.nextcle.com/repository/java/org/apache/maven/reporting/maven-reporting-api/2.0.6/maven-reporting-api-2.0.6.pom
[INFO] Downloaded: http://nexus-common.apps.ocp-eu2.prod.nextcle.com/repository/java/org/apache/maven/reporting/maven-reporting-api/2.0.6/maven-reporting-api-2.0.6.pom (1.8 kB at 20 kB/s)
[INFO] Downloading: http://nexus-common.apps.ocp-eu2.prod.nextcle.com/repository/java/org/apache/maven/reporting/maven-reporting/2.0.6/maven-reporting-2.0.6.pom
[INFO] Downloaded: http://nexus-common.apps.ocp-eu2.prod.nextcle.com/repository/java/org/apache/maven/reporting/maven-reporting/2.0.6/maven-reporting-2.0.6.pom (1.4 kB at 90 kB/s)
[INFO] Downloading: http://nexus-common.apps.ocp-eu2.prod.nextcle.com/repository/java/org/apache/maven/doxia/doxia-sink-api/1.0-alpha-7/doxia-sink-api-1.0-alpha-7.pom
[INFO] Downloaded: http://nexus-common.apps.ocp-eu2.prod.nextcle.com/repository/java/org/apache/maven/doxia/doxia-sink-api/1.0-alpha-7/doxia-sink-api-1.0-alpha-7.pom (424 B at 21 kB/s)
[INFO] Downloading: http://nexus-common.apps.ocp-eu2.prod.nextcle.com/repository/java/org/apache/maven/doxia/doxia/1.0-alpha-7/doxia-1.0-alpha-7.pom
[INFO] Downloaded: http://nexus-common.apps.ocp-eu2.prod.nextcle.com/repository/java/org/apache/maven/doxia/doxia/1.0-alpha-7/doxia-1.0-alpha-7.pom (3.9 kB at 50 kB/s)
[INFO] Downloading: http://nexus-common.apps.ocp-eu2.prod.nextcle.com/repository/java/org/apache/maven/maven-error-diagnostics/2.0.6/maven-error-diagnostics-2.0.6.pom
[INFO] Downloaded: http://nexus-common.apps.ocp-eu2.prod.nextcle.com/repository/java/org/apache/maven/maven-error-diagnostics/2.0.6/maven-error-diagnostics-2.0.6.pom (1.7 kB at 122 kB/s)
[INFO] Downloading: http://nexus-common.apps.ocp-eu2.prod.nextcle.com/repository/java/commons-cli/commons-cli/1.0/commons-cli-1.0.pom
[INFO] Downloaded: http://nexus-common.apps.ocp-eu2.prod.nextcle.com/repository/java/commons-cli/commons-cli/1.0/commons-cli-1.0.pom (2.1 kB at 191 kB/s)
[INFO] Downloading: http://nexus-common.apps.ocp-eu2.prod.nextcle.com/repository/java/org/apache/maven/maven-plugin-descriptor/2.0.6/maven-plugin-descriptor-2.0.6.pom
[INFO] Downloaded: http://nexus-common.apps.ocp-eu2.prod.nextcle.com/repository/java/org/apache/maven/maven-plugin-descriptor/2.0.6/maven-plugin-descriptor-2.0.6.pom (2.0 kB at 84 kB/s)
[INFO] Downloading: http://nexus-common.apps.ocp-eu2.prod.nextcle.com/repository/java/org/codehaus/plexus/plexus-interactivity-api/1.0-alpha-4/plexus-interactivity-api-1.0-alpha-4.pom
[INFO] Downloaded: http://nexus-common.apps.ocp-eu2.prod.nextcle.com/repository/java/org/codehaus/plexus/plexus-interactivity-api/1.0-alpha-4/plexus-interactivity-api-1.0-alpha-4.pom (7.1 kB at 111 kB/s)
[INFO] Downloading: http://nexus-common.apps.ocp-eu2.prod.nextcle.com/repository/java/org/apache/maven/maven-monitor/2.0.6/maven-monitor-2.0.6.pom
[INFO] Downloaded: http://nexus-common.apps.ocp-eu2.prod.nextcle.com/repository/java/org/apache/maven/maven-monitor/2.0.6/maven-monitor-2.0.6.pom (1.3 kB at 66 kB/s)
[INFO] Downloading: http://nexus-common.apps.ocp-eu2.prod.nextcle.com/repository/java/classworlds/classworlds/1.1/classworlds-1.1.pom
[INFO] Downloaded: http://nexus-common.apps.ocp-eu2.prod.nextcle.com/repository/java/classworlds/classworlds/1.1/classworlds-1.1.pom (3.3 kB at 302 kB/s)
[INFO] Downloading: http://nexus-common.apps.ocp-eu2.prod.nextcle.com/repository/java/org/codehaus/plexus/plexus-utils/2.0.5/plexus-utils-2.0.5.pom
[INFO] Downloaded: http://nexus-common.apps.ocp-eu2.prod.nextcle.com/repository/java/org/codehaus/plexus/plexus-utils/2.0.5/plexus-utils-2.0.5.pom (3.3 kB at 278 kB/s)
[INFO] Downloading: http://nexus-common.apps.ocp-eu2.prod.nextcle.com/repository/java/org/codehaus/plexus/plexus/2.0.6/plexus-2.0.6.pom
[INFO] Downloaded: http://nexus-common.apps.ocp-eu2.prod.nextcle.com/repository/java/org/codehaus/plexus/plexus/2.0.6/plexus-2.0.6.pom (17 kB at 1.7 MB/s)
[INFO] Downloading: http://nexus-common.apps.ocp-eu2.prod.nextcle.com/repository/java/org/apache/maven/shared/maven-filtering/1.1/maven-filtering-1.1.pom
[INFO] Downloaded: http://nexus-common.apps.ocp-eu2.prod.nextcle.com/repository/java/org/apache/maven/shared/maven-filtering/1.1/maven-filtering-1.1.pom (5.8 kB at 89 kB/s)
[INFO] Downloading: http://nexus-common.apps.ocp-eu2.prod.nextcle.com/repository/java/org/apache/maven/shared/maven-shared-components/17/maven-shared-components-17.pom
[INFO] Downloaded: http://nexus-common.apps.ocp-eu2.prod.nextcle.com/repository/java/org/apache/maven/shared/maven-shared-components/17/maven-shared-components-17.pom (8.7 kB at 669 kB/s)
[INFO] Downloading: http://nexus-common.apps.ocp-eu2.prod.nextcle.com/repository/java/org/codehaus/plexus/plexus-utils/1.5.15/plexus-utils-1.5.15.pom
[INFO] Downloaded: http://nexus-common.apps.ocp-eu2.prod.nextcle.com/repository/java/org/codehaus/plexus/plexus-utils/1.5.15/plexus-utils-1.5.15.pom (6.8 kB at 761 kB/s)
[INFO] Downloading: http://nexus-common.apps.ocp-eu2.prod.nextcle.com/repository/java/org/codehaus/plexus/plexus/2.0.2/plexus-2.0.2.pom
[INFO] Downloaded: http://nexus-common.apps.ocp-eu2.prod.nextcle.com/repository/java/org/codehaus/plexus/plexus/2.0.2/plexus-2.0.2.pom (12 kB at 893 kB/s)
[INFO] Downloading: http://nexus-common.apps.ocp-eu2.prod.nextcle.com/repository/java/org/codehaus/plexus/plexus-interpolation/1.12/plexus-interpolation-1.12.pom
[INFO] Downloaded: http://nexus-common.apps.ocp-eu2.prod.nextcle.com/repository/java/org/codehaus/plexus/plexus-interpolation/1.12/plexus-interpolation-1.12.pom (889 B at 12 kB/s)
[INFO] Downloading: http://nexus-common.apps.ocp-eu2.prod.nextcle.com/repository/java/org/codehaus/plexus/plexus-components/1.1.14/plexus-components-1.1.14.pom
[INFO] Downloaded: http://nexus-common.apps.ocp-eu2.prod.nextcle.com/repository/java/org/codehaus/plexus/plexus-components/1.1.14/plexus-components-1.1.14.pom (5.8 kB at 325 kB/s)
[INFO] Downloading: http://nexus-common.apps.ocp-eu2.prod.nextcle.com/repository/java/org/sonatype/plexus/plexus-build-api/0.0.4/plexus-build-api-0.0.4.pom
[INFO] Downloaded: http://nexus-common.apps.ocp-eu2.prod.nextcle.com/repository/java/org/sonatype/plexus/plexus-build-api/0.0.4/plexus-build-api-0.0.4.pom (2.9 kB at 191 kB/s)
[INFO] Downloading: http://nexus-common.apps.ocp-eu2.prod.nextcle.com/repository/java/org/sonatype/spice/spice-parent/10/spice-parent-10.pom
[INFO] Downloaded: http://nexus-common.apps.ocp-eu2.prod.nextcle.com/repository/java/org/sonatype/spice/spice-parent/10/spice-parent-10.pom (3.0 kB at 201 kB/s)
[INFO] Downloading: http://nexus-common.apps.ocp-eu2.prod.nextcle.com/repository/java/org/sonatype/forge/forge-parent/3/forge-parent-3.pom
[INFO] Downloaded: http://nexus-common.apps.ocp-eu2.prod.nextcle.com/repository/java/org/sonatype/forge/forge-parent/3/forge-parent-3.pom (5.0 kB at 265 kB/s)
[INFO] Downloading: http://nexus-common.apps.ocp-eu2.prod.nextcle.com/repository/java/org/codehaus/plexus/plexus-utils/1.5.8/plexus-utils-1.5.8.pom
[INFO] Downloaded: http://nexus-common.apps.ocp-eu2.prod.nextcle.com/repository/java/org/codehaus/plexus/plexus-utils/1.5.8/plexus-utils-1.5.8.pom (8.1 kB at 672 kB/s)
[INFO] Downloading: http://nexus-common.apps.ocp-eu2.prod.nextcle.com/repository/java/org/codehaus/plexus/plexus-interpolation/1.13/plexus-interpolation-1.13.pom
[INFO] Downloaded: http://nexus-common.apps.ocp-eu2.prod.nextcle.com/repository/java/org/codehaus/plexus/plexus-interpolation/1.13/plexus-interpolation-1.13.pom (890 B at 42 kB/s)
[INFO] Downloading: http://nexus-common.apps.ocp-eu2.prod.nextcle.com/repository/java/org/codehaus/plexus/plexus-components/1.1.15/plexus-components-1.1.15.pom
[INFO] Downloaded: http://nexus-common.apps.ocp-eu2.prod.nextcle.com/repository/java/org/codehaus/plexus/plexus-components/1.1.15/plexus-components-1.1.15.pom (2.8 kB at 58 kB/s)
[INFO] Downloading: http://nexus-common.apps.ocp-eu2.prod.nextcle.com/repository/java/org/codehaus/plexus/plexus/2.0.3/plexus-2.0.3.pom
[INFO] Downloaded: http://nexus-common.apps.ocp-eu2.prod.nextcle.com/repository/java/org/codehaus/plexus/plexus/2.0.3/plexus-2.0.3.pom (15 kB at 644 kB/s)
[INFO] Downloading: http://nexus-common.apps.ocp-eu2.prod.nextcle.com/repository/java/org/apache/maven/maven-plugin-api/2.0.6/maven-plugin-api-2.0.6.jar
[INFO] Downloading: http://nexus-common.apps.ocp-eu2.prod.nextcle.com/repository/java/org/apache/maven/maven-project/2.0.6/maven-project-2.0.6.jar
[INFO] Downloading: http://nexus-common.apps.ocp-eu2.prod.nextcle.com/repository/java/org/apache/maven/maven-profile/2.0.6/maven-profile-2.0.6.jar
[INFO] Downloading: http://nexus-common.apps.ocp-eu2.prod.nextcle.com/repository/java/org/apache/maven/maven-artifact-manager/2.0.6/maven-artifact-manager-2.0.6.jar
[INFO] Downloading: http://nexus-common.apps.ocp-eu2.prod.nextcle.com/repository/java/org/apache/maven/maven-plugin-registry/2.0.6/maven-plugin-registry-2.0.6.jar
[INFO] Downloaded: http://nexus-common.apps.ocp-eu2.prod.nextcle.com/repository/java/org/apache/maven/maven-artifact-manager/2.0.6/maven-artifact-manager-2.0.6.jar (57 kB at 831 kB/s)
[INFO] Downloading: http://nexus-common.apps.ocp-eu2.prod.nextcle.com/repository/java/org/apache/maven/maven-core/2.0.6/maven-core-2.0.6.jar
[INFO] Downloaded: http://nexus-common.apps.ocp-eu2.prod.nextcle.com/repository/java/org/apache/maven/maven-plugin-registry/2.0.6/maven-plugin-registry-2.0.6.jar (29 kB at 396 kB/s)
[INFO] Downloading: http://nexus-common.apps.ocp-eu2.prod.nextcle.com/repository/java/org/apache/maven/maven-plugin-parameter-documenter/2.0.6/maven-plugin-parameter-documenter-2.0.6.jar
[INFO] Downloaded: http://nexus-common.apps.ocp-eu2.prod.nextcle.com/repository/java/org/apache/maven/maven-plugin-api/2.0.6/maven-plugin-api-2.0.6.jar (13 kB at 167 kB/s)
[INFO] Downloading: http://nexus-common.apps.ocp-eu2.prod.nextcle.com/repository/java/org/apache/maven/reporting/maven-reporting-api/2.0.6/maven-reporting-api-2.0.6.jar
[INFO] Downloaded: http://nexus-common.apps.ocp-eu2.prod.nextcle.com/repository/java/org/apache/maven/maven-project/2.0.6/maven-project-2.0.6.jar (116 kB at 1.3 MB/s)
[INFO] Downloading: http://nexus-common.apps.ocp-eu2.prod.nextcle.com/repository/java/org/apache/maven/doxia/doxia-sink-api/1.0-alpha-7/doxia-sink-api-1.0-alpha-7.jar
[INFO] Downloaded: http://nexus-common.apps.ocp-eu2.prod.nextcle.com/repository/java/org/apache/maven/maven-profile/2.0.6/maven-profile-2.0.6.jar (35 kB at 371 kB/s)
[INFO] Downloading: http://nexus-common.apps.ocp-eu2.prod.nextcle.com/repository/java/org/apache/maven/maven-repository-metadata/2.0.6/maven-repository-metadata-2.0.6.jar
[INFO] Downloaded: http://nexus-common.apps.ocp-eu2.prod.nextcle.com/repository/java/org/apache/maven/maven-core/2.0.6/maven-core-2.0.6.jar (152 kB at 1.6 MB/s)
[INFO] Downloading: http://nexus-common.apps.ocp-eu2.prod.nextcle.com/repository/java/org/apache/maven/maven-error-diagnostics/2.0.6/maven-error-diagnostics-2.0.6.jar
[INFO] Downloaded: http://nexus-common.apps.ocp-eu2.prod.nextcle.com/repository/java/org/apache/maven/maven-plugin-parameter-documenter/2.0.6/maven-plugin-parameter-documenter-2.0.6.jar (21 kB at 202 kB/s)
[INFO] Downloading: http://nexus-common.apps.ocp-eu2.prod.nextcle.com/repository/java/commons-cli/commons-cli/1.0/commons-cli-1.0.jar
[INFO] Downloaded: http://nexus-common.apps.ocp-eu2.prod.nextcle.com/repository/java/org/apache/maven/maven-repository-metadata/2.0.6/maven-repository-metadata-2.0.6.jar (24 kB at 146 kB/s)
[INFO] Downloaded: http://nexus-common.apps.ocp-eu2.prod.nextcle.com/repository/java/org/apache/maven/doxia/doxia-sink-api/1.0-alpha-7/doxia-sink-api-1.0-alpha-7.jar (5.9 kB at 35 kB/s)
[INFO] Downloading: http://nexus-common.apps.ocp-eu2.prod.nextcle.com/repository/java/org/codehaus/plexus/plexus-interactivity-api/1.0-alpha-4/plexus-interactivity-api-1.0-alpha-4.jar
[INFO] Downloaded: http://nexus-common.apps.ocp-eu2.prod.nextcle.com/repository/java/org/apache/maven/reporting/maven-reporting-api/2.0.6/maven-reporting-api-2.0.6.jar (9.9 kB at 59 kB/s)
[INFO] Downloading: http://nexus-common.apps.ocp-eu2.prod.nextcle.com/repository/java/classworlds/classworlds/1.1/classworlds-1.1.jar
[INFO] Downloading: http://nexus-common.apps.ocp-eu2.prod.nextcle.com/repository/java/org/apache/maven/maven-plugin-descriptor/2.0.6/maven-plugin-descriptor-2.0.6.jar
[INFO] Downloaded: http://nexus-common.apps.ocp-eu2.prod.nextcle.com/repository/java/org/apache/maven/maven-error-diagnostics/2.0.6/maven-error-diagnostics-2.0.6.jar (14 kB at 79 kB/s)
[INFO] Downloading: http://nexus-common.apps.ocp-eu2.prod.nextcle.com/repository/java/org/apache/maven/maven-artifact/2.0.6/maven-artifact-2.0.6.jar
[INFO] Downloaded: http://nexus-common.apps.ocp-eu2.prod.nextcle.com/repository/java/classworlds/classworlds/1.1/classworlds-1.1.jar (38 kB at 206 kB/s)
[INFO] Downloading: http://nexus-common.apps.ocp-eu2.prod.nextcle.com/repository/java/org/apache/maven/maven-settings/2.0.6/maven-settings-2.0.6.jar
[INFO] Downloaded: http://nexus-common.apps.ocp-eu2.prod.nextcle.com/repository/java/commons-cli/commons-cli/1.0/commons-cli-1.0.jar (30 kB at 151 kB/s)
[INFO] Downloading: http://nexus-common.apps.ocp-eu2.prod.nextcle.com/repository/java/org/apache/maven/maven-model/2.0.6/maven-model-2.0.6.jar
[INFO] Downloaded: http://nexus-common.apps.ocp-eu2.prod.nextcle.com/repository/java/org/codehaus/plexus/plexus-interactivity-api/1.0-alpha-4/plexus-interactivity-api-1.0-alpha-4.jar (13 kB at 61 kB/s)
[INFO] Downloading: http://nexus-common.apps.ocp-eu2.prod.nextcle.com/repository/java/org/apache/maven/maven-monitor/2.0.6/maven-monitor-2.0.6.jar
[INFO] Downloaded: http://nexus-common.apps.ocp-eu2.prod.nextcle.com/repository/java/org/apache/maven/maven-plugin-descriptor/2.0.6/maven-plugin-descriptor-2.0.6.jar (37 kB at 128 kB/s)
[INFO] Downloading: http://nexus-common.apps.ocp-eu2.prod.nextcle.com/repository/java/org/codehaus/plexus/plexus-container-default/1.0-alpha-9-stable-1/plexus-container-default-1.0-alpha-9-stable-1.jar
[INFO] Downloaded: http://nexus-common.apps.ocp-eu2.prod.nextcle.com/repository/java/org/apache/maven/maven-monitor/2.0.6/maven-monitor-2.0.6.jar (10 kB at 35 kB/s)
[INFO] Downloaded: http://nexus-common.apps.ocp-eu2.prod.nextcle.com/repository/java/org/apache/maven/maven-settings/2.0.6/maven-settings-2.0.6.jar (49 kB at 170 kB/s)
[INFO] Downloading: http://nexus-common.apps.ocp-eu2.prod.nextcle.com/repository/java/junit/junit/3.8.1/junit-3.8.1.jar
[INFO] Downloading: http://nexus-common.apps.ocp-eu2.prod.nextcle.com/repository/java/org/codehaus/plexus/plexus-utils/2.0.5/plexus-utils-2.0.5.jar
[INFO] Downloaded: http://nexus-common.apps.ocp-eu2.prod.nextcle.com/repository/java/org/apache/maven/maven-artifact/2.0.6/maven-artifact-2.0.6.jar (87 kB at 298 kB/s)
[INFO] Downloading: http://nexus-common.apps.ocp-eu2.prod.nextcle.com/repository/java/org/apache/maven/shared/maven-filtering/1.1/maven-filtering-1.1.jar
[INFO] Downloaded: http://nexus-common.apps.ocp-eu2.prod.nextcle.com/repository/java/org/apache/maven/maven-model/2.0.6/maven-model-2.0.6.jar (86 kB at 292 kB/s)
[INFO] Downloading: http://nexus-common.apps.ocp-eu2.prod.nextcle.com/repository/java/org/sonatype/plexus/plexus-build-api/0.0.4/plexus-build-api-0.0.4.jar
[INFO] Downloaded: http://nexus-common.apps.ocp-eu2.prod.nextcle.com/repository/java/org/apache/maven/shared/maven-filtering/1.1/maven-filtering-1.1.jar (43 kB at 113 kB/s)
[INFO] Downloading: http://nexus-common.apps.ocp-eu2.prod.nextcle.com/repository/java/org/codehaus/plexus/plexus-interpolation/1.13/plexus-interpolation-1.13.jar
[INFO] Downloaded: http://nexus-common.apps.ocp-eu2.prod.nextcle.com/repository/java/junit/junit/3.8.1/junit-3.8.1.jar (121 kB at 319 kB/s)
[INFO] Downloaded: http://nexus-common.apps.ocp-eu2.prod.nextcle.com/repository/java/org/sonatype/plexus/plexus-build-api/0.0.4/plexus-build-api-0.0.4.jar (6.8 kB at 17 kB/s)
[INFO] Downloaded: http://nexus-common.apps.ocp-eu2.prod.nextcle.com/repository/java/org/codehaus/plexus/plexus-utils/2.0.5/plexus-utils-2.0.5.jar (223 kB at 572 kB/s)
[INFO] Downloaded: http://nexus-common.apps.ocp-eu2.prod.nextcle.com/repository/java/org/codehaus/plexus/plexus-interpolation/1.13/plexus-interpolation-1.13.jar (61 kB at 129 kB/s)
[INFO] Downloaded: http://nexus-common.apps.ocp-eu2.prod.nextcle.com/repository/java/org/codehaus/plexus/plexus-container-default/1.0-alpha-9-stable-1/plexus-container-default-1.0-alpha-9-stable-1.jar (194 kB at 384 kB/s)
[INFO] Using 'UTF-8' encoding to copy filtered resources.
[INFO] skip non existing resourceDirectory /tmp/src/src/main/resources
[INFO] 
[INFO] --- maven-compiler-plugin:3.1:compile (default-compile) @ java-serverhost ---
[INFO] Downloading: http://nexus-common.apps.ocp-eu2.prod.nextcle.com/repository/java/org/apache/maven/maven-plugin-api/2.0.9/maven-plugin-api-2.0.9.pom
[INFO] Downloaded: http://nexus-common.apps.ocp-eu2.prod.nextcle.com/repository/java/org/apache/maven/maven-plugin-api/2.0.9/maven-plugin-api-2.0.9.pom (1.5 kB at 100 kB/s)
[INFO] Downloading: http://nexus-common.apps.ocp-eu2.prod.nextcle.com/repository/java/org/apache/maven/maven/2.0.9/maven-2.0.9.pom
[INFO] Downloaded: http://nexus-common.apps.ocp-eu2.prod.nextcle.com/repository/java/org/apache/maven/maven/2.0.9/maven-2.0.9.pom (19 kB at 1.5 MB/s)
[INFO] Downloading: http://nexus-common.apps.ocp-eu2.prod.nextcle.com/repository/java/org/apache/maven/maven-parent/8/maven-parent-8.pom
[INFO] Downloaded: http://nexus-common.apps.ocp-eu2.prod.nextcle.com/repository/java/org/apache/maven/maven-parent/8/maven-parent-8.pom (24 kB at 1.3 MB/s)
[INFO] Downloading: http://nexus-common.apps.ocp-eu2.prod.nextcle.com/repository/java/org/apache/apache/4/apache-4.pom
[INFO] Downloaded: http://nexus-common.apps.ocp-eu2.prod.nextcle.com/repository/java/org/apache/apache/4/apache-4.pom (4.5 kB at 562 kB/s)
[INFO] Downloading: http://nexus-common.apps.ocp-eu2.prod.nextcle.com/repository/java/org/apache/maven/maven-artifact/2.0.9/maven-artifact-2.0.9.pom
[INFO] Downloaded: http://nexus-common.apps.ocp-eu2.prod.nextcle.com/repository/java/org/apache/maven/maven-artifact/2.0.9/maven-artifact-2.0.9.pom (1.6 kB at 135 kB/s)
[INFO] Downloading: http://nexus-common.apps.ocp-eu2.prod.nextcle.com/repository/java/org/codehaus/plexus/plexus-utils/1.5.1/plexus-utils-1.5.1.pom
[INFO] Downloaded: http://nexus-common.apps.ocp-eu2.prod.nextcle.com/repository/java/org/codehaus/plexus/plexus-utils/1.5.1/plexus-utils-1.5.1.pom (2.3 kB at 209 kB/s)
[INFO] Downloading: http://nexus-common.apps.ocp-eu2.prod.nextcle.com/repository/java/org/apache/maven/maven-core/2.0.9/maven-core-2.0.9.pom
[INFO] Downloaded: http://nexus-common.apps.ocp-eu2.prod.nextcle.com/repository/java/org/apache/maven/maven-core/2.0.9/maven-core-2.0.9.pom (7.8 kB at 236 kB/s)
[INFO] Downloading: http://nexus-common.apps.ocp-eu2.prod.nextcle.com/repository/java/org/apache/maven/maven-settings/2.0.9/maven-settings-2.0.9.pom
[INFO] Downloaded: http://nexus-common.apps.ocp-eu2.prod.nextcle.com/repository/java/org/apache/maven/maven-settings/2.0.9/maven-settings-2.0.9.pom (2.1 kB at 137 kB/s)
[INFO] Downloading: http://nexus-common.apps.ocp-eu2.prod.nextcle.com/repository/java/org/apache/maven/maven-model/2.0.9/maven-model-2.0.9.pom
[INFO] Downloaded: http://nexus-common.apps.ocp-eu2.prod.nextcle.com/repository/java/org/apache/maven/maven-model/2.0.9/maven-model-2.0.9.pom (3.1 kB at 262 kB/s)
[INFO] Downloading: http://nexus-common.apps.ocp-eu2.prod.nextcle.com/repository/java/org/apache/maven/maven-plugin-parameter-documenter/2.0.9/maven-plugin-parameter-documenter-2.0.9.pom
[INFO] Downloaded: http://nexus-common.apps.ocp-eu2.prod.nextcle.com/repository/java/org/apache/maven/maven-plugin-parameter-documenter/2.0.9/maven-plugin-parameter-documenter-2.0.9.pom (2.0 kB at 151 kB/s)
[INFO] Downloading: http://nexus-common.apps.ocp-eu2.prod.nextcle.com/repository/java/org/apache/maven/maven-profile/2.0.9/maven-profile-2.0.9.pom
[INFO] Downloaded: http://nexus-common.apps.ocp-eu2.prod.nextcle.com/repository/java/org/apache/maven/maven-profile/2.0.9/maven-profile-2.0.9.pom (2.0 kB at 76 kB/s)
[INFO] Downloading: http://nexus-common.apps.ocp-eu2.prod.nextcle.com/repository/java/org/apache/maven/maven-repository-metadata/2.0.9/maven-repository-metadata-2.0.9.pom
[INFO] Downloaded: http://nexus-common.apps.ocp-eu2.prod.nextcle.com/repository/java/org/apache/maven/maven-repository-metadata/2.0.9/maven-repository-metadata-2.0.9.pom (1.9 kB at 136 kB/s)
[INFO] Downloading: http://nexus-common.apps.ocp-eu2.prod.nextcle.com/repository/java/org/apache/maven/maven-error-diagnostics/2.0.9/maven-error-diagnostics-2.0.9.pom
[INFO] Downloaded: http://nexus-common.apps.ocp-eu2.prod.nextcle.com/repository/java/org/apache/maven/maven-error-diagnostics/2.0.9/maven-error-diagnostics-2.0.9.pom (1.7 kB at 145 kB/s)
[INFO] Downloading: http://nexus-common.apps.ocp-eu2.prod.nextcle.com/repository/java/org/apache/maven/maven-project/2.0.9/maven-project-2.0.9.pom
[INFO] Downloaded: http://nexus-common.apps.ocp-eu2.prod.nextcle.com/repository/java/org/apache/maven/maven-project/2.0.9/maven-project-2.0.9.pom (2.7 kB at 169 kB/s)
[INFO] Downloading: http://nexus-common.apps.ocp-eu2.prod.nextcle.com/repository/java/org/apache/maven/maven-artifact-manager/2.0.9/maven-artifact-manager-2.0.9.pom
[INFO] Downloaded: http://nexus-common.apps.ocp-eu2.prod.nextcle.com/repository/java/org/apache/maven/maven-artifact-manager/2.0.9/maven-artifact-manager-2.0.9.pom (2.7 kB at 208 kB/s)
[INFO] Downloading: http://nexus-common.apps.ocp-eu2.prod.nextcle.com/repository/java/org/apache/maven/maven-plugin-registry/2.0.9/maven-plugin-registry-2.0.9.pom
[INFO] Downloaded: http://nexus-common.apps.ocp-eu2.prod.nextcle.com/repository/java/org/apache/maven/maven-plugin-registry/2.0.9/maven-plugin-registry-2.0.9.pom (2.0 kB at 179 kB/s)
[INFO] Downloading: http://nexus-common.apps.ocp-eu2.prod.nextcle.com/repository/java/org/apache/maven/maven-plugin-descriptor/2.0.9/maven-plugin-descriptor-2.0.9.pom
[INFO] Downloaded: http://nexus-common.apps.ocp-eu2.prod.nextcle.com/repository/java/org/apache/maven/maven-plugin-descriptor/2.0.9/maven-plugin-descriptor-2.0.9.pom (2.1 kB at 208 kB/s)
[INFO] Downloading: http://nexus-common.apps.ocp-eu2.prod.nextcle.com/repository/java/org/apache/maven/maven-monitor/2.0.9/maven-monitor-2.0.9.pom
[INFO] Downloaded: http://nexus-common.apps.ocp-eu2.prod.nextcle.com/repository/java/org/apache/maven/maven-monitor/2.0.9/maven-monitor-2.0.9.pom (1.3 kB at 58 kB/s)
[INFO] Downloading: http://nexus-common.apps.ocp-eu2.prod.nextcle.com/repository/java/org/apache/maven/maven-toolchain/1.0/maven-toolchain-1.0.pom
[INFO] Downloaded: http://nexus-common.apps.ocp-eu2.prod.nextcle.com/repository/java/org/apache/maven/maven-toolchain/1.0/maven-toolchain-1.0.pom (3.4 kB at 228 kB/s)
[INFO] Downloading: http://nexus-common.apps.ocp-eu2.prod.nextcle.com/repository/java/org/apache/maven/shared/maven-shared-utils/0.1/maven-shared-utils-0.1.pom
[INFO] Downloaded: http://nexus-common.apps.ocp-eu2.prod.nextcle.com/repository/java/org/apache/maven/shared/maven-shared-utils/0.1/maven-shared-utils-0.1.pom (4.0 kB at 506 kB/s)
[INFO] Downloading: http://nexus-common.apps.ocp-eu2.prod.nextcle.com/repository/java/org/apache/maven/shared/maven-shared-components/18/maven-shared-components-18.pom
[INFO] Downloaded: http://nexus-common.apps.ocp-eu2.prod.nextcle.com/repository/java/org/apache/maven/shared/maven-shared-components/18/maven-shared-components-18.pom (4.9 kB at 548 kB/s)
[INFO] Downloading: http://nexus-common.apps.ocp-eu2.prod.nextcle.com/repository/java/com/google/code/findbugs/jsr305/2.0.1/jsr305-2.0.1.pom
[INFO] Downloaded: http://nexus-common.apps.ocp-eu2.prod.nextcle.com/repository/java/com/google/code/findbugs/jsr305/2.0.1/jsr305-2.0.1.pom (965 B at 96 kB/s)
[INFO] Downloading: http://nexus-common.apps.ocp-eu2.prod.nextcle.com/repository/java/org/apache/maven/shared/maven-shared-incremental/1.1/maven-shared-incremental-1.1.pom
[INFO] Downloaded: http://nexus-common.apps.ocp-eu2.prod.nextcle.com/repository/java/org/apache/maven/shared/maven-shared-incremental/1.1/maven-shared-incremental-1.1.pom (4.7 kB at 593 kB/s)
[INFO] Downloading: http://nexus-common.apps.ocp-eu2.prod.nextcle.com/repository/java/org/apache/maven/shared/maven-shared-components/19/maven-shared-components-19.pom
[INFO] Downloaded: http://nexus-common.apps.ocp-eu2.prod.nextcle.com/repository/java/org/apache/maven/shared/maven-shared-components/19/maven-shared-components-19.pom (6.4 kB at 908 kB/s)
[INFO] Downloading: http://nexus-common.apps.ocp-eu2.prod.nextcle.com/repository/java/org/apache/maven/maven-plugin-api/2.2.1/maven-plugin-api-2.2.1.pom
[INFO] Downloaded: http://nexus-common.apps.ocp-eu2.prod.nextcle.com/repository/java/org/apache/maven/maven-plugin-api/2.2.1/maven-plugin-api-2.2.1.pom (1.5 kB at 208 kB/s)
[INFO] Downloading: http://nexus-common.apps.ocp-eu2.prod.nextcle.com/repository/java/org/apache/maven/maven/2.2.1/maven-2.2.1.pom
[INFO] Downloaded: http://nexus-common.apps.ocp-eu2.prod.nextcle.com/repository/java/org/apache/maven/maven/2.2.1/maven-2.2.1.pom (22 kB at 2.8 MB/s)
[INFO] Downloading: http://nexus-common.apps.ocp-eu2.prod.nextcle.com/repository/java/org/apache/maven/maven-parent/11/maven-parent-11.pom
[INFO] Downloaded: http://nexus-common.apps.ocp-eu2.prod.nextcle.com/repository/java/org/apache/maven/maven-parent/11/maven-parent-11.pom (32 kB at 4.6 MB/s)
[INFO] Downloading: http://nexus-common.apps.ocp-eu2.prod.nextcle.com/repository/java/org/apache/apache/5/apache-5.pom
[INFO] Downloaded: http://nexus-common.apps.ocp-eu2.prod.nextcle.com/repository/java/org/apache/apache/5/apache-5.pom (4.1 kB at 410 kB/s)
[INFO] Downloading: http://nexus-common.apps.ocp-eu2.prod.nextcle.com/repository/java/org/apache/maven/maven-core/2.2.1/maven-core-2.2.1.pom
[INFO] Downloaded: http://nexus-common.apps.ocp-eu2.prod.nextcle.com/repository/java/org/apache/maven/maven-core/2.2.1/maven-core-2.2.1.pom (12 kB at 1.2 MB/s)
[INFO] Downloading: http://nexus-common.apps.ocp-eu2.prod.nextcle.com/repository/java/org/apache/maven/maven-settings/2.2.1/maven-settings-2.2.1.pom
[INFO] Downloaded: http://nexus-common.apps.ocp-eu2.prod.nextcle.com/repository/java/org/apache/maven/maven-settings/2.2.1/maven-settings-2.2.1.pom (2.2 kB at 311 kB/s)
[INFO] Downloading: http://nexus-common.apps.ocp-eu2.prod.nextcle.com/repository/java/org/apache/maven/maven-model/2.2.1/maven-model-2.2.1.pom
[INFO] Downloaded: http://nexus-common.apps.ocp-eu2.prod.nextcle.com/repository/java/org/apache/maven/maven-model/2.2.1/maven-model-2.2.1.pom (3.2 kB at 463 kB/s)
[INFO] Downloading: http://nexus-common.apps.ocp-eu2.prod.nextcle.com/repository/java/org/codehaus/plexus/plexus-interpolation/1.11/plexus-interpolation-1.11.pom
[INFO] Downloaded: http://nexus-common.apps.ocp-eu2.prod.nextcle.com/repository/java/org/codehaus/plexus/plexus-interpolation/1.11/plexus-interpolation-1.11.pom (889 B at 56 kB/s)
[INFO] Downloading: http://nexus-common.apps.ocp-eu2.prod.nextcle.com/repository/java/org/apache/maven/maven-plugin-parameter-documenter/2.2.1/maven-plugin-parameter-documenter-2.2.1.pom
[INFO] Downloaded: http://nexus-common.apps.ocp-eu2.prod.nextcle.com/repository/java/org/apache/maven/maven-plugin-parameter-documenter/2.2.1/maven-plugin-parameter-documenter-2.2.1.pom (2.0 kB at 245 kB/s)
[INFO] Downloading: http://nexus-common.apps.ocp-eu2.prod.nextcle.com/repository/java/org/slf4j/slf4j-jdk14/1.5.6/slf4j-jdk14-1.5.6.pom
[INFO] Downloaded: http://nexus-common.apps.ocp-eu2.prod.nextcle.com/repository/java/org/slf4j/slf4j-jdk14/1.5.6/slf4j-jdk14-1.5.6.pom (1.9 kB at 33 kB/s)
[INFO] Downloading: http://nexus-common.apps.ocp-eu2.prod.nextcle.com/repository/java/org/slf4j/slf4j-parent/1.5.6/slf4j-parent-1.5.6.pom
[INFO] Downloaded: http://nexus-common.apps.ocp-eu2.prod.nextcle.com/repository/java/org/slf4j/slf4j-parent/1.5.6/slf4j-parent-1.5.6.pom (7.9 kB at 495 kB/s)
[INFO] Downloading: http://nexus-common.apps.ocp-eu2.prod.nextcle.com/repository/java/org/slf4j/slf4j-api/1.5.6/slf4j-api-1.5.6.pom
[INFO] Downloaded: http://nexus-common.apps.ocp-eu2.prod.nextcle.com/repository/java/org/slf4j/slf4j-api/1.5.6/slf4j-api-1.5.6.pom (3.0 kB at 332 kB/s)
[INFO] Downloading: http://nexus-common.apps.ocp-eu2.prod.nextcle.com/repository/java/org/slf4j/jcl-over-slf4j/1.5.6/jcl-over-slf4j-1.5.6.pom
[INFO] Downloaded: http://nexus-common.apps.ocp-eu2.prod.nextcle.com/repository/java/org/slf4j/jcl-over-slf4j/1.5.6/jcl-over-slf4j-1.5.6.pom (2.2 kB at 145 kB/s)
[INFO] Downloading: http://nexus-common.apps.ocp-eu2.prod.nextcle.com/repository/java/org/apache/maven/maven-profile/2.2.1/maven-profile-2.2.1.pom
[INFO] Downloaded: http://nexus-common.apps.ocp-eu2.prod.nextcle.com/repository/java/org/apache/maven/maven-profile/2.2.1/maven-profile-2.2.1.pom (2.2 kB at 35 kB/s)
[INFO] Downloading: http://nexus-common.apps.ocp-eu2.prod.nextcle.com/repository/java/org/apache/maven/maven-artifact/2.2.1/maven-artifact-2.2.1.pom
[INFO] Downloaded: http://nexus-common.apps.ocp-eu2.prod.nextcle.com/repository/java/org/apache/maven/maven-artifact/2.2.1/maven-artifact-2.2.1.pom (1.6 kB at 22 kB/s)
[INFO] Downloading: http://nexus-common.apps.ocp-eu2.prod.nextcle.com/repository/java/org/apache/maven/maven-repository-metadata/2.2.1/maven-repository-metadata-2.2.1.pom
[INFO] Downloaded: http://nexus-common.apps.ocp-eu2.prod.nextcle.com/repository/java/org/apache/maven/maven-repository-metadata/2.2.1/maven-repository-metadata-2.2.1.pom (1.9 kB at 46 kB/s)
[INFO] Downloading: http://nexus-common.apps.ocp-eu2.prod.nextcle.com/repository/java/org/apache/maven/maven-error-diagnostics/2.2.1/maven-error-diagnostics-2.2.1.pom
[INFO] Downloaded: http://nexus-common.apps.ocp-eu2.prod.nextcle.com/repository/java/org/apache/maven/maven-error-diagnostics/2.2.1/maven-error-diagnostics-2.2.1.pom (1.7 kB at 25 kB/s)
[INFO] Downloading: http://nexus-common.apps.ocp-eu2.prod.nextcle.com/repository/java/org/apache/maven/maven-project/2.2.1/maven-project-2.2.1.pom
[INFO] Downloaded: http://nexus-common.apps.ocp-eu2.prod.nextcle.com/repository/java/org/apache/maven/maven-project/2.2.1/maven-project-2.2.1.pom (2.8 kB at 213 kB/s)
[INFO] Downloading: http://nexus-common.apps.ocp-eu2.prod.nextcle.com/repository/java/org/apache/maven/maven-artifact-manager/2.2.1/maven-artifact-manager-2.2.1.pom
[INFO] Downloaded: http://nexus-common.apps.ocp-eu2.prod.nextcle.com/repository/java/org/apache/maven/maven-artifact-manager/2.2.1/maven-artifact-manager-2.2.1.pom (3.1 kB at 388 kB/s)
[INFO] Downloading: http://nexus-common.apps.ocp-eu2.prod.nextcle.com/repository/java/backport-util-concurrent/backport-util-concurrent/3.1/backport-util-concurrent-3.1.pom
[INFO] Downloaded: http://nexus-common.apps.ocp-eu2.prod.nextcle.com/repository/java/backport-util-concurrent/backport-util-concurrent/3.1/backport-util-concurrent-3.1.pom (880 B at 18 kB/s)
[INFO] Downloading: http://nexus-common.apps.ocp-eu2.prod.nextcle.com/repository/java/org/apache/maven/maven-plugin-registry/2.2.1/maven-plugin-registry-2.2.1.pom
[INFO] Downloaded: http://nexus-common.apps.ocp-eu2.prod.nextcle.com/repository/java/org/apache/maven/maven-plugin-registry/2.2.1/maven-plugin-registry-2.2.1.pom (1.9 kB at 276 kB/s)
[INFO] Downloading: http://nexus-common.apps.ocp-eu2.prod.nextcle.com/repository/java/org/apache/maven/maven-plugin-descriptor/2.2.1/maven-plugin-descriptor-2.2.1.pom
[INFO] Downloaded: http://nexus-common.apps.ocp-eu2.prod.nextcle.com/repository/java/org/apache/maven/maven-plugin-descriptor/2.2.1/maven-plugin-descriptor-2.2.1.pom (2.1 kB at 229 kB/s)
[INFO] Downloading: http://nexus-common.apps.ocp-eu2.prod.nextcle.com/repository/java/org/apache/maven/maven-monitor/2.2.1/maven-monitor-2.2.1.pom
[INFO] Downloaded: http://nexus-common.apps.ocp-eu2.prod.nextcle.com/repository/java/org/apache/maven/maven-monitor/2.2.1/maven-monitor-2.2.1.pom (1.3 kB at 180 kB/s)
[INFO] Downloading: http://nexus-common.apps.ocp-eu2.prod.nextcle.com/repository/java/org/sonatype/plexus/plexus-sec-dispatcher/1.3/plexus-sec-dispatcher-1.3.pom
[INFO] Downloaded: http://nexus-common.apps.ocp-eu2.prod.nextcle.com/repository/java/org/sonatype/plexus/plexus-sec-dispatcher/1.3/plexus-sec-dispatcher-1.3.pom (3.0 kB at 423 kB/s)
[INFO] Downloading: http://nexus-common.apps.ocp-eu2.prod.nextcle.com/repository/java/org/sonatype/spice/spice-parent/12/spice-parent-12.pom
[INFO] Downloaded: http://nexus-common.apps.ocp-eu2.prod.nextcle.com/repository/java/org/sonatype/spice/spice-parent/12/spice-parent-12.pom (6.8 kB at 971 kB/s)
[INFO] Downloading: http://nexus-common.apps.ocp-eu2.prod.nextcle.com/repository/java/org/sonatype/forge/forge-parent/4/forge-parent-4.pom
[INFO] Downloaded: http://nexus-common.apps.ocp-eu2.prod.nextcle.com/repository/java/org/sonatype/forge/forge-parent/4/forge-parent-4.pom (8.4 kB at 365 kB/s)
[INFO] Downloading: http://nexus-common.apps.ocp-eu2.prod.nextcle.com/repository/java/org/codehaus/plexus/plexus-utils/1.5.5/plexus-utils-1.5.5.pom
[INFO] Downloaded: http://nexus-common.apps.ocp-eu2.prod.nextcle.com/repository/java/org/codehaus/plexus/plexus-utils/1.5.5/plexus-utils-1.5.5.pom (5.1 kB at 572 kB/s)
[INFO] Downloading: http://nexus-common.apps.ocp-eu2.prod.nextcle.com/repository/java/org/sonatype/plexus/plexus-cipher/1.4/plexus-cipher-1.4.pom
[INFO] Downloaded: http://nexus-common.apps.ocp-eu2.prod.nextcle.com/repository/java/org/sonatype/plexus/plexus-cipher/1.4/plexus-cipher-1.4.pom (2.1 kB at 229 kB/s)
[INFO] Downloading: http://nexus-common.apps.ocp-eu2.prod.nextcle.com/repository/java/org/codehaus/plexus/plexus-component-annotations/1.5.5/plexus-component-annotations-1.5.5.pom
[INFO] Downloaded: http://nexus-common.apps.ocp-eu2.prod.nextcle.com/repository/java/org/codehaus/plexus/plexus-component-annotations/1.5.5/plexus-component-annotations-1.5.5.pom (815 B at 116 kB/s)
[INFO] Downloading: http://nexus-common.apps.ocp-eu2.prod.nextcle.com/repository/java/org/codehaus/plexus/plexus-containers/1.5.5/plexus-containers-1.5.5.pom
[INFO] Downloaded: http://nexus-common.apps.ocp-eu2.prod.nextcle.com/repository/java/org/codehaus/plexus/plexus-containers/1.5.5/plexus-containers-1.5.5.pom (4.2 kB at 530 kB/s)
[INFO] Downloading: http://nexus-common.apps.ocp-eu2.prod.nextcle.com/repository/java/org/codehaus/plexus/plexus/2.0.7/plexus-2.0.7.pom
[INFO] Downloaded: http://nexus-common.apps.ocp-eu2.prod.nextcle.com/repository/java/org/codehaus/plexus/plexus/2.0.7/plexus-2.0.7.pom (17 kB at 393 kB/s)
[INFO] Downloading: http://nexus-common.apps.ocp-eu2.prod.nextcle.com/repository/java/org/codehaus/plexus/plexus-compiler-api/2.2/plexus-compiler-api-2.2.pom
[INFO] Downloaded: http://nexus-common.apps.ocp-eu2.prod.nextcle.com/repository/java/org/codehaus/plexus/plexus-compiler-api/2.2/plexus-compiler-api-2.2.pom (865 B at 31 kB/s)
[INFO] Downloading: http://nexus-common.apps.ocp-eu2.prod.nextcle.com/repository/java/org/codehaus/plexus/plexus-compiler/2.2/plexus-compiler-2.2.pom
[INFO] Downloaded: http://nexus-common.apps.ocp-eu2.prod.nextcle.com/repository/java/org/codehaus/plexus/plexus-compiler/2.2/plexus-compiler-2.2.pom (3.6 kB at 213 kB/s)
[INFO] Downloading: http://nexus-common.apps.ocp-eu2.prod.nextcle.com/repository/java/org/codehaus/plexus/plexus-components/1.3.1/plexus-components-1.3.1.pom
[INFO] Downloaded: http://nexus-common.apps.ocp-eu2.prod.nextcle.com/repository/java/org/codehaus/plexus/plexus-components/1.3.1/plexus-components-1.3.1.pom (3.1 kB at 192 kB/s)
[INFO] Downloading: http://nexus-common.apps.ocp-eu2.prod.nextcle.com/repository/java/org/codehaus/plexus/plexus/3.3.1/plexus-3.3.1.pom
[INFO] Downloaded: http://nexus-common.apps.ocp-eu2.prod.nextcle.com/repository/java/org/codehaus/plexus/plexus/3.3.1/plexus-3.3.1.pom (20 kB at 266 kB/s)
[INFO] Downloading: http://nexus-common.apps.ocp-eu2.prod.nextcle.com/repository/java/org/sonatype/spice/spice-parent/17/spice-parent-17.pom
[INFO] Downloaded: http://nexus-common.apps.ocp-eu2.prod.nextcle.com/repository/java/org/sonatype/spice/spice-parent/17/spice-parent-17.pom (6.8 kB at 282 kB/s)
[INFO] Downloading: http://nexus-common.apps.ocp-eu2.prod.nextcle.com/repository/java/org/sonatype/forge/forge-parent/10/forge-parent-10.pom
[INFO] Downloaded: http://nexus-common.apps.ocp-eu2.prod.nextcle.com/repository/java/org/sonatype/forge/forge-parent/10/forge-parent-10.pom (14 kB at 798 kB/s)
[INFO] Downloading: http://nexus-common.apps.ocp-eu2.prod.nextcle.com/repository/java/org/codehaus/plexus/plexus-utils/3.0.8/plexus-utils-3.0.8.pom
[INFO] Downloaded: http://nexus-common.apps.ocp-eu2.prod.nextcle.com/repository/java/org/codehaus/plexus/plexus-utils/3.0.8/plexus-utils-3.0.8.pom (3.1 kB at 175 kB/s)
[INFO] Downloading: http://nexus-common.apps.ocp-eu2.prod.nextcle.com/repository/java/org/codehaus/plexus/plexus/3.2/plexus-3.2.pom
[INFO] Downloaded: http://nexus-common.apps.ocp-eu2.prod.nextcle.com/repository/java/org/codehaus/plexus/plexus/3.2/plexus-3.2.pom (19 kB at 2.7 MB/s)
[INFO] Downloading: http://nexus-common.apps.ocp-eu2.prod.nextcle.com/repository/java/org/codehaus/plexus/plexus-compiler-manager/2.2/plexus-compiler-manager-2.2.pom
[INFO] Downloaded: http://nexus-common.apps.ocp-eu2.prod.nextcle.com/repository/java/org/codehaus/plexus/plexus-compiler-manager/2.2/plexus-compiler-manager-2.2.pom (690 B at 53 kB/s)
[INFO] Downloading: http://nexus-common.apps.ocp-eu2.prod.nextcle.com/repository/java/org/codehaus/plexus/plexus-compiler-javac/2.2/plexus-compiler-javac-2.2.pom
[INFO] Downloaded: http://nexus-common.apps.ocp-eu2.prod.nextcle.com/repository/java/org/codehaus/plexus/plexus-compiler-javac/2.2/plexus-compiler-javac-2.2.pom (769 B at 35 kB/s)
[INFO] Downloading: http://nexus-common.apps.ocp-eu2.prod.nextcle.com/repository/java/org/codehaus/plexus/plexus-compilers/2.2/plexus-compilers-2.2.pom
[INFO] Downloaded: http://nexus-common.apps.ocp-eu2.prod.nextcle.com/repository/java/org/codehaus/plexus/plexus-compilers/2.2/plexus-compilers-2.2.pom (1.2 kB at 103 kB/s)
[INFO] Downloading: http://nexus-common.apps.ocp-eu2.prod.nextcle.com/repository/java/org/codehaus/plexus/plexus-container-default/1.5.5/plexus-container-default-1.5.5.pom
[INFO] Downloaded: http://nexus-common.apps.ocp-eu2.prod.nextcle.com/repository/java/org/codehaus/plexus/plexus-container-default/1.5.5/plexus-container-default-1.5.5.pom (2.8 kB at 276 kB/s)
[INFO] Downloading: http://nexus-common.apps.ocp-eu2.prod.nextcle.com/repository/java/org/codehaus/plexus/plexus-utils/1.4.5/plexus-utils-1.4.5.pom
[INFO] Downloaded: http://nexus-common.apps.ocp-eu2.prod.nextcle.com/repository/java/org/codehaus/plexus/plexus-utils/1.4.5/plexus-utils-1.4.5.pom (2.3 kB at 87 kB/s)
[INFO] Downloading: http://nexus-common.apps.ocp-eu2.prod.nextcle.com/repository/java/org/codehaus/plexus/plexus-classworlds/2.2.2/plexus-classworlds-2.2.2.pom
[INFO] Downloaded: http://nexus-common.apps.ocp-eu2.prod.nextcle.com/repository/java/org/codehaus/plexus/plexus-classworlds/2.2.2/plexus-classworlds-2.2.2.pom (4.0 kB at 288 kB/s)
[INFO] Downloading: http://nexus-common.apps.ocp-eu2.prod.nextcle.com/repository/java/org/apache/xbean/xbean-reflect/3.4/xbean-reflect-3.4.pom
[INFO] Downloaded: http://nexus-common.apps.ocp-eu2.prod.nextcle.com/repository/java/org/apache/xbean/xbean-reflect/3.4/xbean-reflect-3.4.pom (2.8 kB at 156 kB/s)
[INFO] Downloading: http://nexus-common.apps.ocp-eu2.prod.nextcle.com/repository/java/org/apache/xbean/xbean/3.4/xbean-3.4.pom
[INFO] Downloaded: http://nexus-common.apps.ocp-eu2.prod.nextcle.com/repository/java/org/apache/xbean/xbean/3.4/xbean-3.4.pom (19 kB at 842 kB/s)
[INFO] Downloading: http://nexus-common.apps.ocp-eu2.prod.nextcle.com/repository/java/log4j/log4j/1.2.12/log4j-1.2.12.pom
[INFO] Downloaded: http://nexus-common.apps.ocp-eu2.prod.nextcle.com/repository/java/log4j/log4j/1.2.12/log4j-1.2.12.pom (145 B at 18 kB/s)
[INFO] Downloading: http://nexus-common.apps.ocp-eu2.prod.nextcle.com/repository/java/commons-logging/commons-logging-api/1.1/commons-logging-api-1.1.pom
[INFO] Downloaded: http://nexus-common.apps.ocp-eu2.prod.nextcle.com/repository/java/commons-logging/commons-logging-api/1.1/commons-logging-api-1.1.pom (5.3 kB at 411 kB/s)
[INFO] Downloading: http://nexus-common.apps.ocp-eu2.prod.nextcle.com/repository/java/com/google/collections/google-collections/1.0/google-collections-1.0.pom
[INFO] Downloaded: http://nexus-common.apps.ocp-eu2.prod.nextcle.com/repository/java/com/google/collections/google-collections/1.0/google-collections-1.0.pom (2.5 kB at 177 kB/s)
[INFO] Downloading: http://nexus-common.apps.ocp-eu2.prod.nextcle.com/repository/java/com/google/google/1/google-1.pom
[INFO] Downloaded: http://nexus-common.apps.ocp-eu2.prod.nextcle.com/repository/java/com/google/google/1/google-1.pom (1.6 kB at 58 kB/s)
[INFO] Downloading: http://nexus-common.apps.ocp-eu2.prod.nextcle.com/repository/java/junit/junit/3.8.2/junit-3.8.2.pom
[INFO] Downloaded: http://nexus-common.apps.ocp-eu2.prod.nextcle.com/repository/java/junit/junit/3.8.2/junit-3.8.2.pom (747 B at 68 kB/s)
[INFO] Downloading: http://nexus-common.apps.ocp-eu2.prod.nextcle.com/repository/java/org/apache/maven/maven-plugin-api/2.0.9/maven-plugin-api-2.0.9.jar
[INFO] Downloading: http://nexus-common.apps.ocp-eu2.prod.nextcle.com/repository/java/org/apache/maven/maven-artifact/2.0.9/maven-artifact-2.0.9.jar
[INFO] Downloading: http://nexus-common.apps.ocp-eu2.prod.nextcle.com/repository/java/org/codehaus/plexus/plexus-utils/1.5.1/plexus-utils-1.5.1.jar
[INFO] Downloading: http://nexus-common.apps.ocp-eu2.prod.nextcle.com/repository/java/org/apache/maven/maven-core/2.0.9/maven-core-2.0.9.jar
[INFO] Downloading: http://nexus-common.apps.ocp-eu2.prod.nextcle.com/repository/java/org/apache/maven/maven-settings/2.0.9/maven-settings-2.0.9.jar
[INFO] Downloaded: http://nexus-common.apps.ocp-eu2.prod.nextcle.com/repository/java/org/apache/maven/maven-core/2.0.9/maven-core-2.0.9.jar (160 kB at 3.1 MB/s)
[INFO] Downloading: http://nexus-common.apps.ocp-eu2.prod.nextcle.com/repository/java/org/apache/maven/maven-plugin-parameter-documenter/2.0.9/maven-plugin-parameter-documenter-2.0.9.jar
[INFO] Downloaded: http://nexus-common.apps.ocp-eu2.prod.nextcle.com/repository/java/org/apache/maven/maven-settings/2.0.9/maven-settings-2.0.9.jar (49 kB at 963 kB/s)
[INFO] Downloading: http://nexus-common.apps.ocp-eu2.prod.nextcle.com/repository/java/org/apache/maven/maven-profile/2.0.9/maven-profile-2.0.9.jar
[INFO] Downloaded: http://nexus-common.apps.ocp-eu2.prod.nextcle.com/repository/java/org/codehaus/plexus/plexus-utils/1.5.1/plexus-utils-1.5.1.jar (211 kB at 2.3 MB/s)
[INFO] Downloading: http://nexus-common.apps.ocp-eu2.prod.nextcle.com/repository/java/org/apache/maven/maven-model/2.0.9/maven-model-2.0.9.jar
[INFO] Downloaded: http://nexus-common.apps.ocp-eu2.prod.nextcle.com/repository/java/org/apache/maven/maven-plugin-api/2.0.9/maven-plugin-api-2.0.9.jar (13 kB at 110 kB/s)
[INFO] Downloading: http://nexus-common.apps.ocp-eu2.prod.nextcle.com/repository/java/org/apache/maven/maven-repository-metadata/2.0.9/maven-repository-metadata-2.0.9.jar
[INFO] Downloaded: http://nexus-common.apps.ocp-eu2.prod.nextcle.com/repository/java/org/apache/maven/maven-artifact/2.0.9/maven-artifact-2.0.9.jar (89 kB at 700 kB/s)
[INFO] Downloading: http://nexus-common.apps.ocp-eu2.prod.nextcle.com/repository/java/org/apache/maven/maven-error-diagnostics/2.0.9/maven-error-diagnostics-2.0.9.jar
[INFO] Downloaded: http://nexus-common.apps.ocp-eu2.prod.nextcle.com/repository/java/org/apache/maven/maven-model/2.0.9/maven-model-2.0.9.jar (87 kB at 832 kB/s)
[INFO] Downloading: http://nexus-common.apps.ocp-eu2.prod.nextcle.com/repository/java/org/apache/maven/maven-project/2.0.9/maven-project-2.0.9.jar
[INFO] Downloaded: http://nexus-common.apps.ocp-eu2.prod.nextcle.com/repository/java/org/apache/maven/maven-repository-metadata/2.0.9/maven-repository-metadata-2.0.9.jar (25 kB at 219 kB/s)
[INFO] Downloading: http://nexus-common.apps.ocp-eu2.prod.nextcle.com/repository/java/org/apache/maven/maven-plugin-registry/2.0.9/maven-plugin-registry-2.0.9.jar
[INFO] Downloaded: http://nexus-common.apps.ocp-eu2.prod.nextcle.com/repository/java/org/apache/maven/maven-profile/2.0.9/maven-profile-2.0.9.jar (35 kB at 313 kB/s)
[INFO] Downloading: http://nexus-common.apps.ocp-eu2.prod.nextcle.com/repository/java/org/apache/maven/maven-plugin-descriptor/2.0.9/maven-plugin-descriptor-2.0.9.jar
[INFO] Downloaded: http://nexus-common.apps.ocp-eu2.prod.nextcle.com/repository/java/org/apache/maven/maven-plugin-parameter-documenter/2.0.9/maven-plugin-parameter-documenter-2.0.9.jar (21 kB at 185 kB/s)
[INFO] Downloading: http://nexus-common.apps.ocp-eu2.prod.nextcle.com/repository/java/org/apache/maven/maven-artifact-manager/2.0.9/maven-artifact-manager-2.0.9.jar
[INFO] Downloaded: http://nexus-common.apps.ocp-eu2.prod.nextcle.com/repository/java/org/apache/maven/maven-error-diagnostics/2.0.9/maven-error-diagnostics-2.0.9.jar (14 kB at 91 kB/s)
[INFO] Downloading: http://nexus-common.apps.ocp-eu2.prod.nextcle.com/repository/java/org/apache/maven/maven-monitor/2.0.9/maven-monitor-2.0.9.jar
[INFO] Downloaded: http://nexus-common.apps.ocp-eu2.prod.nextcle.com/repository/java/org/apache/maven/maven-plugin-registry/2.0.9/maven-plugin-registry-2.0.9.jar (29 kB at 184 kB/s)
[INFO] Downloading: http://nexus-common.apps.ocp-eu2.prod.nextcle.com/repository/java/org/apache/maven/maven-toolchain/1.0/maven-toolchain-1.0.jar
[INFO] Downloaded: http://nexus-common.apps.ocp-eu2.prod.nextcle.com/repository/java/org/apache/maven/maven-artifact-manager/2.0.9/maven-artifact-manager-2.0.9.jar (58 kB at 364 kB/s)
[INFO] Downloading: http://nexus-common.apps.ocp-eu2.prod.nextcle.com/repository/java/org/apache/maven/shared/maven-shared-utils/0.1/maven-shared-utils-0.1.jar
[INFO] Downloaded: http://nexus-common.apps.ocp-eu2.prod.nextcle.com/repository/java/org/apache/maven/maven-plugin-descriptor/2.0.9/maven-plugin-descriptor-2.0.9.jar (37 kB at 220 kB/s)
[INFO] Downloading: http://nexus-common.apps.ocp-eu2.prod.nextcle.com/repository/java/com/google/code/findbugs/jsr305/2.0.1/jsr305-2.0.1.jar
[INFO] Downloaded: http://nexus-common.apps.ocp-eu2.prod.nextcle.com/repository/java/org/apache/maven/maven-project/2.0.9/maven-project-2.0.9.jar (122 kB at 716 kB/s)
[INFO] Downloading: http://nexus-common.apps.ocp-eu2.prod.nextcle.com/repository/java/org/apache/maven/shared/maven-shared-incremental/1.1/maven-shared-incremental-1.1.jar
[INFO] Downloaded: http://nexus-common.apps.ocp-eu2.prod.nextcle.com/repository/java/org/apache/maven/maven-toolchain/1.0/maven-toolchain-1.0.jar (33 kB at 186 kB/s)
[INFO] Downloading: http://nexus-common.apps.ocp-eu2.prod.nextcle.com/repository/java/org/codehaus/plexus/plexus-component-annotations/1.5.5/plexus-component-annotations-1.5.5.jar
[INFO] Downloaded: http://nexus-common.apps.ocp-eu2.prod.nextcle.com/repository/java/org/apache/maven/maven-monitor/2.0.9/maven-monitor-2.0.9.jar (10 kB at 57 kB/s)
[INFO] Downloading: http://nexus-common.apps.ocp-eu2.prod.nextcle.com/repository/java/org/codehaus/plexus/plexus-compiler-api/2.2/plexus-compiler-api-2.2.jar
[INFO] Downloaded: http://nexus-common.apps.ocp-eu2.prod.nextcle.com/repository/java/org/apache/maven/shared/maven-shared-incremental/1.1/maven-shared-incremental-1.1.jar (14 kB at 71 kB/s)
[INFO] Downloading: http://nexus-common.apps.ocp-eu2.prod.nextcle.com/repository/java/org/codehaus/plexus/plexus-compiler-manager/2.2/plexus-compiler-manager-2.2.jar
[INFO] Downloaded: http://nexus-common.apps.ocp-eu2.prod.nextcle.com/repository/java/com/google/code/findbugs/jsr305/2.0.1/jsr305-2.0.1.jar (32 kB at 165 kB/s)
[INFO] Downloading: http://nexus-common.apps.ocp-eu2.prod.nextcle.com/repository/java/org/codehaus/plexus/plexus-compiler-javac/2.2/plexus-compiler-javac-2.2.jar
[INFO] Downloaded: http://nexus-common.apps.ocp-eu2.prod.nextcle.com/repository/java/org/codehaus/plexus/plexus-component-annotations/1.5.5/plexus-component-annotations-1.5.5.jar (4.2 kB at 21 kB/s)
[INFO] Downloading: http://nexus-common.apps.ocp-eu2.prod.nextcle.com/repository/java/org/codehaus/plexus/plexus-container-default/1.5.5/plexus-container-default-1.5.5.jar
[INFO] Downloaded: http://nexus-common.apps.ocp-eu2.prod.nextcle.com/repository/java/org/apache/maven/shared/maven-shared-utils/0.1/maven-shared-utils-0.1.jar (155 kB at 623 kB/s)
[INFO] Downloading: http://nexus-common.apps.ocp-eu2.prod.nextcle.com/repository/java/org/codehaus/plexus/plexus-classworlds/2.2.2/plexus-classworlds-2.2.2.jar
[INFO] Downloaded: http://nexus-common.apps.ocp-eu2.prod.nextcle.com/repository/java/org/codehaus/plexus/plexus-compiler-javac/2.2/plexus-compiler-javac-2.2.jar (19 kB at 71 kB/s)
[INFO] Downloading: http://nexus-common.apps.ocp-eu2.prod.nextcle.com/repository/java/org/apache/xbean/xbean-reflect/3.4/xbean-reflect-3.4.jar
[INFO] Downloaded: http://nexus-common.apps.ocp-eu2.prod.nextcle.com/repository/java/org/codehaus/plexus/plexus-container-default/1.5.5/plexus-container-default-1.5.5.jar (217 kB at 796 kB/s)
[INFO] Downloading: http://nexus-common.apps.ocp-eu2.prod.nextcle.com/repository/java/log4j/log4j/1.2.12/log4j-1.2.12.jar
[INFO] Downloaded: http://nexus-common.apps.ocp-eu2.prod.nextcle.com/repository/java/org/codehaus/plexus/plexus-classworlds/2.2.2/plexus-classworlds-2.2.2.jar (46 kB at 168 kB/s)
[INFO] Downloading: http://nexus-common.apps.ocp-eu2.prod.nextcle.com/repository/java/commons-logging/commons-logging-api/1.1/commons-logging-api-1.1.jar
[INFO] Downloaded: http://nexus-common.apps.ocp-eu2.prod.nextcle.com/repository/java/org/apache/xbean/xbean-reflect/3.4/xbean-reflect-3.4.jar (134 kB at 386 kB/s)
[INFO] Downloading: http://nexus-common.apps.ocp-eu2.prod.nextcle.com/repository/java/com/google/collections/google-collections/1.0/google-collections-1.0.jar
[INFO] Downloaded: http://nexus-common.apps.ocp-eu2.prod.nextcle.com/repository/java/org/codehaus/plexus/plexus-compiler-manager/2.2/plexus-compiler-manager-2.2.jar (4.6 kB at 13 kB/s)
[INFO] Downloading: http://nexus-common.apps.ocp-eu2.prod.nextcle.com/repository/java/junit/junit/3.8.2/junit-3.8.2.jar
[INFO] Downloaded: http://nexus-common.apps.ocp-eu2.prod.nextcle.com/repository/java/org/codehaus/plexus/plexus-compiler-api/2.2/plexus-compiler-api-2.2.jar (25 kB at 71 kB/s)
[INFO] Downloaded: http://nexus-common.apps.ocp-eu2.prod.nextcle.com/repository/java/commons-logging/commons-logging-api/1.1/commons-logging-api-1.1.jar (45 kB at 126 kB/s)
[INFO] Downloaded: http://nexus-common.apps.ocp-eu2.prod.nextcle.com/repository/java/log4j/log4j/1.2.12/log4j-1.2.12.jar (358 kB at 955 kB/s)
[INFO] Downloaded: http://nexus-common.apps.ocp-eu2.prod.nextcle.com/repository/java/junit/junit/3.8.2/junit-3.8.2.jar (121 kB at 306 kB/s)
[INFO] Downloaded: http://nexus-common.apps.ocp-eu2.prod.nextcle.com/repository/java/com/google/collections/google-collections/1.0/google-collections-1.0.jar (640 kB at 1.6 MB/s)
[INFO] Changes detected - recompiling the module!
[INFO] Compiling 2 source files to /tmp/src/target/classes
[INFO] 
[INFO] --- maven-resources-plugin:2.6:testResources (default-testResources) @ java-serverhost ---
[INFO] Using 'UTF-8' encoding to copy filtered resources.
[INFO] skip non existing resourceDirectory /tmp/src/src/test/resources
[INFO] 
[INFO] --- maven-compiler-plugin:3.1:testCompile (default-testCompile) @ java-serverhost ---
[INFO] No sources to compile
[INFO] 
[INFO] --- maven-surefire-plugin:2.12.4:test (default-test) @ java-serverhost ---
[INFO] Downloading: http://nexus-common.apps.ocp-eu2.prod.nextcle.com/repository/java/org/apache/maven/surefire/surefire-booter/2.12.4/surefire-booter-2.12.4.pom
[INFO] Downloaded: http://nexus-common.apps.ocp-eu2.prod.nextcle.com/repository/java/org/apache/maven/surefire/surefire-booter/2.12.4/surefire-booter-2.12.4.pom (3.0 kB at 144 kB/s)
[INFO] Downloading: http://nexus-common.apps.ocp-eu2.prod.nextcle.com/repository/java/org/apache/maven/surefire/surefire-api/2.12.4/surefire-api-2.12.4.pom
[INFO] Downloaded: http://nexus-common.apps.ocp-eu2.prod.nextcle.com/repository/java/org/apache/maven/surefire/surefire-api/2.12.4/surefire-api-2.12.4.pom (2.5 kB at 100 kB/s)
[INFO] Downloading: http://nexus-common.apps.ocp-eu2.prod.nextcle.com/repository/java/org/apache/maven/surefire/maven-surefire-common/2.12.4/maven-surefire-common-2.12.4.pom
[INFO] Downloaded: http://nexus-common.apps.ocp-eu2.prod.nextcle.com/repository/java/org/apache/maven/surefire/maven-surefire-common/2.12.4/maven-surefire-common-2.12.4.pom (5.5 kB at 77 kB/s)
[INFO] Downloading: http://nexus-common.apps.ocp-eu2.prod.nextcle.com/repository/java/org/apache/maven/plugin-tools/maven-plugin-annotations/3.1/maven-plugin-annotations-3.1.pom
[INFO] Downloaded: http://nexus-common.apps.ocp-eu2.prod.nextcle.com/repository/java/org/apache/maven/plugin-tools/maven-plugin-annotations/3.1/maven-plugin-annotations-3.1.pom (1.6 kB at 44 kB/s)
[INFO] Downloading: http://nexus-common.apps.ocp-eu2.prod.nextcle.com/repository/java/org/apache/maven/plugin-tools/maven-plugin-tools/3.1/maven-plugin-tools-3.1.pom
[INFO] Downloaded: http://nexus-common.apps.ocp-eu2.prod.nextcle.com/repository/java/org/apache/maven/plugin-tools/maven-plugin-tools/3.1/maven-plugin-tools-3.1.pom (16 kB at 704 kB/s)
[INFO] Downloading: http://nexus-common.apps.ocp-eu2.prod.nextcle.com/repository/java/org/apache/maven/reporting/maven-reporting-api/2.0.9/maven-reporting-api-2.0.9.pom
[INFO] Downloaded: http://nexus-common.apps.ocp-eu2.prod.nextcle.com/repository/java/org/apache/maven/reporting/maven-reporting-api/2.0.9/maven-reporting-api-2.0.9.pom (1.8 kB at 100 kB/s)
[INFO] Downloading: http://nexus-common.apps.ocp-eu2.prod.nextcle.com/repository/java/org/apache/maven/reporting/maven-reporting/2.0.9/maven-reporting-2.0.9.pom
[INFO] Downloaded: http://nexus-common.apps.ocp-eu2.prod.nextcle.com/repository/java/org/apache/maven/reporting/maven-reporting/2.0.9/maven-reporting-2.0.9.pom (1.5 kB at 18 kB/s)
[INFO] Downloading: http://nexus-common.apps.ocp-eu2.prod.nextcle.com/repository/java/org/apache/maven/maven-toolchain/2.0.9/maven-toolchain-2.0.9.pom
[INFO] Downloaded: http://nexus-common.apps.ocp-eu2.prod.nextcle.com/repository/java/org/apache/maven/maven-toolchain/2.0.9/maven-toolchain-2.0.9.pom (3.5 kB at 248 kB/s)
[INFO] Downloading: http://nexus-common.apps.ocp-eu2.prod.nextcle.com/repository/java/org/apache/commons/commons-lang3/3.1/commons-lang3-3.1.pom
[INFO] Downloaded: http://nexus-common.apps.ocp-eu2.prod.nextcle.com/repository/java/org/apache/commons/commons-lang3/3.1/commons-lang3-3.1.pom (17 kB at 696 kB/s)
[INFO] Downloading: http://nexus-common.apps.ocp-eu2.prod.nextcle.com/repository/java/org/apache/commons/commons-parent/22/commons-parent-22.pom
[INFO] Downloaded: http://nexus-common.apps.ocp-eu2.prod.nextcle.com/repository/java/org/apache/commons/commons-parent/22/commons-parent-22.pom (42 kB at 2.1 MB/s)
[INFO] Downloading: http://nexus-common.apps.ocp-eu2.prod.nextcle.com/repository/java/org/apache/apache/9/apache-9.pom
[INFO] Downloaded: http://nexus-common.apps.ocp-eu2.prod.nextcle.com/repository/java/org/apache/apache/9/apache-9.pom (15 kB at 202 kB/s)
[INFO] Downloading: http://nexus-common.apps.ocp-eu2.prod.nextcle.com/repository/java/org/apache/maven/shared/maven-common-artifact-filters/1.3/maven-common-artifact-filters-1.3.pom
[INFO] Downloaded: http://nexus-common.apps.ocp-eu2.prod.nextcle.com/repository/java/org/apache/maven/shared/maven-common-artifact-filters/1.3/maven-common-artifact-filters-1.3.pom (3.7 kB at 185 kB/s)
[INFO] Downloading: http://nexus-common.apps.ocp-eu2.prod.nextcle.com/repository/java/org/apache/maven/shared/maven-shared-components/12/maven-shared-components-12.pom
[INFO] Downloaded: http://nexus-common.apps.ocp-eu2.prod.nextcle.com/repository/java/org/apache/maven/shared/maven-shared-components/12/maven-shared-components-12.pom (9.3 kB at 549 kB/s)
[INFO] Downloading: http://nexus-common.apps.ocp-eu2.prod.nextcle.com/repository/java/org/apache/maven/maven-parent/13/maven-parent-13.pom
[INFO] Downloaded: http://nexus-common.apps.ocp-eu2.prod.nextcle.com/repository/java/org/apache/maven/maven-parent/13/maven-parent-13.pom (23 kB at 338 kB/s)
[INFO] Downloading: http://nexus-common.apps.ocp-eu2.prod.nextcle.com/repository/java/org/apache/apache/6/apache-6.pom
[INFO] Downloaded: http://nexus-common.apps.ocp-eu2.prod.nextcle.com/repository/java/org/apache/apache/6/apache-6.pom (13 kB at 984 kB/s)
[INFO] Downloading: http://nexus-common.apps.ocp-eu2.prod.nextcle.com/repository/java/org/codehaus/plexus/plexus-container-default/1.0-alpha-9/plexus-container-default-1.0-alpha-9.pom
[INFO] Downloaded: http://nexus-common.apps.ocp-eu2.prod.nextcle.com/repository/java/org/codehaus/plexus/plexus-container-default/1.0-alpha-9/plexus-container-default-1.0-alpha-9.pom (1.2 kB at 69 kB/s)
[INFO] Downloading: http://nexus-common.apps.ocp-eu2.prod.nextcle.com/repository/java/org/apache/maven/surefire/surefire-booter/2.12.4/surefire-booter-2.12.4.jar
[INFO] Downloading: http://nexus-common.apps.ocp-eu2.prod.nextcle.com/repository/java/org/apache/maven/surefire/surefire-api/2.12.4/surefire-api-2.12.4.jar
[INFO] Downloading: http://nexus-common.apps.ocp-eu2.prod.nextcle.com/repository/java/org/apache/maven/surefire/maven-surefire-common/2.12.4/maven-surefire-common-2.12.4.jar
[INFO] Downloading: http://nexus-common.apps.ocp-eu2.prod.nextcle.com/repository/java/org/apache/commons/commons-lang3/3.1/commons-lang3-3.1.jar
[INFO] Downloading: http://nexus-common.apps.ocp-eu2.prod.nextcle.com/repository/java/org/apache/maven/shared/maven-common-artifact-filters/1.3/maven-common-artifact-filters-1.3.jar
[INFO] Downloaded: http://nexus-common.apps.ocp-eu2.prod.nextcle.com/repository/java/org/apache/maven/shared/maven-common-artifact-filters/1.3/maven-common-artifact-filters-1.3.jar (31 kB at 485 kB/s)
[INFO] Downloading: http://nexus-common.apps.ocp-eu2.prod.nextcle.com/repository/java/org/codehaus/plexus/plexus-utils/3.0.8/plexus-utils-3.0.8.jar
[INFO] Downloaded: http://nexus-common.apps.ocp-eu2.prod.nextcle.com/repository/java/org/apache/maven/surefire/surefire-booter/2.12.4/surefire-booter-2.12.4.jar (35 kB at 138 kB/s)
[INFO] Downloading: http://nexus-common.apps.ocp-eu2.prod.nextcle.com/repository/java/org/apache/maven/reporting/maven-reporting-api/2.0.9/maven-reporting-api-2.0.9.jar
[INFO] Downloaded: http://nexus-common.apps.ocp-eu2.prod.nextcle.com/repository/java/org/codehaus/plexus/plexus-utils/3.0.8/plexus-utils-3.0.8.jar (232 kB at 1.5 MB/s)
[INFO] Downloading: http://nexus-common.apps.ocp-eu2.prod.nextcle.com/repository/java/org/apache/maven/maven-toolchain/2.0.9/maven-toolchain-2.0.9.jar
[INFO] Downloaded: http://nexus-common.apps.ocp-eu2.prod.nextcle.com/repository/java/org/apache/maven/maven-toolchain/2.0.9/maven-toolchain-2.0.9.jar (38 kB at 198 kB/s)
[INFO] Downloading: http://nexus-common.apps.ocp-eu2.prod.nextcle.com/repository/java/org/apache/maven/plugin-tools/maven-plugin-annotations/3.1/maven-plugin-annotations-3.1.jar
[INFO] Downloaded: http://nexus-common.apps.ocp-eu2.prod.nextcle.com/repository/java/org/apache/maven/reporting/maven-reporting-api/2.0.9/maven-reporting-api-2.0.9.jar (10 kB at 46 kB/s)
[INFO] Downloaded: http://nexus-common.apps.ocp-eu2.prod.nextcle.com/repository/java/org/apache/maven/plugin-tools/maven-plugin-annotations/3.1/maven-plugin-annotations-3.1.jar (14 kB at 57 kB/s)
[INFO] Downloaded: http://nexus-common.apps.ocp-eu2.prod.nextcle.com/repository/java/org/apache/maven/surefire/surefire-api/2.12.4/surefire-api-2.12.4.jar (118 kB at 350 kB/s)
[INFO] Downloaded: http://nexus-common.apps.ocp-eu2.prod.nextcle.com/repository/java/org/apache/maven/surefire/maven-surefire-common/2.12.4/maven-surefire-common-2.12.4.jar (263 kB at 784 kB/s)
[INFO] Downloaded: http://nexus-common.apps.ocp-eu2.prod.nextcle.com/repository/java/org/apache/commons/commons-lang3/3.1/commons-lang3-3.1.jar (316 kB at 948 kB/s)
[INFO] Tests are skipped.
[INFO] 
[INFO] --- maven-war-plugin:2.2:war (default-war) @ java-serverhost ---
[INFO] Downloading: http://nexus-common.apps.ocp-eu2.prod.nextcle.com/repository/java/org/apache/maven/maven-archiver/2.5/maven-archiver-2.5.pom
[INFO] Downloaded: http://nexus-common.apps.ocp-eu2.prod.nextcle.com/repository/java/org/apache/maven/maven-archiver/2.5/maven-archiver-2.5.pom (4.5 kB at 239 kB/s)
[INFO] Downloading: http://nexus-common.apps.ocp-eu2.prod.nextcle.com/repository/java/org/codehaus/plexus/plexus-archiver/2.1/plexus-archiver-2.1.pom
[INFO] Downloaded: http://nexus-common.apps.ocp-eu2.prod.nextcle.com/repository/java/org/codehaus/plexus/plexus-archiver/2.1/plexus-archiver-2.1.pom (2.8 kB at 45 kB/s)
[INFO] Downloading: http://nexus-common.apps.ocp-eu2.prod.nextcle.com/repository/java/org/codehaus/plexus/plexus-utils/3.0/plexus-utils-3.0.pom
[INFO] Downloaded: http://nexus-common.apps.ocp-eu2.prod.nextcle.com/repository/java/org/codehaus/plexus/plexus-utils/3.0/plexus-utils-3.0.pom (4.1 kB at 145 kB/s)
[INFO] Downloading: http://nexus-common.apps.ocp-eu2.prod.nextcle.com/repository/java/org/sonatype/spice/spice-parent/16/spice-parent-16.pom
[INFO] Downloaded: http://nexus-common.apps.ocp-eu2.prod.nextcle.com/repository/java/org/sonatype/spice/spice-parent/16/spice-parent-16.pom (8.4 kB at 643 kB/s)
[INFO] Downloading: http://nexus-common.apps.ocp-eu2.prod.nextcle.com/repository/java/org/sonatype/forge/forge-parent/5/forge-parent-5.pom
[INFO] Downloaded: http://nexus-common.apps.ocp-eu2.prod.nextcle.com/repository/java/org/sonatype/forge/forge-parent/5/forge-parent-5.pom (8.4 kB at 418 kB/s)
[INFO] Downloading: http://nexus-common.apps.ocp-eu2.prod.nextcle.com/repository/java/org/codehaus/plexus/plexus-io/2.0.2/plexus-io-2.0.2.pom
[INFO] Downloaded: http://nexus-common.apps.ocp-eu2.prod.nextcle.com/repository/java/org/codehaus/plexus/plexus-io/2.0.2/plexus-io-2.0.2.pom (1.7 kB at 102 kB/s)
[INFO] Downloading: http://nexus-common.apps.ocp-eu2.prod.nextcle.com/repository/java/org/codehaus/plexus/plexus-components/1.1.19/plexus-components-1.1.19.pom
[INFO] Downloaded: http://nexus-common.apps.ocp-eu2.prod.nextcle.com/repository/java/org/codehaus/plexus/plexus-components/1.1.19/plexus-components-1.1.19.pom (2.7 kB at 123 kB/s)
[INFO] Downloading: http://nexus-common.apps.ocp-eu2.prod.nextcle.com/repository/java/org/codehaus/plexus/plexus/3.0.1/plexus-3.0.1.pom
[INFO] Downloaded: http://nexus-common.apps.ocp-eu2.prod.nextcle.com/repository/java/org/codehaus/plexus/plexus/3.0.1/plexus-3.0.1.pom (19 kB at 1.1 MB/s)
[INFO] Downloading: http://nexus-common.apps.ocp-eu2.prod.nextcle.com/repository/java/org/codehaus/plexus/plexus-interpolation/1.15/plexus-interpolation-1.15.pom
[INFO] Downloaded: http://nexus-common.apps.ocp-eu2.prod.nextcle.com/repository/java/org/codehaus/plexus/plexus-interpolation/1.15/plexus-interpolation-1.15.pom (1.0 kB at 68 kB/s)
[INFO] Downloading: http://nexus-common.apps.ocp-eu2.prod.nextcle.com/repository/java/com/thoughtworks/xstream/xstream/1.3.1/xstream-1.3.1.pom
[INFO] Downloaded: http://nexus-common.apps.ocp-eu2.prod.nextcle.com/repository/java/com/thoughtworks/xstream/xstream/1.3.1/xstream-1.3.1.pom (11 kB at 224 kB/s)
[INFO] Downloading: http://nexus-common.apps.ocp-eu2.prod.nextcle.com/repository/java/com/thoughtworks/xstream/xstream-parent/1.3.1/xstream-parent-1.3.1.pom
[INFO] Downloaded: http://nexus-common.apps.ocp-eu2.prod.nextcle.com/repository/java/com/thoughtworks/xstream/xstream-parent/1.3.1/xstream-parent-1.3.1.pom (14 kB at 699 kB/s)
[INFO] Downloading: http://nexus-common.apps.ocp-eu2.prod.nextcle.com/repository/java/xpp3/xpp3_min/1.1.4c/xpp3_min-1.1.4c.pom
[INFO] Downloaded: http://nexus-common.apps.ocp-eu2.prod.nextcle.com/repository/java/xpp3/xpp3_min/1.1.4c/xpp3_min-1.1.4c.pom (1.6 kB at 21 kB/s)
[INFO] Downloading: http://nexus-common.apps.ocp-eu2.prod.nextcle.com/repository/java/org/apache/maven/shared/maven-filtering/1.0-beta-2/maven-filtering-1.0-beta-2.pom
[INFO] Downloaded: http://nexus-common.apps.ocp-eu2.prod.nextcle.com/repository/java/org/apache/maven/shared/maven-filtering/1.0-beta-2/maven-filtering-1.0-beta-2.pom (4.0 kB at 269 kB/s)
[INFO] Downloading: http://nexus-common.apps.ocp-eu2.prod.nextcle.com/repository/java/org/apache/maven/shared/maven-shared-components/10/maven-shared-components-10.pom
[INFO] Downloaded: http://nexus-common.apps.ocp-eu2.prod.nextcle.com/repository/java/org/apache/maven/shared/maven-shared-components/10/maven-shared-components-10.pom (8.4 kB at 602 kB/s)
[INFO] Downloading: http://nexus-common.apps.ocp-eu2.prod.nextcle.com/repository/java/org/apache/maven/maven-parent/9/maven-parent-9.pom
[INFO] Downloaded: http://nexus-common.apps.ocp-eu2.prod.nextcle.com/repository/java/org/apache/maven/maven-parent/9/maven-parent-9.pom (33 kB at 1.5 MB/s)
[INFO] Downloading: http://nexus-common.apps.ocp-eu2.prod.nextcle.com/repository/java/org/codehaus/plexus/plexus-utils/1.5.6/plexus-utils-1.5.6.pom
[INFO] Downloaded: http://nexus-common.apps.ocp-eu2.prod.nextcle.com/repository/java/org/codehaus/plexus/plexus-utils/1.5.6/plexus-utils-1.5.6.pom (5.3 kB at 69 kB/s)
[INFO] Downloading: http://nexus-common.apps.ocp-eu2.prod.nextcle.com/repository/java/org/codehaus/plexus/plexus/1.0.12/plexus-1.0.12.pom
[INFO] Downloaded: http://nexus-common.apps.ocp-eu2.prod.nextcle.com/repository/java/org/codehaus/plexus/plexus/1.0.12/plexus-1.0.12.pom (9.8 kB at 653 kB/s)
[INFO] Downloading: http://nexus-common.apps.ocp-eu2.prod.nextcle.com/repository/java/org/codehaus/plexus/plexus-interpolation/1.6/plexus-interpolation-1.6.pom
[INFO] Downloaded: http://nexus-common.apps.ocp-eu2.prod.nextcle.com/repository/java/org/codehaus/plexus/plexus-interpolation/1.6/plexus-interpolation-1.6.pom (2.9 kB at 97 kB/s)
[INFO] Downloading: http://nexus-common.apps.ocp-eu2.prod.nextcle.com/repository/java/org/apache/maven/maven-archiver/2.5/maven-archiver-2.5.jar
[INFO] Downloading: http://nexus-common.apps.ocp-eu2.prod.nextcle.com/repository/java/org/codehaus/plexus/plexus-io/2.0.2/plexus-io-2.0.2.jar
[INFO] Downloading: http://nexus-common.apps.ocp-eu2.prod.nextcle.com/repository/java/org/codehaus/plexus/plexus-archiver/2.1/plexus-archiver-2.1.jar
[INFO] Downloading: http://nexus-common.apps.ocp-eu2.prod.nextcle.com/repository/java/org/codehaus/plexus/plexus-interpolation/1.15/plexus-interpolation-1.15.jar
[INFO] Downloaded: http://nexus-common.apps.ocp-eu2.prod.nextcle.com/repository/java/org/codehaus/plexus/plexus-io/2.0.2/plexus-io-2.0.2.jar (58 kB at 2.3 MB/s)
[INFO] Downloading: http://nexus-common.apps.ocp-eu2.prod.nextcle.com/repository/java/xpp3/xpp3_min/1.1.4c/xpp3_min-1.1.4c.jar
[INFO] Downloading: http://nexus-common.apps.ocp-eu2.prod.nextcle.com/repository/java/com/thoughtworks/xstream/xstream/1.3.1/xstream-1.3.1.jar
[INFO] Downloaded: http://nexus-common.apps.ocp-eu2.prod.nextcle.com/repository/java/org/apache/maven/maven-archiver/2.5/maven-archiver-2.5.jar (22 kB at 291 kB/s)
[INFO] Downloading: http://nexus-common.apps.ocp-eu2.prod.nextcle.com/repository/java/org/codehaus/plexus/plexus-utils/3.0/plexus-utils-3.0.jar
[INFO] Downloaded: http://nexus-common.apps.ocp-eu2.prod.nextcle.com/repository/java/xpp3/xpp3_min/1.1.4c/xpp3_min-1.1.4c.jar (25 kB at 328 kB/s)
[INFO] Downloading: http://nexus-common.apps.ocp-eu2.prod.nextcle.com/repository/java/org/apache/maven/shared/maven-filtering/1.0-beta-2/maven-filtering-1.0-beta-2.jar
[INFO] Downloaded: http://nexus-common.apps.ocp-eu2.prod.nextcle.com/repository/java/org/codehaus/plexus/plexus-interpolation/1.15/plexus-interpolation-1.15.jar (60 kB at 637 kB/s)
[INFO] Downloaded: http://nexus-common.apps.ocp-eu2.prod.nextcle.com/repository/java/org/apache/maven/shared/maven-filtering/1.0-beta-2/maven-filtering-1.0-beta-2.jar (33 kB at 213 kB/s)
[INFO] Downloaded: http://nexus-common.apps.ocp-eu2.prod.nextcle.com/repository/java/org/codehaus/plexus/plexus-archiver/2.1/plexus-archiver-2.1.jar (184 kB at 1.1 MB/s)
[INFO] Downloaded: http://nexus-common.apps.ocp-eu2.prod.nextcle.com/repository/java/com/thoughtworks/xstream/xstream/1.3.1/xstream-1.3.1.jar (431 kB at 2.5 MB/s)
[INFO] Downloaded: http://nexus-common.apps.ocp-eu2.prod.nextcle.com/repository/java/org/codehaus/plexus/plexus-utils/3.0/plexus-utils-3.0.jar (226 kB at 1.3 MB/s)
[INFO] Packaging webapp
[INFO] Assembling webapp [java-serverhost] in [/tmp/src/target/demo]
[INFO] Processing war project
[INFO] Webapp assembled in [613 msecs]
[INFO] Building war: /tmp/src/target/demo.war
[INFO] 
[INFO] --- thorntail-maven-plugin:2.4.0.Final:package (default) @ java-serverhost ---
[INFO] Downloading: http://nexus-common.apps.ocp-eu2.prod.nextcle.com/repository/java/io/thorntail/fraction-metadata/2.4.0.Final/fraction-metadata-2.4.0.Final.pom
[INFO] Downloaded: http://nexus-common.apps.ocp-eu2.prod.nextcle.com/repository/java/io/thorntail/fraction-metadata/2.4.0.Final/fraction-metadata-2.4.0.Final.pom (2.4 kB at 32 kB/s)
[INFO] Downloading: http://nexus-common.apps.ocp-eu2.prod.nextcle.com/repository/java/com/eclipsesource/minimal-json/minimal-json/0.9.4/minimal-json-0.9.4.pom
[INFO] Downloaded: http://nexus-common.apps.ocp-eu2.prod.nextcle.com/repository/java/com/eclipsesource/minimal-json/minimal-json/0.9.4/minimal-json-0.9.4.pom (4.3 kB at 179 kB/s)
[INFO] Downloading: http://nexus-common.apps.ocp-eu2.prod.nextcle.com/repository/java/io/thorntail/tools/2.4.0.Final/tools-2.4.0.Final.pom
[INFO] Downloaded: http://nexus-common.apps.ocp-eu2.prod.nextcle.com/repository/java/io/thorntail/tools/2.4.0.Final/tools-2.4.0.Final.pom (2.2 kB at 81 kB/s)
[INFO] Downloading: http://nexus-common.apps.ocp-eu2.prod.nextcle.com/repository/java/net/lingala/zip4j/zip4j/1.3.2/zip4j-1.3.2.pom
[INFO] Downloaded: http://nexus-common.apps.ocp-eu2.prod.nextcle.com/repository/java/net/lingala/zip4j/zip4j/1.3.2/zip4j-1.3.2.pom (922 B at 58 kB/s)
[INFO] Downloading: http://nexus-common.apps.ocp-eu2.prod.nextcle.com/repository/java/org/codehaus/plexus/plexus-utils/3.0.20/plexus-utils-3.0.20.pom
[INFO] Downloaded: http://nexus-common.apps.ocp-eu2.prod.nextcle.com/repository/java/org/codehaus/plexus/plexus-utils/3.0.20/plexus-utils-3.0.20.pom (3.8 kB at 57 kB/s)
[INFO] Downloading: http://nexus-common.apps.ocp-eu2.prod.nextcle.com/repository/java/org/apache/maven/resolver/maven-resolver-util/1.3.1/maven-resolver-util-1.3.1.pom
[INFO] Downloaded: http://nexus-common.apps.ocp-eu2.prod.nextcle.com/repository/java/org/apache/maven/resolver/maven-resolver-util/1.3.1/maven-resolver-util-1.3.1.pom (2.7 kB at 94 kB/s)
[INFO] Downloading: http://nexus-common.apps.ocp-eu2.prod.nextcle.com/repository/java/org/apache/maven/resolver/maven-resolver/1.3.1/maven-resolver-1.3.1.pom
[INFO] Downloaded: http://nexus-common.apps.ocp-eu2.prod.nextcle.com/repository/java/org/apache/maven/resolver/maven-resolver/1.3.1/maven-resolver-1.3.1.pom (17 kB at 797 kB/s)
[INFO] Downloading: http://nexus-common.apps.ocp-eu2.prod.nextcle.com/repository/java/org/apache/maven/maven-parent/33/maven-parent-33.pom
[INFO] Downloaded: http://nexus-common.apps.ocp-eu2.prod.nextcle.com/repository/java/org/apache/maven/maven-parent/33/maven-parent-33.pom (44 kB at 2.5 MB/s)
[INFO] Downloading: http://nexus-common.apps.ocp-eu2.prod.nextcle.com/repository/java/org/apache/apache/21/apache-21.pom
[INFO] Downloaded: http://nexus-common.apps.ocp-eu2.prod.nextcle.com/repository/java/org/apache/apache/21/apache-21.pom (17 kB at 1.0 MB/s)
[INFO] Downloading: http://nexus-common.apps.ocp-eu2.prod.nextcle.com/repository/java/org/apache/maven/resolver/maven-resolver-api/1.3.1/maven-resolver-api-1.3.1.pom
[INFO] Downloaded: http://nexus-common.apps.ocp-eu2.prod.nextcle.com/repository/java/org/apache/maven/resolver/maven-resolver-api/1.3.1/maven-resolver-api-1.3.1.pom (2.5 kB at 69 kB/s)
[INFO] Downloading: http://nexus-common.apps.ocp-eu2.prod.nextcle.com/repository/java/io/thorntail/maven-utils/2.4.0.Final/maven-utils-2.4.0.Final.pom
[INFO] Downloaded: http://nexus-common.apps.ocp-eu2.prod.nextcle.com/repository/java/io/thorntail/maven-utils/2.4.0.Final/maven-utils-2.4.0.Final.pom (1.2 kB at 16 kB/s)
[INFO] Downloading: http://nexus-common.apps.ocp-eu2.prod.nextcle.com/repository/java/org/jooq/joox-java-6/1.6.0/joox-java-6-1.6.0.pom
[INFO] Downloaded: http://nexus-common.apps.ocp-eu2.prod.nextcle.com/repository/java/org/jooq/joox-java-6/1.6.0/joox-java-6-1.6.0.pom (12 kB at 146 kB/s)
[INFO] Downloading: http://nexus-common.apps.ocp-eu2.prod.nextcle.com/repository/java/org/sonatype/oss/oss-parent/7/oss-parent-7.pom
[INFO] Downloaded: http://nexus-common.apps.ocp-eu2.prod.nextcle.com/repository/java/org/sonatype/oss/oss-parent/7/oss-parent-7.pom (4.8 kB at 371 kB/s)
[INFO] Downloading: http://nexus-common.apps.ocp-eu2.prod.nextcle.com/repository/java/javax/xml/bind/jaxb-api/2.3.0/jaxb-api-2.3.0.pom
[INFO] Downloaded: http://nexus-common.apps.ocp-eu2.prod.nextcle.com/repository/java/javax/xml/bind/jaxb-api/2.3.0/jaxb-api-2.3.0.pom (23 kB at 426 kB/s)
[INFO] Downloading: http://nexus-common.apps.ocp-eu2.prod.nextcle.com/repository/java/javax/xml/bind/jaxb-api-parent/2.3.0/jaxb-api-parent-2.3.0.pom
[INFO] Downloaded: http://nexus-common.apps.ocp-eu2.prod.nextcle.com/repository/java/javax/xml/bind/jaxb-api-parent/2.3.0/jaxb-api-parent-2.3.0.pom (5.6 kB at 194 kB/s)
[INFO] Downloading: http://nexus-common.apps.ocp-eu2.prod.nextcle.com/repository/java/net/java/jvnet-parent/5/jvnet-parent-5.pom
[INFO] Downloaded: http://nexus-common.apps.ocp-eu2.prod.nextcle.com/repository/java/net/java/jvnet-parent/5/jvnet-parent-5.pom (8.9 kB at 286 kB/s)
[INFO] Downloading: http://nexus-common.apps.ocp-eu2.prod.nextcle.com/repository/java/io/thorntail/fraction-metadata/2.4.0.Final/fraction-metadata-2.4.0.Final.jar
[INFO] Downloading: http://nexus-common.apps.ocp-eu2.prod.nextcle.com/repository/java/io/thorntail/tools/2.4.0.Final/tools-2.4.0.Final.jar
[INFO] Downloading: http://nexus-common.apps.ocp-eu2.prod.nextcle.com/repository/java/net/lingala/zip4j/zip4j/1.3.2/zip4j-1.3.2.jar
[INFO] Downloading: http://nexus-common.apps.ocp-eu2.prod.nextcle.com/repository/java/com/eclipsesource/minimal-json/minimal-json/0.9.4/minimal-json-0.9.4.jar
[INFO] Downloading: http://nexus-common.apps.ocp-eu2.prod.nextcle.com/repository/java/org/codehaus/plexus/plexus-utils/3.0.20/plexus-utils-3.0.20.jar
[INFO] Downloaded: http://nexus-common.apps.ocp-eu2.prod.nextcle.com/repository/java/io/thorntail/fraction-metadata/2.4.0.Final/fraction-metadata-2.4.0.Final.jar (159 kB at 2.1 MB/s)
[INFO] Downloading: http://nexus-common.apps.ocp-eu2.prod.nextcle.com/repository/java/org/apache/maven/resolver/maven-resolver-util/1.3.1/maven-resolver-util-1.3.1.jar
[INFO] Downloaded: http://nexus-common.apps.ocp-eu2.prod.nextcle.com/repository/java/io/thorntail/tools/2.4.0.Final/tools-2.4.0.Final.jar (58 kB at 717 kB/s)
[INFO] Downloading: http://nexus-common.apps.ocp-eu2.prod.nextcle.com/repository/java/org/apache/maven/resolver/maven-resolver-api/1.3.1/maven-resolver-api-1.3.1.jar
[INFO] Downloaded: http://nexus-common.apps.ocp-eu2.prod.nextcle.com/repository/java/com/eclipsesource/minimal-json/minimal-json/0.9.4/minimal-json-0.9.4.jar (30 kB at 293 kB/s)
[INFO] Downloading: http://nexus-common.apps.ocp-eu2.prod.nextcle.com/repository/java/io/thorntail/maven-utils/2.4.0.Final/maven-utils-2.4.0.Final.jar
[INFO] Downloaded: http://nexus-common.apps.ocp-eu2.prod.nextcle.com/repository/java/org/apache/maven/resolver/maven-resolver-util/1.3.1/maven-resolver-util-1.3.1.jar (160 kB at 1.2 MB/s)
[INFO] Downloading: http://nexus-common.apps.ocp-eu2.prod.nextcle.com/repository/java/org/jooq/joox-java-6/1.6.0/joox-java-6-1.6.0.jar
[INFO] Downloaded: http://nexus-common.apps.ocp-eu2.prod.nextcle.com/repository/java/io/thorntail/maven-utils/2.4.0.Final/maven-utils-2.4.0.Final.jar (5.8 kB at 37 kB/s)
[INFO] Downloading: http://nexus-common.apps.ocp-eu2.prod.nextcle.com/repository/java/javax/xml/bind/jaxb-api/2.3.0/jaxb-api-2.3.0.jar
[INFO] Downloaded: http://nexus-common.apps.ocp-eu2.prod.nextcle.com/repository/java/org/jooq/joox-java-6/1.6.0/joox-java-6-1.6.0.jar (128 kB at 626 kB/s)
[INFO] Downloaded: http://nexus-common.apps.ocp-eu2.prod.nextcle.com/repository/java/net/lingala/zip4j/zip4j/1.3.2/zip4j-1.3.2.jar (131 kB at 620 kB/s)
[INFO] Downloaded: http://nexus-common.apps.ocp-eu2.prod.nextcle.com/repository/java/javax/xml/bind/jaxb-api/2.3.0/jaxb-api-2.3.0.jar (126 kB at 590 kB/s)
[INFO] Downloaded: http://nexus-common.apps.ocp-eu2.prod.nextcle.com/repository/java/org/codehaus/plexus/plexus-utils/3.0.20/plexus-utils-3.0.20.jar (243 kB at 1.1 MB/s)
[INFO] Downloaded: http://nexus-common.apps.ocp-eu2.prod.nextcle.com/repository/java/org/apache/maven/resolver/maven-resolver-api/1.3.1/maven-resolver-api-1.3.1.jar (149 kB at 671 kB/s)
Resolving 232 out of 286 artifacts
[INFO] Downloading: http://nexus-common.apps.ocp-eu2.prod.nextcle.com/repository/java/org/jboss/weld/module/weld-ejb/3.0.5.Final/weld-ejb-3.0.5.Final.jar
[INFO] Downloading: http://nexus-common.apps.ocp-eu2.prod.nextcle.com/repository/java/org/wildfly/wildfly-weld/15.0.1.Final/wildfly-weld-15.0.1.Final.jar
[INFO] Downloading: http://nexus-common.apps.ocp-eu2.prod.nextcle.com/repository/java/org/wildfly/core/wildfly-logging/7.0.0.Final/wildfly-logging-7.0.0.Final.jar
[INFO] Downloading: http://nexus-common.apps.ocp-eu2.prod.nextcle.com/repository/java/com/sun/xml/bind/external/rngom/2.3.1/rngom-2.3.1.jar
[INFO] Downloading: http://nexus-common.apps.ocp-eu2.prod.nextcle.com/repository/java/org/jboss/resteasy/resteasy-jaxb-provider/3.6.2.Final/resteasy-jaxb-provider-3.6.2.Final.jar
[INFO] Downloaded: http://nexus-common.apps.ocp-eu2.prod.nextcle.com/repository/java/org/jboss/resteasy/resteasy-jaxb-provider/3.6.2.Final/resteasy-jaxb-provider-3.6.2.Final.jar (90 kB at 321 kB/s)
[INFO] Downloading: http://nexus-common.apps.ocp-eu2.prod.nextcle.com/repository/java/org/jboss/weld/environment/weld-environment-common/3.0.5.Final/weld-environment-common-3.0.5.Final.jar
[INFO] Downloaded: http://nexus-common.apps.ocp-eu2.prod.nextcle.com/repository/java/org/jboss/weld/module/weld-ejb/3.0.5.Final/weld-ejb-3.0.5.Final.jar (64 kB at 216 kB/s)
[INFO] Downloading: http://nexus-common.apps.ocp-eu2.prod.nextcle.com/repository/java/org/wildfly/wildfly-naming-client/1.0.9.Final/wildfly-naming-client-1.0.9.Final.jar
[INFO] Downloaded: http://nexus-common.apps.ocp-eu2.prod.nextcle.com/repository/java/org/wildfly/wildfly-weld/15.0.1.Final/wildfly-weld-15.0.1.Final.jar (232 kB at 767 kB/s)
[INFO] Downloading: http://nexus-common.apps.ocp-eu2.prod.nextcle.com/repository/java/com/fasterxml/woodstox/woodstox-core/5.0.3/woodstox-core-5.0.3.jar
[INFO] Downloaded: http://nexus-common.apps.ocp-eu2.prod.nextcle.com/repository/java/com/sun/xml/bind/external/rngom/2.3.1/rngom-2.3.1.jar (318 kB at 1.1 MB/s)
[INFO] Downloading: http://nexus-common.apps.ocp-eu2.prod.nextcle.com/repository/java/org/wildfly/core/wildfly-elytron-integration/7.0.0.Final/wildfly-elytron-integration-7.0.0.Final.jar
[INFO] Downloaded: http://nexus-common.apps.ocp-eu2.prod.nextcle.com/repository/java/org/wildfly/core/wildfly-logging/7.0.0.Final/wildfly-logging-7.0.0.Final.jar (464 kB at 1.5 MB/s)
[INFO] Downloading: http://nexus-common.apps.ocp-eu2.prod.nextcle.com/repository/java/org/jboss/spec/javax/xml/rpc/jboss-jaxrpc-api_1.1_spec/1.0.2.Final/jboss-jaxrpc-api_1.1_spec-1.0.2.Final.jar
[INFO] Downloaded: http://nexus-common.apps.ocp-eu2.prod.nextcle.com/repository/java/org/wildfly/wildfly-naming-client/1.0.9.Final/wildfly-naming-client-1.0.9.Final.jar (135 kB at 423 kB/s)
[INFO] Downloading: http://nexus-common.apps.ocp-eu2.prod.nextcle.com/repository/java/org/jboss/invocation/jboss-invocation/1.5.1.Final/jboss-invocation-1.5.1.Final.jar
[INFO] Downloaded: http://nexus-common.apps.ocp-eu2.prod.nextcle.com/repository/java/org/jboss/spec/javax/xml/rpc/jboss-jaxrpc-api_1.1_spec/1.0.2.Final/jboss-jaxrpc-api_1.1_spec-1.0.2.Final.jar (40 kB at 106 kB/s)
[INFO] Downloading: http://nexus-common.apps.ocp-eu2.prod.nextcle.com/repository/java/org/wildfly/core/wildfly-controller-client/7.0.0.Final/wildfly-controller-client-7.0.0.Final.jar
[INFO] Downloaded: http://nexus-common.apps.ocp-eu2.prod.nextcle.com/repository/java/org/jboss/weld/environment/weld-environment-common/3.0.5.Final/weld-environment-common-3.0.5.Final.jar (86 kB at 220 kB/s)
[INFO] Downloading: http://nexus-common.apps.ocp-eu2.prod.nextcle.com/repository/java/org/hibernate/validator/hibernate-validator-cdi/6.0.14.Final/hibernate-validator-cdi-6.0.14.Final.jar
[INFO] Downloaded: http://nexus-common.apps.ocp-eu2.prod.nextcle.com/repository/java/org/jboss/invocation/jboss-invocation/1.5.1.Final/jboss-invocation-1.5.1.Final.jar (75 kB at 183 kB/s)
[INFO] Downloading: http://nexus-common.apps.ocp-eu2.prod.nextcle.com/repository/java/org/codehaus/jackson/jackson-jaxrs/1.9.13/jackson-jaxrs-1.9.13.jar
[INFO] Downloaded: http://nexus-common.apps.ocp-eu2.prod.nextcle.com/repository/java/org/hibernate/validator/hibernate-validator-cdi/6.0.14.Final/hibernate-validator-cdi-6.0.14.Final.jar (38 kB at 89 kB/s)
[INFO] Downloading: http://nexus-common.apps.ocp-eu2.prod.nextcle.com/repository/java/org/wildfly/openssl/wildfly-openssl-java/1.0.6.Final/wildfly-openssl-java-1.0.6.Final.jar
[INFO] Downloaded: http://nexus-common.apps.ocp-eu2.prod.nextcle.com/repository/java/org/wildfly/core/wildfly-controller-client/7.0.0.Final/wildfly-controller-client-7.0.0.Final.jar (215 kB at 492 kB/s)
[INFO] Downloading: http://nexus-common.apps.ocp-eu2.prod.nextcle.com/repository/java/com/github/fge/json-patch/1.3/json-patch-1.3.jar
[INFO] Downloaded: http://nexus-common.apps.ocp-eu2.prod.nextcle.com/repository/java/com/fasterxml/woodstox/woodstox-core/5.0.3/woodstox-core-5.0.3.jar (513 kB at 1.2 MB/s)
[INFO] Downloaded: http://nexus-common.apps.ocp-eu2.prod.nextcle.com/repository/java/org/codehaus/jackson/jackson-jaxrs/1.9.13/jackson-jaxrs-1.9.13.jar (18 kB at 39 kB/s)
[INFO] Downloading: http://nexus-common.apps.ocp-eu2.prod.nextcle.com/repository/java/org/jboss/jboss-dmr/1.5.0.Final/jboss-dmr-1.5.0.Final.jar
[INFO] Downloading: http://nexus-common.apps.ocp-eu2.prod.nextcle.com/repository/java/com/jcraft/jsch/0.1.54/jsch-0.1.54.jar
[INFO] Downloaded: http://nexus-common.apps.ocp-eu2.prod.nextcle.com/repository/java/org/wildfly/core/wildfly-elytron-integration/7.0.0.Final/wildfly-elytron-integration-7.0.0.Final.jar (940 kB at 1.9 MB/s)
[INFO] Downloading: http://nexus-common.apps.ocp-eu2.prod.nextcle.com/repository/java/org/wildfly/core/wildfly-request-controller/7.0.0.Final/wildfly-request-controller-7.0.0.Final.jar
[INFO] Downloaded: http://nexus-common.apps.ocp-eu2.prod.nextcle.com/repository/java/com/github/fge/json-patch/1.3/json-patch-1.3.jar (33 kB at 61 kB/s)
[INFO] Downloading: http://nexus-common.apps.ocp-eu2.prod.nextcle.com/repository/java/org/wildfly/core/wildfly-server/7.0.0.Final/wildfly-server-7.0.0.Final.jar
[INFO] Downloaded: http://nexus-common.apps.ocp-eu2.prod.nextcle.com/repository/java/org/jboss/jboss-dmr/1.5.0.Final/jboss-dmr-1.5.0.Final.jar (141 kB at 242 kB/s)
[INFO] Downloading: http://nexus-common.apps.ocp-eu2.prod.nextcle.com/repository/java/org/jboss/xnio/xnio-api/3.6.5.Final/xnio-api-3.6.5.Final.jar
[INFO] Downloaded: http://nexus-common.apps.ocp-eu2.prod.nextcle.com/repository/java/com/jcraft/jsch/0.1.54/jsch-0.1.54.jar (281 kB at 482 kB/s)
[INFO] Downloading: http://nexus-common.apps.ocp-eu2.prod.nextcle.com/repository/java/org/wildfly/wildfly-naming/15.0.1.Final/wildfly-naming-15.0.1.Final.jar
[INFO] Downloaded: http://nexus-common.apps.ocp-eu2.prod.nextcle.com/repository/java/org/wildfly/openssl/wildfly-openssl-java/1.0.6.Final/wildfly-openssl-java-1.0.6.Final.jar (146 kB at 248 kB/s)
[INFO] Downloading: http://nexus-common.apps.ocp-eu2.prod.nextcle.com/repository/java/xerces/xercesImpl/2.12.0.SP02/xercesImpl-2.12.0.SP02.jar
[INFO] Downloaded: http://nexus-common.apps.ocp-eu2.prod.nextcle.com/repository/java/org/wildfly/core/wildfly-request-controller/7.0.0.Final/wildfly-request-controller-7.0.0.Final.jar (38 kB at 55 kB/s)
[INFO] Downloading: http://nexus-common.apps.ocp-eu2.prod.nextcle.com/repository/java/org/apache/activemq/artemis-native/2.6.3.jbossorg-00014/artemis-native-2.6.3.jbossorg-00014.jar
[INFO] Downloaded: http://nexus-common.apps.ocp-eu2.prod.nextcle.com/repository/java/org/wildfly/wildfly-naming/15.0.1.Final/wildfly-naming-15.0.1.Final.jar (255 kB at 362 kB/s)
[INFO] Downloading: http://nexus-common.apps.ocp-eu2.prod.nextcle.com/repository/java/javax/jws/jsr181-api/1.0-MR1/jsr181-api-1.0-MR1.jar
[INFO] Downloaded: http://nexus-common.apps.ocp-eu2.prod.nextcle.com/repository/java/org/jboss/xnio/xnio-api/3.6.5.Final/xnio-api-3.6.5.Final.jar (582 kB at 754 kB/s)
[INFO] Downloading: http://nexus-common.apps.ocp-eu2.prod.nextcle.com/repository/java/org/wildfly/wildfly-transactions/15.0.1.Final/wildfly-transactions-15.0.1.Final.jar
[INFO] Downloaded: http://nexus-common.apps.ocp-eu2.prod.nextcle.com/repository/java/javax/jws/jsr181-api/1.0-MR1/jsr181-api-1.0-MR1.jar (8.0 kB at 10 kB/s)
[INFO] Downloading: http://nexus-common.apps.ocp-eu2.prod.nextcle.com/repository/java/com/fasterxml/classmate/1.3.4/classmate-1.3.4.jar
[INFO] Downloaded: http://nexus-common.apps.ocp-eu2.prod.nextcle.com/repository/java/com/fasterxml/classmate/1.3.4/classmate-1.3.4.jar (65 kB at 74 kB/s)
[INFO] Downloading: http://nexus-common.apps.ocp-eu2.prod.nextcle.com/repository/java/org/jboss/marshalling/jboss-marshalling-river/2.0.6.Final/jboss-marshalling-river-2.0.6.Final.jar
[INFO] Downloaded: http://nexus-common.apps.ocp-eu2.prod.nextcle.com/repository/java/org/wildfly/wildfly-transactions/15.0.1.Final/wildfly-transactions-15.0.1.Final.jar (245 kB at 277 kB/s)
[INFO] Downloading: http://nexus-common.apps.ocp-eu2.prod.nextcle.com/repository/java/joda-time/joda-time/2.9.7/joda-time-2.9.7.jar
[INFO] Downloaded: http://nexus-common.apps.ocp-eu2.prod.nextcle.com/repository/java/org/wildfly/core/wildfly-server/7.0.0.Final/wildfly-server-7.0.0.Final.jar (1.6 MB at 1.8 MB/s)
[INFO] Downloading: http://nexus-common.apps.ocp-eu2.prod.nextcle.com/repository/java/javax/json/javax.json-api/1.1.2/javax.json-api-1.1.2.jar
[INFO] Downloaded: http://nexus-common.apps.ocp-eu2.prod.nextcle.com/repository/java/javax/json/javax.json-api/1.1.2/javax.json-api-1.1.2.jar (31 kB at 33 kB/s)
[INFO] Downloading: http://nexus-common.apps.ocp-eu2.prod.nextcle.com/repository/java/org/glassfish/jaxb/xsom/2.3.1/xsom-2.3.1.jar
[INFO] Downloaded: http://nexus-common.apps.ocp-eu2.prod.nextcle.com/repository/java/org/jboss/marshalling/jboss-marshalling-river/2.0.6.Final/jboss-marshalling-river-2.0.6.Final.jar (84 kB at 87 kB/s)
[INFO] Downloading: http://nexus-common.apps.ocp-eu2.prod.nextcle.com/repository/java/org/wildfly/core/wildfly-network/7.0.0.Final/wildfly-network-7.0.0.Final.jar
[INFO] Downloaded: http://nexus-common.apps.ocp-eu2.prod.nextcle.com/repository/java/joda-time/joda-time/2.9.7/joda-time-2.9.7.jar (633 kB at 643 kB/s)
[INFO] Downloading: http://nexus-common.apps.ocp-eu2.prod.nextcle.com/repository/java/org/apache/activemq/artemis-journal/2.6.3.jbossorg-00014/artemis-journal-2.6.3.jbossorg-00014.jar
[INFO] Downloaded: http://nexus-common.apps.ocp-eu2.prod.nextcle.com/repository/java/org/wildfly/core/wildfly-network/7.0.0.Final/wildfly-network-7.0.0.Final.jar (44 kB at 44 kB/s)
[INFO] Downloading: http://nexus-common.apps.ocp-eu2.prod.nextcle.com/repository/java/commons-io/commons-io/2.5/commons-io-2.5.jar
[INFO] Downloaded: http://nexus-common.apps.ocp-eu2.prod.nextcle.com/repository/java/commons-io/commons-io/2.5/commons-io-2.5.jar (209 kB at 194 kB/s)
[INFO] Downloading: http://nexus-common.apps.ocp-eu2.prod.nextcle.com/repository/java/io/undertow/undertow-websockets-jsr/2.0.15.Final/undertow-websockets-jsr-2.0.15.Final.jar
[INFO] Downloaded: http://nexus-common.apps.ocp-eu2.prod.nextcle.com/repository/java/org/glassfish/jaxb/xsom/2.3.1/xsom-2.3.1.jar (427 kB at 394 kB/s)
[INFO] Downloading: http://nexus-common.apps.ocp-eu2.prod.nextcle.com/repository/java/com/google/guava/guava/25.0-jre/guava-25.0-jre.jar
[INFO] Downloaded: http://nexus-common.apps.ocp-eu2.prod.nextcle.com/repository/java/io/undertow/undertow-websockets-jsr/2.0.15.Final/undertow-websockets-jsr-2.0.15.Final.jar (174 kB at 157 kB/s)
[INFO] Downloading: http://nexus-common.apps.ocp-eu2.prod.nextcle.com/repository/java/org/jboss/spec/javax/xml/soap/jboss-saaj-api_1.3_spec/1.0.6.Final/jboss-saaj-api_1.3_spec-1.0.6.Final.jar
[INFO] Downloaded: http://nexus-common.apps.ocp-eu2.prod.nextcle.com/repository/java/org/jboss/spec/javax/xml/soap/jboss-saaj-api_1.3_spec/1.0.6.Final/jboss-saaj-api_1.3_spec-1.0.6.Final.jar (43 kB at 38 kB/s)
[INFO] Downloading: http://nexus-common.apps.ocp-eu2.prod.nextcle.com/repository/java/org/wildfly/wildfly-ee/15.0.1.Final/wildfly-ee-15.0.1.Final.jar
[INFO] Downloaded: http://nexus-common.apps.ocp-eu2.prod.nextcle.com/repository/java/org/wildfly/wildfly-ee/15.0.1.Final/wildfly-ee-15.0.1.Final.jar (584 kB at 483 kB/s)
[INFO] Downloading: http://nexus-common.apps.ocp-eu2.prod.nextcle.com/repository/java/org/apache/taglibs/taglibs-standard-compat/1.2.6-RC1/taglibs-standard-compat-1.2.6-RC1.jar
[INFO] Downloaded: http://nexus-common.apps.ocp-eu2.prod.nextcle.com/repository/java/com/google/guava/guava/25.0-jre/guava-25.0-jre.jar (2.7 MB at 2.2 MB/s)
[INFO] Downloading: http://nexus-common.apps.ocp-eu2.prod.nextcle.com/repository/java/com/googlecode/javaewah/JavaEWAH/1.1.6/JavaEWAH-1.1.6.jar
[INFO] Downloaded: http://nexus-common.apps.ocp-eu2.prod.nextcle.com/repository/java/com/googlecode/javaewah/JavaEWAH/1.1.6/JavaEWAH-1.1.6.jar (166 kB at 128 kB/s)
[INFO] Downloading: http://nexus-common.apps.ocp-eu2.prod.nextcle.com/repository/java/org/jboss/logging/commons-logging-jboss-logging/1.0.0.Final/commons-logging-jboss-logging-1.0.0.Final.jar
[INFO] Downloaded: http://nexus-common.apps.ocp-eu2.prod.nextcle.com/repository/java/org/jboss/logging/commons-logging-jboss-logging/1.0.0.Final/commons-logging-jboss-logging-1.0.0.Final.jar (17 kB at 13 kB/s)
[INFO] Downloading: http://nexus-common.apps.ocp-eu2.prod.nextcle.com/repository/java/org/apache/activemq/artemis-commons/2.6.3.jbossorg-00014/artemis-commons-2.6.3.jbossorg-00014.jar
[INFO] Downloaded: http://nexus-common.apps.ocp-eu2.prod.nextcle.com/repository/java/org/apache/activemq/artemis-native/2.6.3.jbossorg-00014/artemis-native-2.6.3.jbossorg-00014.jar (37 kB at 16 kB/s)
[INFO] Downloading: http://nexus-common.apps.ocp-eu2.prod.nextcle.com/repository/java/org/wildfly/wildfly-weld-spi/15.0.1.Final/wildfly-weld-spi-15.0.1.Final.jar
[INFO] Downloaded: http://nexus-common.apps.ocp-eu2.prod.nextcle.com/repository/java/org/wildfly/wildfly-weld-spi/15.0.1.Final/wildfly-weld-spi-15.0.1.Final.jar (19 kB at 8.2 kB/s)
[INFO] Downloading: http://nexus-common.apps.ocp-eu2.prod.nextcle.com/repository/java/org/wildfly/wildfly-http-client/wildfly-http-client-common/1.0.12.Final/wildfly-http-client-common-1.0.12.Final.jar
[INFO] Downloaded: http://nexus-common.apps.ocp-eu2.prod.nextcle.com/repository/java/org/wildfly/wildfly-http-client/wildfly-http-client-common/1.0.12.Final/wildfly-http-client-common-1.0.12.Final.jar (74 kB at 31 kB/s)
[INFO] Downloading: http://nexus-common.apps.ocp-eu2.prod.nextcle.com/repository/java/org/jboss/security/jboss-negotiation-common/3.0.4.Final/jboss-negotiation-common-3.0.4.Final.jar
[INFO] Downloaded: http://nexus-common.apps.ocp-eu2.prod.nextcle.com/repository/java/xerces/xercesImpl/2.12.0.SP02/xercesImpl-2.12.0.SP02.jar (1.8 MB at 768 kB/s)
[INFO] Downloading: http://nexus-common.apps.ocp-eu2.prod.nextcle.com/repository/java/org/glassfish/jaxb/jaxb-runtime/2.3.1/jaxb-runtime-2.3.1.jar
[INFO] Downloaded: http://nexus-common.apps.ocp-eu2.prod.nextcle.com/repository/java/org/glassfish/jaxb/jaxb-runtime/2.3.1/jaxb-runtime-2.3.1.jar (1.1 MB at 442 kB/s)
[INFO] Downloading: http://nexus-common.apps.ocp-eu2.prod.nextcle.com/repository/java/org/wildfly/wildfly-weld-common/15.0.1.Final/wildfly-weld-common-15.0.1.Final.jar
[INFO] Downloaded: http://nexus-common.apps.ocp-eu2.prod.nextcle.com/repository/java/org/apache/activemq/artemis-journal/2.6.3.jbossorg-00014/artemis-journal-2.6.3.jbossorg-00014.jar (221 kB at 89 kB/s)
[INFO] Downloading: http://nexus-common.apps.ocp-eu2.prod.nextcle.com/repository/java/org/wildfly/core/wildfly-process-controller/7.0.0.Final/wildfly-process-controller-7.0.0.Final.jar
[INFO] Downloaded: http://nexus-common.apps.ocp-eu2.prod.nextcle.com/repository/java/org/wildfly/wildfly-weld-common/15.0.1.Final/wildfly-weld-common-15.0.1.Final.jar (48 kB at 19 kB/s)
[INFO] Downloading: http://nexus-common.apps.ocp-eu2.prod.nextcle.com/repository/java/org/jboss/logging/jul-to-slf4j-stub/1.0.1.Final/jul-to-slf4j-stub-1.0.1.Final.jar
[INFO] Downloaded: http://nexus-common.apps.ocp-eu2.prod.nextcle.com/repository/java/org/wildfly/core/wildfly-process-controller/7.0.0.Final/wildfly-process-controller-7.0.0.Final.jar (126 kB at 50 kB/s)
[INFO] Downloading: http://nexus-common.apps.ocp-eu2.prod.nextcle.com/repository/java/org/picketbox/picketbox/5.0.3.Final/picketbox-5.0.3.Final.jar
[INFO] Downloaded: http://nexus-common.apps.ocp-eu2.prod.nextcle.com/repository/java/org/jboss/logging/jul-to-slf4j-stub/1.0.1.Final/jul-to-slf4j-stub-1.0.1.Final.jar (4.0 kB at 1.6 kB/s)
[INFO] Downloading: http://nexus-common.apps.ocp-eu2.prod.nextcle.com/repository/java/org/jboss/jboss-vfs/3.2.14.Final/jboss-vfs-3.2.14.Final.jar
[INFO] Downloaded: http://nexus-common.apps.ocp-eu2.prod.nextcle.com/repository/java/org/apache/activemq/artemis-commons/2.6.3.jbossorg-00014/artemis-commons-2.6.3.jbossorg-00014.jar (294 kB at 115 kB/s)
[INFO] Downloading: http://nexus-common.apps.ocp-eu2.prod.nextcle.com/repository/java/org/hibernate/validator/hibernate-validator/6.0.14.Final/hibernate-validator-6.0.14.Final.jar
[INFO] Downloaded: http://nexus-common.apps.ocp-eu2.prod.nextcle.com/repository/java/org/jboss/jboss-vfs/3.2.14.Final/jboss-vfs-3.2.14.Final.jar (144 kB at 56 kB/s)
[INFO] Downloading: http://nexus-common.apps.ocp-eu2.prod.nextcle.com/repository/java/org/codehaus/woodstox/stax2-api/3.1.4/stax2-api-3.1.4.jar
[INFO] Downloaded: http://nexus-common.apps.ocp-eu2.prod.nextcle.com/repository/java/org/codehaus/woodstox/stax2-api/3.1.4/stax2-api-3.1.4.jar (162 kB at 62 kB/s)
[INFO] Downloading: http://nexus-common.apps.ocp-eu2.prod.nextcle.com/repository/java/com/fasterxml/jackson/datatype/jackson-datatype-jdk8/2.9.5/jackson-datatype-jdk8-2.9.5.jar
[INFO] Downloaded: http://nexus-common.apps.ocp-eu2.prod.nextcle.com/repository/java/org/picketbox/picketbox/5.0.3.Final/picketbox-5.0.3.Final.jar (950 kB at 362 kB/s)
[INFO] Downloading: http://nexus-common.apps.ocp-eu2.prod.nextcle.com/repository/java/org/jboss/weld/module/weld-jta/3.0.5.Final/weld-jta-3.0.5.Final.jar
[INFO] Downloaded: http://nexus-common.apps.ocp-eu2.prod.nextcle.com/repository/java/com/fasterxml/jackson/datatype/jackson-datatype-jdk8/2.9.5/jackson-datatype-jdk8-2.9.5.jar (33 kB at 13 kB/s)
[INFO] Downloading: http://nexus-common.apps.ocp-eu2.prod.nextcle.com/repository/java/xalan/serializer/2.7.1.jbossorg-4/serializer-2.7.1.jbossorg-4.jar
[INFO] Downloaded: http://nexus-common.apps.ocp-eu2.prod.nextcle.com/repository/java/org/hibernate/validator/hibernate-validator/6.0.14.Final/hibernate-validator-6.0.14.Final.jar (1.2 MB at 438 kB/s)
[INFO] Downloading: http://nexus-common.apps.ocp-eu2.prod.nextcle.com/repository/java/org/jboss/jboss-transaction-spi/7.6.0.Final/jboss-transaction-spi-7.6.0.Final.jar
[INFO] Downloaded: http://nexus-common.apps.ocp-eu2.prod.nextcle.com/repository/java/org/jboss/weld/module/weld-jta/3.0.5.Final/weld-jta-3.0.5.Final.jar (22 kB at 8.5 kB/s)
[INFO] Downloading: http://nexus-common.apps.ocp-eu2.prod.nextcle.com/repository/java/org/wildfly/wildfly-bean-validation/15.0.1.Final/wildfly-bean-validation-15.0.1.Final.jar
[INFO] Downloaded: http://nexus-common.apps.ocp-eu2.prod.nextcle.com/repository/java/org/wildfly/wildfly-bean-validation/15.0.1.Final/wildfly-bean-validation-15.0.1.Final.jar (31 kB at 12 kB/s)
[INFO] Downloading: http://nexus-common.apps.ocp-eu2.prod.nextcle.com/repository/java/org/jboss/weld/weld-spi/3.0.SP4/weld-spi-3.0.SP4.jar
[INFO] Downloaded: http://nexus-common.apps.ocp-eu2.prod.nextcle.com/repository/java/org/apache/taglibs/taglibs-standard-compat/1.2.6-RC1/taglibs-standard-compat-1.2.6-RC1.jar (53 kB at 20 kB/s)
[INFO] Downloading: http://nexus-common.apps.ocp-eu2.prod.nextcle.com/repository/java/org/eclipse/microprofile/config/microprofile-config-api/1.3/microprofile-config-api-1.3.jar
[INFO] Downloaded: http://nexus-common.apps.ocp-eu2.prod.nextcle.com/repository/java/org/jboss/jboss-transaction-spi/7.6.0.Final/jboss-transaction-spi-7.6.0.Final.jar (34 kB at 13 kB/s)
[INFO] Downloading: http://nexus-common.apps.ocp-eu2.prod.nextcle.com/repository/java/org/wildfly/transaction/wildfly-transaction-client/1.1.2.Final/wildfly-transaction-client-1.1.2.Final.jar
[INFO] Downloaded: http://nexus-common.apps.ocp-eu2.prod.nextcle.com/repository/java/org/eclipse/microprofile/config/microprofile-config-api/1.3/microprofile-config-api-1.3.jar (17 kB at 6.2 kB/s)
[INFO] Downloading: http://nexus-common.apps.ocp-eu2.prod.nextcle.com/repository/java/org/jboss/narayana/txframework/txframework/5.9.0.Final/txframework-5.9.0.Final.jar
[INFO] Downloaded: http://nexus-common.apps.ocp-eu2.prod.nextcle.com/repository/java/org/jboss/weld/weld-spi/3.0.SP4/weld-spi-3.0.SP4.jar (91 kB at 33 kB/s)
[INFO] Downloading: http://nexus-common.apps.ocp-eu2.prod.nextcle.com/repository/java/org/jboss/narayana/compensations/compensations/5.9.0.Final/compensations-5.9.0.Final.jar
[INFO] Downloaded: http://nexus-common.apps.ocp-eu2.prod.nextcle.com/repository/java/org/wildfly/transaction/wildfly-transaction-client/1.1.2.Final/wildfly-transaction-client-1.1.2.Final.jar (184 kB at 67 kB/s)
[INFO] Downloading: http://nexus-common.apps.ocp-eu2.prod.nextcle.com/repository/java/org/jboss/weld/weld-api/3.0.SP4/weld-api-3.0.SP4.jar
[INFO] Downloaded: http://nexus-common.apps.ocp-eu2.prod.nextcle.com/repository/java/org/jboss/narayana/txframework/txframework/5.9.0.Final/txframework-5.9.0.Final.jar (34 kB at 13 kB/s)
[INFO] Downloading: http://nexus-common.apps.ocp-eu2.prod.nextcle.com/repository/java/org/glassfish/javax.json/1.1.2/javax.json-1.1.2.jar
[INFO] Downloaded: http://nexus-common.apps.ocp-eu2.prod.nextcle.com/repository/java/org/jboss/weld/weld-api/3.0.SP4/weld-api-3.0.SP4.jar (32 kB at 12 kB/s)
[INFO] Downloading: http://nexus-common.apps.ocp-eu2.prod.nextcle.com/repository/java/org/wildfly/core/wildfly-core-security/7.0.0.Final/wildfly-core-security-7.0.0.Final.jar
[INFO] Downloaded: http://nexus-common.apps.ocp-eu2.prod.nextcle.com/repository/java/org/jboss/narayana/compensations/compensations/5.9.0.Final/compensations-5.9.0.Final.jar (56 kB at 20 kB/s)
[INFO] Downloading: http://nexus-common.apps.ocp-eu2.prod.nextcle.com/repository/java/org/apache/httpcomponents/httpmime/4.5.4/httpmime-4.5.4.jar
[INFO] Downloaded: http://nexus-common.apps.ocp-eu2.prod.nextcle.com/repository/java/org/glassfish/javax.json/1.1.2/javax.json-1.1.2.jar (101 kB at 37 kB/s)
[INFO] Downloading: http://nexus-common.apps.ocp-eu2.prod.nextcle.com/repository/java/xalan/xalan/2.7.1.jbossorg-4/xalan-2.7.1.jbossorg-4.jar
[INFO] Downloaded: http://nexus-common.apps.ocp-eu2.prod.nextcle.com/repository/java/org/wildfly/core/wildfly-core-security/7.0.0.Final/wildfly-core-security-7.0.0.Final.jar (13 kB at 4.6 kB/s)
[INFO] Downloading: http://nexus-common.apps.ocp-eu2.prod.nextcle.com/repository/java/org/wildfly/core/wildfly-version/7.0.0.Final/wildfly-version-7.0.0.Final.jar
[INFO] Downloaded: http://nexus-common.apps.ocp-eu2.prod.nextcle.com/repository/java/org/apache/httpcomponents/httpmime/4.5.4/httpmime-4.5.4.jar (42 kB at 15 kB/s)
[INFO] Downloading: http://nexus-common.apps.ocp-eu2.prod.nextcle.com/repository/java/org/jboss/spec/javax/servlet/jsp/jboss-jsp-api_2.3_spec/1.0.3.Final/jboss-jsp-api_2.3_spec-1.0.3.Final.jar
[INFO] Downloaded: http://nexus-common.apps.ocp-eu2.prod.nextcle.com/repository/java/org/jboss/spec/javax/servlet/jsp/jboss-jsp-api_2.3_spec/1.0.3.Final/jboss-jsp-api_2.3_spec-1.0.3.Final.jar (61 kB at 22 kB/s)
[INFO] Downloading: http://nexus-common.apps.ocp-eu2.prod.nextcle.com/repository/java/commons-collections/commons-collections/3.2.2/commons-collections-3.2.2.jar
[INFO] Downloaded: http://nexus-common.apps.ocp-eu2.prod.nextcle.com/repository/java/org/wildfly/core/wildfly-version/7.0.0.Final/wildfly-version-7.0.0.Final.jar (11 kB at 3.8 kB/s)
[INFO] Downloading: http://nexus-common.apps.ocp-eu2.prod.nextcle.com/repository/java/org/glassfish/javax.enterprise.concurrent/1.0/javax.enterprise.concurrent-1.0.jar
[INFO] Downloaded: http://nexus-common.apps.ocp-eu2.prod.nextcle.com/repository/java/org/glassfish/javax.enterprise.concurrent/1.0/javax.enterprise.concurrent-1.0.jar (56 kB at 20 kB/s)
[INFO] Downloading: http://nexus-common.apps.ocp-eu2.prod.nextcle.com/repository/java/org/jboss/classfilewriter/jboss-classfilewriter/1.2.3.Final/jboss-classfilewriter-1.2.3.Final.jar
[INFO] Downloaded: http://nexus-common.apps.ocp-eu2.prod.nextcle.com/repository/java/commons-collections/commons-collections/3.2.2/commons-collections-3.2.2.jar (588 kB at 204 kB/s)
[INFO] Downloading: http://nexus-common.apps.ocp-eu2.prod.nextcle.com/repository/java/org/apache/httpcomponents/httpclient/4.5.4/httpclient-4.5.4.jar
[INFO] Downloaded: http://nexus-common.apps.ocp-eu2.prod.nextcle.com/repository/java/org/jboss/classfilewriter/jboss-classfilewriter/1.2.3.Final/jboss-classfilewriter-1.2.3.Final.jar (119 kB at 41 kB/s)
[INFO] Downloading: http://nexus-common.apps.ocp-eu2.prod.nextcle.com/repository/java/org/jboss/marshalling/jboss-marshalling/2.0.6.Final/jboss-marshalling-2.0.6.Final.jar
[INFO] Downloaded: http://nexus-common.apps.ocp-eu2.prod.nextcle.com/repository/java/org/apache/httpcomponents/httpclient/4.5.4/httpclient-4.5.4.jar (782 kB at 261 kB/s)
[INFO] Downloading: http://nexus-common.apps.ocp-eu2.prod.nextcle.com/repository/java/org/jboss/security/jboss-negotiation-ntlm/3.0.4.Final/jboss-negotiation-ntlm-3.0.4.Final.jar
[INFO] Downloaded: http://nexus-common.apps.ocp-eu2.prod.nextcle.com/repository/java/org/jboss/marshalling/jboss-marshalling/2.0.6.Final/jboss-marshalling-2.0.6.Final.jar (221 kB at 74 kB/s)
[INFO] Downloading: http://nexus-common.apps.ocp-eu2.prod.nextcle.com/repository/java/com/fasterxml/jackson/datatype/jackson-datatype-jsr310/2.9.5/jackson-datatype-jsr310-2.9.5.jar
[INFO] Downloaded: http://nexus-common.apps.ocp-eu2.prod.nextcle.com/repository/java/com/fasterxml/jackson/datatype/jackson-datatype-jsr310/2.9.5/jackson-datatype-jsr310-2.9.5.jar (100 kB at 33 kB/s)
[INFO] Downloading: http://nexus-common.apps.ocp-eu2.prod.nextcle.com/repository/java/org/jboss/common/jboss-common-beans/2.0.0.Final/jboss-common-beans-2.0.0.Final.jar
[INFO] Downloaded: http://nexus-common.apps.ocp-eu2.prod.nextcle.com/repository/java/org/jboss/common/jboss-common-beans/2.0.0.Final/jboss-common-beans-2.0.0.Final.jar (64 kB at 21 kB/s)
[INFO] Downloading: http://nexus-common.apps.ocp-eu2.prod.nextcle.com/repository/java/org/glassfish/jaxb/codemodel/2.3.1/codemodel-2.3.1.jar
[INFO] Downloaded: http://nexus-common.apps.ocp-eu2.prod.nextcle.com/repository/java/org/glassfish/jaxb/codemodel/2.3.1/codemodel-2.3.1.jar (160 kB at 52 kB/s)
[INFO] Downloading: http://nexus-common.apps.ocp-eu2.prod.nextcle.com/repository/java/ch/qos/cal10n/cal10n-api/0.8.1/cal10n-api-0.8.1.jar
[INFO] Downloaded: http://nexus-common.apps.ocp-eu2.prod.nextcle.com/repository/java/ch/qos/cal10n/cal10n-api/0.8.1/cal10n-api-0.8.1.jar (38 kB at 12 kB/s)
[INFO] Downloading: http://nexus-common.apps.ocp-eu2.prod.nextcle.com/repository/java/org/glassfish/jaxb/jaxb-xjc/2.3.1/jaxb-xjc-2.3.1.jar
[INFO] Downloaded: http://nexus-common.apps.ocp-eu2.prod.nextcle.com/repository/java/org/glassfish/jaxb/jaxb-xjc/2.3.1/jaxb-xjc-2.3.1.jar (987 kB at 311 kB/s)
[INFO] Downloading: http://nexus-common.apps.ocp-eu2.prod.nextcle.com/repository/java/org/jboss/security/jboss-negotiation-spnego/3.0.4.Final/jboss-negotiation-spnego-3.0.4.Final.jar
[INFO] Downloaded: http://nexus-common.apps.ocp-eu2.prod.nextcle.com/repository/java/org/jboss/security/jboss-negotiation-common/3.0.4.Final/jboss-negotiation-common-3.0.4.Final.jar (42 kB at 12 kB/s)
[INFO] Downloading: http://nexus-common.apps.ocp-eu2.prod.nextcle.com/repository/java/org/wildfly/wildfly-weld-bean-validation/15.0.1.Final/wildfly-weld-bean-validation-15.0.1.Final.jar
[INFO] Downloaded: http://nexus-common.apps.ocp-eu2.prod.nextcle.com/repository/java/org/wildfly/wildfly-weld-bean-validation/15.0.1.Final/wildfly-weld-bean-validation-15.0.1.Final.jar (20 kB at 5.7 kB/s)
[INFO] Downloading: http://nexus-common.apps.ocp-eu2.prod.nextcle.com/repository/java/org/wildfly/wildfly-clustering-service/15.0.1.Final/wildfly-clustering-service-15.0.1.Final.jar
[INFO] Downloaded: http://nexus-common.apps.ocp-eu2.prod.nextcle.com/repository/java/org/wildfly/wildfly-clustering-service/15.0.1.Final/wildfly-clustering-service-15.0.1.Final.jar (49 kB at 14 kB/s)
[INFO] Downloading: http://nexus-common.apps.ocp-eu2.prod.nextcle.com/repository/java/io/netty/netty-all/4.1.25.Final/netty-all-4.1.25.Final.jar
[INFO] Downloaded: http://nexus-common.apps.ocp-eu2.prod.nextcle.com/repository/java/io/netty/netty-all/4.1.25.Final/netty-all-4.1.25.Final.jar (3.8 MB at 1.1 MB/s)
[INFO] Downloading: http://nexus-common.apps.ocp-eu2.prod.nextcle.com/repository/java/org/wildfly/security/elytron-web/undertow-server/1.3.0.Final/undertow-server-1.3.0.Final.jar
[INFO] Downloaded: http://nexus-common.apps.ocp-eu2.prod.nextcle.com/repository/java/org/wildfly/security/elytron-web/undertow-server/1.3.0.Final/undertow-server-1.3.0.Final.jar (35 kB at 9.5 kB/s)
[INFO] Downloading: http://nexus-common.apps.ocp-eu2.prod.nextcle.com/repository/java/org/wildfly/client/wildfly-client-config/1.0.1.Final/wildfly-client-config-1.0.1.Final.jar
[INFO] Downloaded: http://nexus-common.apps.ocp-eu2.prod.nextcle.com/repository/java/org/wildfly/client/wildfly-client-config/1.0.1.Final/wildfly-client-config-1.0.1.Final.jar (47 kB at 13 kB/s)
[INFO] Downloading: http://nexus-common.apps.ocp-eu2.prod.nextcle.com/repository/java/org/projectodd/vdx/vdx-wildfly/1.1.6/vdx-wildfly-1.1.6.jar
[INFO] Downloaded: http://nexus-common.apps.ocp-eu2.prod.nextcle.com/repository/java/org/projectodd/vdx/vdx-wildfly/1.1.6/vdx-wildfly-1.1.6.jar (11 kB at 2.9 kB/s)
[INFO] Downloading: http://nexus-common.apps.ocp-eu2.prod.nextcle.com/repository/java/org/jboss/slf4j/slf4j-jboss-logmanager/1.0.3.GA/slf4j-jboss-logmanager-1.0.3.GA.jar
[INFO] Downloaded: http://nexus-common.apps.ocp-eu2.prod.nextcle.com/repository/java/org/jboss/slf4j/slf4j-jboss-logmanager/1.0.3.GA/slf4j-jboss-logmanager-1.0.3.GA.jar (11 kB at 2.8 kB/s)
[INFO] Downloading: http://nexus-common.apps.ocp-eu2.prod.nextcle.com/repository/java/org/jboss/weld/se/weld-se-core/3.0.5.Final/weld-se-core-3.0.5.Final.jar
[INFO] Downloaded: http://nexus-common.apps.ocp-eu2.prod.nextcle.com/repository/java/org/jboss/weld/se/weld-se-core/3.0.5.Final/weld-se-core-3.0.5.Final.jar (71 kB at 19 kB/s)
[INFO] Downloading: http://nexus-common.apps.ocp-eu2.prod.nextcle.com/repository/java/org/jboss/spec/javax/security/auth/message/jboss-jaspi-api_1.1_spec/1.0.2.Final/jboss-jaspi-api_1.1_spec-1.0.2.Final.jar
[INFO] Downloaded: http://nexus-common.apps.ocp-eu2.prod.nextcle.com/repository/java/xalan/serializer/2.7.1.jbossorg-4/serializer-2.7.1.jbossorg-4.jar (287 kB at 75 kB/s)
[INFO] Downloading: http://nexus-common.apps.ocp-eu2.prod.nextcle.com/repository/java/org/slf4j/slf4j-api/1.7.22.jbossorg-1/slf4j-api-1.7.22.jbossorg-1.jar
[INFO] Downloaded: http://nexus-common.apps.ocp-eu2.prod.nextcle.com/repository/java/org/jboss/spec/javax/security/auth/message/jboss-jaspi-api_1.1_spec/1.0.2.Final/jboss-jaspi-api_1.1_spec-1.0.2.Final.jar (36 kB at 9.4 kB/s)
[INFO] Downloading: http://nexus-common.apps.ocp-eu2.prod.nextcle.com/repository/java/org/jboss/metadata/jboss-metadata-ear/12.0.0.Final/jboss-metadata-ear-12.0.0.Final.jar
[INFO] Downloaded: http://nexus-common.apps.ocp-eu2.prod.nextcle.com/repository/java/xalan/xalan/2.7.1.jbossorg-4/xalan-2.7.1.jbossorg-4.jar (3.3 MB at 806 kB/s)
[INFO] Downloading: http://nexus-common.apps.ocp-eu2.prod.nextcle.com/repository/java/org/jboss/spec/javax/security/jacc/jboss-jacc-api_1.5_spec/1.0.2.Final/jboss-jacc-api_1.5_spec-1.0.2.Final.jar
[INFO] Downloaded: http://nexus-common.apps.ocp-eu2.prod.nextcle.com/repository/java/org/jboss/spec/javax/security/jacc/jboss-jacc-api_1.5_spec/1.0.2.Final/jboss-jacc-api_1.5_spec-1.0.2.Final.jar (36 kB at 9.0 kB/s)
[INFO] Downloading: http://nexus-common.apps.ocp-eu2.prod.nextcle.com/repository/java/org/wildfly/discovery/wildfly-discovery-client/1.1.1.Final/wildfly-discovery-client-1.1.1.Final.jar
[INFO] Downloaded: http://nexus-common.apps.ocp-eu2.prod.nextcle.com/repository/java/org/jboss/metadata/jboss-metadata-ear/12.0.0.Final/jboss-metadata-ear-12.0.0.Final.jar (75 kB at 19 kB/s)
[INFO] Downloading: http://nexus-common.apps.ocp-eu2.prod.nextcle.com/repository/java/org/jboss/resteasy/resteasy-jackson-provider/3.6.2.Final/resteasy-jackson-provider-3.6.2.Final.jar
[INFO] Downloaded: http://nexus-common.apps.ocp-eu2.prod.nextcle.com/repository/java/org/wildfly/discovery/wildfly-discovery-client/1.1.1.Final/wildfly-discovery-client-1.1.1.Final.jar (84 kB at 21 kB/s)
[INFO] Downloading: http://nexus-common.apps.ocp-eu2.prod.nextcle.com/repository/java/commons-beanutils/commons-beanutils/1.9.3/commons-beanutils-1.9.3.jar
[INFO] Downloaded: http://nexus-common.apps.ocp-eu2.prod.nextcle.com/repository/java/org/jboss/resteasy/resteasy-jackson-provider/3.6.2.Final/resteasy-jackson-provider-3.6.2.Final.jar (8.0 kB at 2.0 kB/s)
[INFO] Downloading: http://nexus-common.apps.ocp-eu2.prod.nextcle.com/repository/java/org/eclipse/jdt/core/compiler/ecj/4.6.1/ecj-4.6.1.jar
[INFO] Downloaded: http://nexus-common.apps.ocp-eu2.prod.nextcle.com/repository/java/commons-beanutils/commons-beanutils/1.9.3/commons-beanutils-1.9.3.jar (246 kB at 60 kB/s)
[INFO] Downloading: http://nexus-common.apps.ocp-eu2.prod.nextcle.com/repository/java/org/jboss/weld/module/weld-web/3.0.5.Final/weld-web-3.0.5.Final.jar
[INFO] Downloaded: http://nexus-common.apps.ocp-eu2.prod.nextcle.com/repository/java/org/jboss/weld/module/weld-web/3.0.5.Final/weld-web-3.0.5.Final.jar (80 kB at 19 kB/s)
[INFO] Downloading: http://nexus-common.apps.ocp-eu2.prod.nextcle.com/repository/java/org/jboss/logmanager/jboss-logmanager/2.1.5.Final/jboss-logmanager-2.1.5.Final.jar
[INFO] Downloaded: http://nexus-common.apps.ocp-eu2.prod.nextcle.com/repository/java/org/jboss/security/jboss-negotiation-ntlm/3.0.4.Final/jboss-negotiation-ntlm-3.0.4.Final.jar (15 kB at 3.5 kB/s)
[INFO] Downloading: http://nexus-common.apps.ocp-eu2.prod.nextcle.com/repository/java/org/eclipse/jgit/org.eclipse.jgit/5.0.2.201807311906-r/org.eclipse.jgit-5.0.2.201807311906-r.jar
[INFO] Downloaded: http://nexus-common.apps.ocp-eu2.prod.nextcle.com/repository/java/org/eclipse/jdt/core/compiler/ecj/4.6.1/ecj-4.6.1.jar (2.4 MB at 578 kB/s)
[INFO] Downloading: http://nexus-common.apps.ocp-eu2.prod.nextcle.com/repository/java/org/wildfly/wildfly-security/15.0.1.Final/wildfly-security-15.0.1.Final.jar
[INFO] Downloaded: http://nexus-common.apps.ocp-eu2.prod.nextcle.com/repository/java/org/jboss/logmanager/jboss-logmanager/2.1.5.Final/jboss-logmanager-2.1.5.Final.jar (413 kB at 96 kB/s)
[INFO] Downloading: http://nexus-common.apps.ocp-eu2.prod.nextcle.com/repository/java/org/picketbox/picketbox-infinispan/5.0.3.Final/picketbox-infinispan-5.0.3.Final.jar
[INFO] Downloaded: http://nexus-common.apps.ocp-eu2.prod.nextcle.com/repository/java/org/wildfly/wildfly-security/15.0.1.Final/wildfly-security-15.0.1.Final.jar (339 kB at 78 kB/s)
[INFO] Downloading: http://nexus-common.apps.ocp-eu2.prod.nextcle.com/repository/java/org/wildfly/core/wildfly-core-security-api/7.0.0.Final/wildfly-core-security-api-7.0.0.Final.jar
[INFO] Downloaded: http://nexus-common.apps.ocp-eu2.prod.nextcle.com/repository/java/org/picketbox/picketbox-infinispan/5.0.3.Final/picketbox-infinispan-5.0.3.Final.jar (23 kB at 5.4 kB/s)
[INFO] Downloading: http://nexus-common.apps.ocp-eu2.prod.nextcle.com/repository/java/org/jboss/security/jboss-negotiation-extras/3.0.4.Final/jboss-negotiation-extras-3.0.4.Final.jar
[INFO] Downloaded: http://nexus-common.apps.ocp-eu2.prod.nextcle.com/repository/java/org/wildfly/core/wildfly-core-security-api/7.0.0.Final/wildfly-core-security-api-7.0.0.Final.jar (4.8 kB at 1.1 kB/s)
[INFO] Downloading: http://nexus-common.apps.ocp-eu2.prod.nextcle.com/repository/java/org/wildfly/core/wildfly-domain-management/7.0.0.Final/wildfly-domain-management-7.0.0.Final.jar
[INFO] Downloaded: http://nexus-common.apps.ocp-eu2.prod.nextcle.com/repository/java/org/eclipse/jgit/org.eclipse.jgit/5.0.2.201807311906-r/org.eclipse.jgit-5.0.2.201807311906-r.jar (2.7 MB at 602 kB/s)
[INFO] Downloading: http://nexus-common.apps.ocp-eu2.prod.nextcle.com/repository/java/org/picketbox/picketbox-commons/1.0.0.final/picketbox-commons-1.0.0.final.jar
[INFO] Downloaded: http://nexus-common.apps.ocp-eu2.prod.nextcle.com/repository/java/org/picketbox/picketbox-commons/1.0.0.final/picketbox-commons-1.0.0.final.jar (21 kB at 4.7 kB/s)
[INFO] Downloading: http://nexus-common.apps.ocp-eu2.prod.nextcle.com/repository/java/org/jboss/resteasy/resteasy-jaxrs/3.6.2.Final/resteasy-jaxrs-3.6.2.Final.jar
[INFO] Downloaded: http://nexus-common.apps.ocp-eu2.prod.nextcle.com/repository/java/org/wildfly/core/wildfly-domain-management/7.0.0.Final/wildfly-domain-management-7.0.0.Final.jar (941 kB at 211 kB/s)
[INFO] Downloading: http://nexus-common.apps.ocp-eu2.prod.nextcle.com/repository/java/org/wildfly/core/wildfly-core-management-client/7.0.0.Final/wildfly-core-management-client-7.0.0.Final.jar
[INFO] Downloaded: http://nexus-common.apps.ocp-eu2.prod.nextcle.com/repository/java/org/wildfly/core/wildfly-core-management-client/7.0.0.Final/wildfly-core-management-client-7.0.0.Final.jar (15 kB at 3.3 kB/s)
[INFO] Downloading: http://nexus-common.apps.ocp-eu2.prod.nextcle.com/repository/java/org/apache/httpcomponents/httpasyncclient/4.1.3/httpasyncclient-4.1.3.jar
[INFO] Downloaded: http://nexus-common.apps.ocp-eu2.prod.nextcle.com/repository/java/org/jboss/resteasy/resteasy-jaxrs/3.6.2.Final/resteasy-jaxrs-3.6.2.Final.jar (1.0 MB at 230 kB/s)
[INFO] Downloading: http://nexus-common.apps.ocp-eu2.prod.nextcle.com/repository/java/org/jboss/logmanager/log4j-jboss-logmanager/1.1.6.Final/log4j-jboss-logmanager-1.1.6.Final.jar
[INFO] Downloaded: http://nexus-common.apps.ocp-eu2.prod.nextcle.com/repository/java/org/apache/httpcomponents/httpasyncclient/4.1.3/httpasyncclient-4.1.3.jar (179 kB at 40 kB/s)
[INFO] Downloading: http://nexus-common.apps.ocp-eu2.prod.nextcle.com/repository/java/org/jboss/metadata/jboss-metadata-web/12.0.0.Final/jboss-metadata-web-12.0.0.Final.jar
[INFO] Downloaded: http://nexus-common.apps.ocp-eu2.prod.nextcle.com/repository/java/org/jboss/metadata/jboss-metadata-web/12.0.0.Final/jboss-metadata-web-12.0.0.Final.jar (498 kB at 109 kB/s)
[INFO] Downloading: http://nexus-common.apps.ocp-eu2.prod.nextcle.com/repository/java/org/jboss/narayana/jts/narayana-jts-integration/5.9.0.Final/narayana-jts-integration-5.9.0.Final.jar
[INFO] Downloaded: http://nexus-common.apps.ocp-eu2.prod.nextcle.com/repository/java/org/jboss/narayana/jts/narayana-jts-integration/5.9.0.Final/narayana-jts-integration-5.9.0.Final.jar (49 kB at 11 kB/s)
[INFO] Downloading: http://nexus-common.apps.ocp-eu2.prod.nextcle.com/repository/java/org/jboss/narayana/jbosstxbridge/5.9.0.Final/jbosstxbridge-5.9.0.Final.jar
[INFO] Downloaded: http://nexus-common.apps.ocp-eu2.prod.nextcle.com/repository/java/org/jboss/narayana/jbosstxbridge/5.9.0.Final/jbosstxbridge-5.9.0.Final.jar (44 kB at 9.5 kB/s)
[INFO] Downloading: http://nexus-common.apps.ocp-eu2.prod.nextcle.com/repository/java/org/reactivestreams/reactive-streams/1.0.2/reactive-streams-1.0.2.jar
[INFO] Downloaded: http://nexus-common.apps.ocp-eu2.prod.nextcle.com/repository/java/org/reactivestreams/reactive-streams/1.0.2/reactive-streams-1.0.2.jar (2.1 kB at 452 B/s)
[INFO] Downloading: http://nexus-common.apps.ocp-eu2.prod.nextcle.com/repository/java/org/jboss/spec/javax/xml/ws/jboss-jaxws-api_2.3_spec/1.0.0.Final/jboss-jaxws-api_2.3_spec-1.0.0.Final.jar
[INFO] Downloaded: http://nexus-common.apps.ocp-eu2.prod.nextcle.com/repository/java/org/jboss/spec/javax/xml/ws/jboss-jaxws-api_2.3_spec/1.0.0.Final/jboss-jaxws-api_2.3_spec-1.0.0.Final.jar (72 kB at 15 kB/s)
[INFO] Downloading: http://nexus-common.apps.ocp-eu2.prod.nextcle.com/repository/java/org/jboss/staxmapper/1.3.0.Final/staxmapper-1.3.0.Final.jar
[INFO] Downloaded: http://nexus-common.apps.ocp-eu2.prod.nextcle.com/repository/java/org/jboss/security/jboss-negotiation-spnego/3.0.4.Final/jboss-negotiation-spnego-3.0.4.Final.jar (34 kB at 7.2 kB/s)
[INFO] Downloading: http://nexus-common.apps.ocp-eu2.prod.nextcle.com/repository/java/org/jboss/spec/javax/xml/bind/jboss-jaxb-api_2.3_spec/1.0.1.Final/jboss-jaxb-api_2.3_spec-1.0.1.Final.jar
[INFO] Downloaded: http://nexus-common.apps.ocp-eu2.prod.nextcle.com/repository/java/org/jboss/logmanager/log4j-jboss-logmanager/1.1.6.Final/log4j-jboss-logmanager-1.1.6.Final.jar (496 kB at 106 kB/s)
[INFO] Downloading: http://nexus-common.apps.ocp-eu2.prod.nextcle.com/repository/java/com/github/fge/jackson-coreutils/1.0/jackson-coreutils-1.0.jar
[INFO] Downloaded: http://nexus-common.apps.ocp-eu2.prod.nextcle.com/repository/java/org/jboss/staxmapper/1.3.0.Final/staxmapper-1.3.0.Final.jar (38 kB at 8.0 kB/s)
[INFO] Downloading: http://nexus-common.apps.ocp-eu2.prod.nextcle.com/repository/java/org/jboss/weld/weld-core-impl/3.0.5.Final/weld-core-impl-3.0.5.Final.jar
[INFO] Downloaded: http://nexus-common.apps.ocp-eu2.prod.nextcle.com/repository/java/com/github/fge/jackson-coreutils/1.0/jackson-coreutils-1.0.jar (23 kB at 4.8 kB/s)
[INFO] Downloading: http://nexus-common.apps.ocp-eu2.prod.nextcle.com/repository/java/org/apache/httpcomponents/httpcore/4.4.5/httpcore-4.4.5.jar
[INFO] Downloaded: http://nexus-common.apps.ocp-eu2.prod.nextcle.com/repository/java/org/jboss/spec/javax/xml/bind/jboss-jaxb-api_2.3_spec/1.0.1.Final/jboss-jaxb-api_2.3_spec-1.0.1.Final.jar (132 kB at 28 kB/s)
[INFO] Downloading: http://nexus-common.apps.ocp-eu2.prod.nextcle.com/repository/java/org/jboss/stdio/jboss-stdio/1.0.2.GA/jboss-stdio-1.0.2.GA.jar
[INFO] Downloaded: http://nexus-common.apps.ocp-eu2.prod.nextcle.com/repository/java/org/jboss/stdio/jboss-stdio/1.0.2.GA/jboss-stdio-1.0.2.GA.jar (19 kB at 3.9 kB/s)
[INFO] Downloading: http://nexus-common.apps.ocp-eu2.prod.nextcle.com/repository/java/org/wildfly/security/wildfly-elytron/1.7.0.Final/wildfly-elytron-1.7.0.Final.jar
[INFO] Downloaded: http://nexus-common.apps.ocp-eu2.prod.nextcle.com/repository/java/org/apache/httpcomponents/httpcore/4.4.5/httpcore-4.4.5.jar (327 kB at 69 kB/s)
[INFO] Downloading: http://nexus-common.apps.ocp-eu2.prod.nextcle.com/repository/java/org/wildfly/wildfly-web-common/15.0.1.Final/wildfly-web-common-15.0.1.Final.jar
[INFO] Downloaded: http://nexus-common.apps.ocp-eu2.prod.nextcle.com/repository/java/org/wildfly/wildfly-web-common/15.0.1.Final/wildfly-web-common-15.0.1.Final.jar (47 kB at 9.8 kB/s)
[INFO] Downloading: http://nexus-common.apps.ocp-eu2.prod.nextcle.com/repository/java/io/undertow/jastow/jastow/2.0.7.Final/jastow-2.0.7.Final.jar
[INFO] Downloaded: http://nexus-common.apps.ocp-eu2.prod.nextcle.com/repository/java/org/jboss/weld/weld-core-impl/3.0.5.Final/weld-core-impl-3.0.5.Final.jar (1.7 MB at 344 kB/s)
[INFO] Downloading: http://nexus-common.apps.ocp-eu2.prod.nextcle.com/repository/java/org/jboss/metadata/jboss-metadata-common/12.0.0.Final/jboss-metadata-common-12.0.0.Final.jar
[INFO] Downloaded: http://nexus-common.apps.ocp-eu2.prod.nextcle.com/repository/java/io/undertow/jastow/jastow/2.0.7.Final/jastow-2.0.7.Final.jar (624 kB at 127 kB/s)
[INFO] Downloading: http://nexus-common.apps.ocp-eu2.prod.nextcle.com/repository/java/org/jsoup/jsoup/1.8.3/jsoup-1.8.3.jar
[INFO] Downloaded: http://nexus-common.apps.ocp-eu2.prod.nextcle.com/repository/java/org/jboss/metadata/jboss-metadata-common/12.0.0.Final/jboss-metadata-common-12.0.0.Final.jar (496 kB at 101 kB/s)
[INFO] Downloading: http://nexus-common.apps.ocp-eu2.prod.nextcle.com/repository/java/org/wildfly/core/wildfly-deployment-repository/7.0.0.Final/wildfly-deployment-repository-7.0.0.Final.jar
[INFO] Downloaded: http://nexus-common.apps.ocp-eu2.prod.nextcle.com/repository/java/org/jsoup/jsoup/1.8.3/jsoup-1.8.3.jar (315 kB at 64 kB/s)
[INFO] Downloading: http://nexus-common.apps.ocp-eu2.prod.nextcle.com/repository/java/org/jboss/resteasy/resteasy-jackson2-provider/3.6.2.Final/resteasy-jackson2-provider-3.6.2.Final.jar
[INFO] Downloaded: http://nexus-common.apps.ocp-eu2.prod.nextcle.com/repository/java/org/slf4j/slf4j-api/1.7.22.jbossorg-1/slf4j-api-1.7.22.jbossorg-1.jar (41 kB at 8.2 kB/s)
[INFO] Downloading: http://nexus-common.apps.ocp-eu2.prod.nextcle.com/repository/java/org/glassfish/jaxb/jaxb-jxc/2.3.1/jaxb-jxc-2.3.1.jar
[INFO] Downloaded: http://nexus-common.apps.ocp-eu2.prod.nextcle.com/repository/java/org/wildfly/security/wildfly-elytron/1.7.0.Final/wildfly-elytron-1.7.0.Final.jar (2.2 MB at 436 kB/s)
[INFO] Downloading: http://nexus-common.apps.ocp-eu2.prod.nextcle.com/repository/java/org/wildfly/wildfly-weld-transactions/15.0.1.Final/wildfly-weld-transactions-15.0.1.Final.jar
[INFO] Downloaded: http://nexus-common.apps.ocp-eu2.prod.nextcle.com/repository/java/org/glassfish/jaxb/jaxb-jxc/2.3.1/jaxb-jxc-2.3.1.jar (132 kB at 26 kB/s)
[INFO] Downloading: http://nexus-common.apps.ocp-eu2.prod.nextcle.com/repository/java/org/codehaus/jackson/jackson-core-asl/1.9.13/jackson-core-asl-1.9.13.jar
[INFO] Downloaded: http://nexus-common.apps.ocp-eu2.prod.nextcle.com/repository/java/org/jboss/resteasy/resteasy-jackson2-provider/3.6.2.Final/resteasy-jackson2-provider-3.6.2.Final.jar (23 kB at 4.5 kB/s)
[INFO] Downloading: http://nexus-common.apps.ocp-eu2.prod.nextcle.com/repository/java/org/jboss/narayana/xts/jbossxts/5.9.0.Final/jbossxts-5.9.0.Final.jar
[INFO] Downloaded: http://nexus-common.apps.ocp-eu2.prod.nextcle.com/repository/java/org/wildfly/wildfly-weld-transactions/15.0.1.Final/wildfly-weld-transactions-15.0.1.Final.jar (17 kB at 3.3 kB/s)
[INFO] Downloading: http://nexus-common.apps.ocp-eu2.prod.nextcle.com/repository/java/org/jboss/spec/javax/resource/jboss-connector-api_1.7_spec/1.0.1.Final/jboss-connector-api_1.7_spec-1.0.1.Final.jar
[INFO] Downloaded: http://nexus-common.apps.ocp-eu2.prod.nextcle.com/repository/java/org/codehaus/jackson/jackson-core-asl/1.9.13/jackson-core-asl-1.9.13.jar (232 kB at 46 kB/s)
[INFO] Downloading: http://nexus-common.apps.ocp-eu2.prod.nextcle.com/repository/java/org/codehaus/jackson/jackson-xc/1.9.13/jackson-xc-1.9.13.jar
[INFO] Downloaded: http://nexus-common.apps.ocp-eu2.prod.nextcle.com/repository/java/org/wildfly/core/wildfly-deployment-repository/7.0.0.Final/wildfly-deployment-repository-7.0.0.Final.jar (57 kB at 11 kB/s)
[INFO] Downloading: http://nexus-common.apps.ocp-eu2.prod.nextcle.com/repository/java/org/jboss/spec/javax/ejb/jboss-ejb-api_3.2_spec/1.0.1.Final/jboss-ejb-api_3.2_spec-1.0.1.Final.jar
[INFO] Downloaded: http://nexus-common.apps.ocp-eu2.prod.nextcle.com/repository/java/org/codehaus/jackson/jackson-xc/1.9.13/jackson-xc-1.9.13.jar (27 kB at 5.2 kB/s)
[INFO] Downloading: http://nexus-common.apps.ocp-eu2.prod.nextcle.com/repository/java/org/wildfly/wildfly-http-client/wildfly-http-naming-client/1.0.12.Final/wildfly-http-naming-client-1.0.12.Final.jar
[INFO] Downloaded: http://nexus-common.apps.ocp-eu2.prod.nextcle.com/repository/java/org/jboss/spec/javax/resource/jboss-connector-api_1.7_spec/1.0.1.Final/jboss-connector-api_1.7_spec-1.0.1.Final.jar (75 kB at 15 kB/s)
[INFO] Downloading: http://nexus-common.apps.ocp-eu2.prod.nextcle.com/repository/java/org/apache/taglibs/taglibs-standard-spec/1.2.6-RC1/taglibs-standard-spec-1.2.6-RC1.jar
[INFO] Downloaded: http://nexus-common.apps.ocp-eu2.prod.nextcle.com/repository/java/org/jboss/spec/javax/ejb/jboss-ejb-api_3.2_spec/1.0.1.Final/jboss-ejb-api_3.2_spec-1.0.1.Final.jar (53 kB at 10 kB/s)
[INFO] Downloading: http://nexus-common.apps.ocp-eu2.prod.nextcle.com/repository/java/org/jboss/resteasy/resteasy-client/3.6.2.Final/resteasy-client-3.6.2.Final.jar
[INFO] Downloaded: http://nexus-common.apps.ocp-eu2.prod.nextcle.com/repository/java/org/wildfly/wildfly-http-client/wildfly-http-naming-client/1.0.12.Final/wildfly-http-naming-client-1.0.12.Final.jar (41 kB at 7.9 kB/s)
[INFO] Downloading: http://nexus-common.apps.ocp-eu2.prod.nextcle.com/repository/java/org/apache/taglibs/taglibs-standard-impl/1.2.6-RC1/taglibs-standard-impl-1.2.6-RC1.jar
[INFO] Downloaded: http://nexus-common.apps.ocp-eu2.prod.nextcle.com/repository/java/org/jboss/narayana/xts/jbossxts/5.9.0.Final/jbossxts-5.9.0.Final.jar (1.0 MB at 192 kB/s)
[INFO] Downloading: http://nexus-common.apps.ocp-eu2.prod.nextcle.com/repository/java/com/sun/xml/bind/external/relaxng-datatype/2.3.1/relaxng-datatype-2.3.1.jar
[INFO] Downloaded: http://nexus-common.apps.ocp-eu2.prod.nextcle.com/repository/java/com/sun/xml/bind/external/relaxng-datatype/2.3.1/relaxng-datatype-2.3.1.jar (16 kB at 3.0 kB/s)
[INFO] Downloading: http://nexus-common.apps.ocp-eu2.prod.nextcle.com/repository/java/org/codehaus/jackson/jackson-mapper-asl/1.9.13/jackson-mapper-asl-1.9.13.jar
[INFO] Downloaded: http://nexus-common.apps.ocp-eu2.prod.nextcle.com/repository/java/org/jboss/resteasy/resteasy-client/3.6.2.Final/resteasy-client-3.6.2.Final.jar (229 kB at 44 kB/s)
[INFO] Downloading: http://nexus-common.apps.ocp-eu2.prod.nextcle.com/repository/java/org/wildfly/core/wildfly-protocol/7.0.0.Final/wildfly-protocol-7.0.0.Final.jar
[INFO] Downloaded: http://nexus-common.apps.ocp-eu2.prod.nextcle.com/repository/java/org/wildfly/core/wildfly-protocol/7.0.0.Final/wildfly-protocol-7.0.0.Final.jar (95 kB at 18 kB/s)
[INFO] Downloading: http://nexus-common.apps.ocp-eu2.prod.nextcle.com/repository/java/org/apache/httpcomponents/httpcore-nio/4.4.5/httpcore-nio-4.4.5.jar
[INFO] Downloaded: http://nexus-common.apps.ocp-eu2.prod.nextcle.com/repository/java/org/codehaus/jackson/jackson-mapper-asl/1.9.13/jackson-mapper-asl-1.9.13.jar (781 kB at 147 kB/s)
[INFO] Downloading: http://nexus-common.apps.ocp-eu2.prod.nextcle.com/repository/java/com/jcraft/jzlib/1.1.1/jzlib-1.1.1.jar
[INFO] Downloaded: http://nexus-common.apps.ocp-eu2.prod.nextcle.com/repository/java/com/jcraft/jzlib/1.1.1/jzlib-1.1.1.jar (70 kB at 13 kB/s)
[INFO] Downloading: http://nexus-common.apps.ocp-eu2.prod.nextcle.com/repository/java/org/apache/james/apache-mime4j/0.6/apache-mime4j-0.6.jar
[INFO] Downloaded: http://nexus-common.apps.ocp-eu2.prod.nextcle.com/repository/java/org/apache/httpcomponents/httpcore-nio/4.4.5/httpcore-nio-4.4.5.jar (356 kB at 66 kB/s)
[INFO] Downloading: http://nexus-common.apps.ocp-eu2.prod.nextcle.com/repository/java/javax/persistence/javax.persistence-api/2.2/javax.persistence-api-2.2.jar
[INFO] Downloaded: http://nexus-common.apps.ocp-eu2.prod.nextcle.com/repository/java/org/apache/james/apache-mime4j/0.6/apache-mime4j-0.6.jar (345 kB at 64 kB/s)
[INFO] Downloading: http://nexus-common.apps.ocp-eu2.prod.nextcle.com/repository/java/javax/activation/activation/1.1.1/activation-1.1.1.jar
[INFO] Downloaded: http://nexus-common.apps.ocp-eu2.prod.nextcle.com/repository/java/javax/persistence/javax.persistence-api/2.2/javax.persistence-api-2.2.jar (165 kB at 30 kB/s)
[INFO] Downloading: http://nexus-common.apps.ocp-eu2.prod.nextcle.com/repository/java/org/wildfly/core/wildfly-controller/7.0.0.Final/wildfly-controller-7.0.0.Final.jar
[INFO] Downloaded: http://nexus-common.apps.ocp-eu2.prod.nextcle.com/repository/java/javax/activation/activation/1.1.1/activation-1.1.1.jar (69 kB at 13 kB/s)
[INFO] Downloading: http://nexus-common.apps.ocp-eu2.prod.nextcle.com/repository/java/org/jboss/msc/jboss-msc/1.4.5.Final/jboss-msc-1.4.5.Final.jar
[INFO] Downloaded: http://nexus-common.apps.ocp-eu2.prod.nextcle.com/repository/java/org/jboss/msc/jboss-msc/1.4.5.Final/jboss-msc-1.4.5.Final.jar (234 kB at 43 kB/s)
[INFO] Downloading: http://nexus-common.apps.ocp-eu2.prod.nextcle.com/repository/java/com/sun/istack/istack-commons-tools/3.0.7/istack-commons-tools-3.0.7.jar
[INFO] Downloaded: http://nexus-common.apps.ocp-eu2.prod.nextcle.com/repository/java/com/sun/istack/istack-commons-tools/3.0.7/istack-commons-tools-3.0.7.jar (28 kB at 5.0 kB/s)
[INFO] Downloading: http://nexus-common.apps.ocp-eu2.prod.nextcle.com/repository/java/org/wildfly/wildfly-jaxrs/15.0.1.Final/wildfly-jaxrs-15.0.1.Final.jar
[INFO] Downloaded: http://nexus-common.apps.ocp-eu2.prod.nextcle.com/repository/java/org/wildfly/wildfly-jaxrs/15.0.1.Final/wildfly-jaxrs-15.0.1.Final.jar (86 kB at 16 kB/s)
[INFO] Downloading: http://nexus-common.apps.ocp-eu2.prod.nextcle.com/repository/java/org/glassfish/jaxb/txw2/2.3.1/txw2-2.3.1.jar
[INFO] Downloaded: http://nexus-common.apps.ocp-eu2.prod.nextcle.com/repository/java/org/glassfish/jaxb/txw2/2.3.1/txw2-2.3.1.jar (70 kB at 13 kB/s)
[INFO] Downloading: http://nexus-common.apps.ocp-eu2.prod.nextcle.com/repository/java/org/wildfly/core/wildfly-platform-mbean/7.0.0.Final/wildfly-platform-mbean-7.0.0.Final.jar
[INFO] Downloaded: http://nexus-common.apps.ocp-eu2.prod.nextcle.com/repository/java/org/jboss/security/jboss-negotiation-extras/3.0.4.Final/jboss-negotiation-extras-3.0.4.Final.jar (45 kB at 8.1 kB/s)
[INFO] Downloading: http://nexus-common.apps.ocp-eu2.prod.nextcle.com/repository/java/org/jboss/remoting/jboss-remoting/5.0.8.Final/jboss-remoting-5.0.8.Final.jar
[INFO] Downloaded: http://nexus-common.apps.ocp-eu2.prod.nextcle.com/repository/java/org/wildfly/core/wildfly-platform-mbean/7.0.0.Final/wildfly-platform-mbean-7.0.0.Final.jar (117 kB at 21 kB/s)
[INFO] Downloading: http://nexus-common.apps.ocp-eu2.prod.nextcle.com/repository/java/org/jboss/openjdk-orb/openjdk-orb/8.1.2.Final/openjdk-orb-8.1.2.Final.jar
[INFO] Downloaded: http://nexus-common.apps.ocp-eu2.prod.nextcle.com/repository/java/org/jboss/remoting/jboss-remoting/5.0.8.Final/jboss-remoting-5.0.8.Final.jar (318 kB at 57 kB/s)
[INFO] Downloading: http://nexus-common.apps.ocp-eu2.prod.nextcle.com/repository/java/org/wildfly/core/wildfly-remoting/7.0.0.Final/wildfly-remoting-7.0.0.Final.jar
[INFO] Downloaded: http://nexus-common.apps.ocp-eu2.prod.nextcle.com/repository/java/org/wildfly/core/wildfly-remoting/7.0.0.Final/wildfly-remoting-7.0.0.Final.jar (214 kB at 38 kB/s)
[INFO] Downloading: http://nexus-common.apps.ocp-eu2.prod.nextcle.com/repository/java/org/projectodd/vdx/vdx-core/1.1.6/vdx-core-1.1.6.jar
[INFO] Downloaded: http://nexus-common.apps.ocp-eu2.prod.nextcle.com/repository/java/org/projectodd/vdx/vdx-core/1.1.6/vdx-core-1.1.6.jar (88 kB at 15 kB/s)
[INFO] Downloading: http://nexus-common.apps.ocp-eu2.prod.nextcle.com/repository/java/org/jboss/resteasy/resteasy-cdi/3.6.2.Final/resteasy-cdi-3.6.2.Final.jar
[INFO] Downloaded: http://nexus-common.apps.ocp-eu2.prod.nextcle.com/repository/java/org/jboss/resteasy/resteasy-cdi/3.6.2.Final/resteasy-cdi-3.6.2.Final.jar (30 kB at 5.2 kB/s)
[INFO] Downloading: http://nexus-common.apps.ocp-eu2.prod.nextcle.com/repository/java/org/wildfly/wildfly-clustering-common/15.0.1.Final/wildfly-clustering-common-15.0.1.Final.jar
[INFO] Downloaded: http://nexus-common.apps.ocp-eu2.prod.nextcle.com/repository/java/org/wildfly/wildfly-clustering-common/15.0.1.Final/wildfly-clustering-common-15.0.1.Final.jar (186 kB at 32 kB/s)
[INFO] Downloading: http://nexus-common.apps.ocp-eu2.prod.nextcle.com/repository/java/org/jboss/threads/jboss-threads/2.3.2.Final/jboss-threads-2.3.2.Final.jar
[INFO] Downloaded: http://nexus-common.apps.ocp-eu2.prod.nextcle.com/repository/java/org/jboss/openjdk-orb/openjdk-orb/8.1.2.Final/openjdk-orb-8.1.2.Final.jar (4.1 MB at 708 kB/s)
[INFO] Downloading: http://nexus-common.apps.ocp-eu2.prod.nextcle.com/repository/java/org/wildfly/security/elytron-web/undertow-server-servlet/1.3.0.Final/undertow-server-servlet-1.3.0.Final.jar
[INFO] Downloaded: http://nexus-common.apps.ocp-eu2.prod.nextcle.com/repository/java/org/wildfly/security/elytron-web/undertow-server-servlet/1.3.0.Final/undertow-server-servlet-1.3.0.Final.jar (41 kB at 7.1 kB/s)
[INFO] Downloading: http://nexus-common.apps.ocp-eu2.prod.nextcle.com/repository/java/org/wildfly/wildfly-undertow/15.0.1.Final/wildfly-undertow-15.0.1.Final.jar
[INFO] Downloaded: http://nexus-common.apps.ocp-eu2.prod.nextcle.com/repository/java/org/jboss/threads/jboss-threads/2.3.2.Final/jboss-threads-2.3.2.Final.jar (166 kB at 29 kB/s)
[INFO] Downloading: http://nexus-common.apps.ocp-eu2.prod.nextcle.com/repository/java/org/wildfly/wildfly-http-client/wildfly-http-transaction-client/1.0.12.Final/wildfly-http-transaction-client-1.0.12.Final.jar
[INFO] Downloaded: http://nexus-common.apps.ocp-eu2.prod.nextcle.com/repository/java/org/wildfly/wildfly-http-client/wildfly-http-transaction-client/1.0.12.Final/wildfly-http-transaction-client-1.0.12.Final.jar (39 kB at 6.6 kB/s)
[INFO] Downloading: http://nexus-common.apps.ocp-eu2.prod.nextcle.com/repository/java/org/wildfly/core/wildfly-io/7.0.0.Final/wildfly-io-7.0.0.Final.jar
[INFO] Downloaded: http://nexus-common.apps.ocp-eu2.prod.nextcle.com/repository/java/org/wildfly/wildfly-undertow/15.0.1.Final/wildfly-undertow-15.0.1.Final.jar (866 kB at 146 kB/s)
[INFO] Downloading: http://nexus-common.apps.ocp-eu2.prod.nextcle.com/repository/java/org/jboss/jboss-iiop-client/1.0.1.Final/jboss-iiop-client-1.0.1.Final.jar
[INFO] Downloaded: http://nexus-common.apps.ocp-eu2.prod.nextcle.com/repository/java/org/wildfly/core/wildfly-controller/7.0.0.Final/wildfly-controller-7.0.0.Final.jar (2.0 MB at 343 kB/s)
[INFO] Downloading: http://nexus-common.apps.ocp-eu2.prod.nextcle.com/repository/java/commons-codec/commons-codec/1.10/commons-codec-1.10.jar
[INFO] Downloaded: http://nexus-common.apps.ocp-eu2.prod.nextcle.com/repository/java/commons-codec/commons-codec/1.10/commons-codec-1.10.jar (284 kB at 47 kB/s)
[INFO] Downloading: http://nexus-common.apps.ocp-eu2.prod.nextcle.com/repository/java/com/sun/istack/istack-commons-runtime/3.0.7/istack-commons-runtime-3.0.7.jar
[INFO] Downloaded: http://nexus-common.apps.ocp-eu2.prod.nextcle.com/repository/java/com/sun/istack/istack-commons-runtime/3.0.7/istack-commons-runtime-3.0.7.jar (26 kB at 4.2 kB/s)
[INFO] Downloading: http://nexus-common.apps.ocp-eu2.prod.nextcle.com/repository/java/org/jboss/xnio/xnio-nio/3.6.5.Final/xnio-nio-3.6.5.Final.jar
[INFO] Downloaded: http://nexus-common.apps.ocp-eu2.prod.nextcle.com/repository/java/org/wildfly/core/wildfly-io/7.0.0.Final/wildfly-io-7.0.0.Final.jar (83 kB at 14 kB/s)
[INFO] Downloading: http://nexus-common.apps.ocp-eu2.prod.nextcle.com/repository/java/org/jboss/jboss-ejb-client/4.0.12.Final/jboss-ejb-client-4.0.12.Final.jar
[INFO] Downloaded: http://nexus-common.apps.ocp-eu2.prod.nextcle.com/repository/java/org/jboss/xnio/xnio-nio/3.6.5.Final/xnio-nio-3.6.5.Final.jar (121 kB at 20 kB/s)
[INFO] Downloaded: http://nexus-common.apps.ocp-eu2.prod.nextcle.com/repository/java/org/jboss/jboss-ejb-client/4.0.12.Final/jboss-ejb-client-4.0.12.Final.jar (417 kB at 67 kB/s)
[INFO] Downloaded: http://nexus-common.apps.ocp-eu2.prod.nextcle.com/repository/java/org/apache/taglibs/taglibs-standard-impl/1.2.6-RC1/taglibs-standard-impl-1.2.6-RC1.jar (207 kB at 32 kB/s)
[INFO] Downloaded: http://nexus-common.apps.ocp-eu2.prod.nextcle.com/repository/java/org/apache/taglibs/taglibs-standard-spec/1.2.6-RC1/taglibs-standard-spec-1.2.6-RC1.jar (40 kB at 6.2 kB/s)
[INFO] Downloaded: http://nexus-common.apps.ocp-eu2.prod.nextcle.com/repository/java/org/jboss/jboss-iiop-client/1.0.1.Final/jboss-iiop-client-1.0.1.Final.jar (9.0 kB at 1.3 kB/s)
[INFO] Repackaging .war: /tmp/src/target/demo.war
[INFO] Repackaged .war: /tmp/src/target/demo.war
[INFO] ------------------------------------------------------------------------
[INFO] BUILD SUCCESS
[INFO] ------------------------------------------------------------------------
[INFO] Total time: 01:18 min
[INFO] Finished at: 2020-04-27T23:33:54Z
[INFO] Final Memory: 30M/187M
[INFO] ------------------------------------------------------------------------
[WARNING] The requested profile "openshift" could not be activated because it does not exist.
Copying Maven artifacts from /tmp/src/target to /deployments ...
Running: cp *.jar /deployments
... done
time="2020-04-27T23:33:55Z" level=warning msg="pkg/chroot: error unmounting \"/tmp/buildah684442930/mnt/rootfs\": error checking if \"/tmp/buildah684442930/mnt/rootfs/sys/fs/cgroup/hugetlb\" is mounted: no such file or directory"
time="2020-04-27T23:33:55Z" level=warning msg="pkg/bind: error unmounting \"/tmp/buildah684442930/mnt/rootfs\": error checking if \"/tmp/buildah684442930/mnt/rootfs/sys/fs/cgroup/hugetlb\" is mounted: no such file or directory"
STEP 9: CMD /usr/local/s2i/run
STEP 10: COMMIT temp.builder.openshift.io/hesham-el-mahdy-ibm-com-manage-builds/jhost-1:451ce414
Getting image source signatures
Copying blob sha256:366de6e5861ac8e9dab3ba7c11f61fd031ca7406689315873e7d1cf7f0714262
Copying blob sha256:00860a9b126fa4deaff64c3ff44c02565ba363bf1c953b97e9012e48637bd5c0
Copying blob sha256:dd922da151674db05d1412138f282e692d9bc58ffab77698a546abbfb3ed16a3
Copying blob sha256:6fd9d7f4caa707575163de700c34a0f5345de090d57240e6567d3cd9c9dcdff8
Copying blob sha256:d926703ea13f2c10e518614b731de824f5e153cb18c8e0013a8c51f14d66e0c3
Copying blob sha256:6f95e6ac278344a25a3b688d2d7ca468549384543d13461b5719c40a2a8fec0d
Copying config sha256:c41fdded27796d862af4bbd9047927415bc22e3071765bf368ebb9cc2a02f109
Writing manifest to image destination
Storing signatures
c41fdded27796d862af4bbd9047927415bc22e3071765bf368ebb9cc2a02f109

Pushing image image-registry.openshift-image-registry.svc:5000/hesham-el-mahdy-ibm-com-manage-builds/jhost:latest ...
Getting image source signatures
Copying blob sha256:6f95e6ac278344a25a3b688d2d7ca468549384543d13461b5719c40a2a8fec0d
Copying blob sha256:f4350d5126d0895bb50c2c082a415ff417578d34508a0ef07ec20cebf661ebb7
Copying blob sha256:e17262bc23414bd3c0e9808ad7a87b055fe5afec386da42115a839ea2083d233
Copying blob sha256:8d9c78c7f9887170d08c57ec73b21e469b4120682a2e82883217535294878c5d
Copying blob sha256:ff675fb12750095d377db23232ae2b63df8026ecf3008fcbe5c82431773e573a
Copying blob sha256:378837c0e24ad4a2e33f0eb3d68dc0c31d9a7dbbd5357d4acafec1d3a7930602

Copying config sha256:c41fdded27796d862af4bbd9047927415bc22e3071765bf368ebb9cc2a02f109
Writing manifest to image destination
Storing signatures
Successfully pushed image-registry.openshift-image-registry.svc:5000/hesham-el-mahdy-ibm-com-manage-builds/jhost@sha256:752008614256b08b242eb9da071e9454967d09954291f4b679af1b5269471a79
Push successful
[student@workstation rest]$ 
[student@workstation rest]$ 

